2026-08-31 21:46:07.427: [INFO] CurrentProfilePath: C:\Users\olive\Projects\koa-website\output\edge-proof-final-mobile\Default
2026-08-31 21:46:07.428: [INFO] Profiles total count: 1
2026-08-31 21:46:07.428: [INFO] Profile: name=Profile 1 path=C:\Users\olive\Projects\koa-website\output\edge-proof-final-mobile\Default lastActive=2026-08-31T21:46:07.400Z
2026-08-31 21:46:07.428: [INFO] LastUsedProfileDir: C:\Users\olive\Projects\koa-website\output\edge-proof-final-mobile\Default
2026-08-31 21:46:07.428: [INFO] MostRecentlyActiveProfile: name=Profile 1 path=C:\Users\olive\Projects\koa-website\output\edge-proof-final-mobile\Default lastActive=2026-08-31T21:46:07.400Z
2026-08-31 21:46:07.428: [INFO] OnDoneLoading sync enabled: 0
2026-08-31 21:46:07.428: [INFO] BookmarkModelLoaded, ids_reassigned: 0
2026-08-31 21:46:07.428: [INFO] BookmarksLoadDropped droppedNodes=0
2026-08-31 21:46:07.428: [INFO] BookmarksSnapshot Startup total=0 bar=0 other=0 mobile=0 showBar=0 showBarNTP=1
2026-08-31 21:46:07.532: [INFO] RecordSyncInitDuration has_sync_been_enabled: 0 state: 0
2026-08-31 21:46:09.275: [INFO] VisibilityChanged: 0
2026-08-31 21:46:09.936: [INFO] RecordSyncInitDuration has_sync_been_enabled: 0 state: 0
2026-08-31 21:46:09.942: [INFO] RecordSyncInitDuration has_sync_been_enabled: 0 state: 3
2026-08-31 21:46:09.948: [INFO] Primary account changed.
2026-08-31 21:46:09.948: [INFO] OnPrimaryAccountChanged PrimaryAccountChangeEvent::Type::kSet
2026-08-31 21:46:09.964: [INFO] RecordSyncInitDuration has_sync_been_enabled: 0 state: 3
2026-08-31 21:46:09.988: [INFO] RecordSyncInitDuration has_sync_been_enabled: 0 state: 3
2026-08-31 21:46:12.220: [INFO] BookmarkNodeAdded, ABU: 0
2026-08-31 21:46:12.222: [INFO] BookmarkNodeAdded, ABU: 0
2026-08-31 21:46:12.223: [INFO] BookmarkNodeAdded, ABU: 0
2026-08-31 21:46:13.024: [INFO] BookmarkNodeAdded, ABU: 0
2026-08-31 21:46:13.026: [INFO] BookmarkNodeAdded, ABU: 0
2026-08-31 21:46:13.026: [INFO] BookmarkNodeAdded, ABU: 0
2026-08-31 21:46:13.027: [INFO] BookmarkNodeAdded, ABU: 0
2026-08-31 21:46:13.028: [INFO] BookmarkNodeAdded, ABU: 0
2026-08-31 21:46:13.028: [INFO] BookmarkNodeAdded, ABU: 0
2026-08-31 21:46:13.029: [INFO] BookmarkNodeAdded, ABU: 0
2026-08-31 21:46:13.030: [INFO] BookmarkNodeAdded, ABU: 0
2026-08-31 21:46:13.030: [INFO] BookmarkNodeAdded, ABU: 0
2026-08-31 21:46:13.031: [INFO] BookmarkNodeAdded, ABU: 0
2026-08-31 21:46:13.031: [INFO] BookmarkNodeAdded, ABU: 0
2026-08-31 21:46:13.032: [INFO] BookmarkNodeAdded, ABU: 0
2026-08-31 21:46:13.033: [INFO] BookmarkNodeAdded, ABU: 0
2026-08-31 21:46:13.033: [INFO] BookmarkNodeAdded, ABU: 0
2026-08-31 21:46:13.034: [INFO] BookmarkNodeAdded, ABU: 0
2026-08-31 21:46:13.035: [INFO] BookmarkNodeAdded, ABU: 0
2026-08-31 21:46:13.035: [INFO] BookmarkNodeAdded, ABU: 0
2026-08-31 21:46:13.036: [INFO] BookmarkNodeAdded, ABU: 0
2026-08-31 21:46:13.036: [INFO] BookmarkNodeAdded, ABU: 0
2026-08-31 21:46:13.037: [INFO] BookmarkNodeAdded, ABU: 0
2026-08-31 21:46:13.037: [INFO] BookmarkNodeAdded, ABU: 0
2026-08-31 21:46:13.038: [INFO] BookmarkNodeAdded, ABU: 0
2026-08-31 21:46:13.039: [INFO] BookmarkNodeAdded, ABU: 0
2026-08-31 21:46:13.039: [INFO] BookmarkNodeAdded, ABU: 0
2026-08-31 21:46:13.040: [INFO] BookmarkNodeAdded, ABU: 0
2026-08-31 21:46:13.041: [INFO] BookmarkNodeAdded, ABU: 0
2026-08-31 21:46:13.041: [INFO] BookmarkNodeAdded, ABU: 0
2026-08-31 21:46:13.042: [INFO] BookmarkNodeAdded, ABU: 0
2026-08-31 21:46:13.043: [INFO] BookmarkNodeAdded, ABU: 0
2026-08-31 21:46:13.044: [INFO] BookmarkNodeAdded, ABU: 0
2026-08-31 21:46:13.045: [INFO] BookmarkNodeAdded, ABU: 0
2026-08-31 21:46:13.045: [INFO] BookmarkNodeAdded, ABU: 0
2026-08-31 21:46:13.046: [INFO] BookmarkNodeAdded, ABU: 0
2026-08-31 21:46:13.046: [INFO] BookmarkNodeAdded, ABU: 0
2026-08-31 21:46:13.048: [INFO] BookmarkNodeAdded, ABU: 0
2026-08-31 21:46:13.049: [INFO] BookmarkNodeAdded, ABU: 0
2026-08-31 21:46:13.050: [INFO] BookmarkNodeAdded, ABU: 0
2026-08-31 21:46:13.051: [INFO] BookmarkNodeAdded, ABU: 0
2026-08-31 21:46:13.051: [INFO] BookmarkNodeAdded, ABU: 0
2026-08-31 21:46:13.052: [INFO] BookmarkNodeAdded, ABU: 0
2026-08-31 21:46:13.053: [INFO] BookmarkNodeAdded, ABU: 0
2026-08-31 21:46:13.053: [INFO] BookmarkNodeAdded, ABU: 0
2026-08-31 21:46:13.054: [INFO] BookmarkNodeAdded, ABU: 0
2026-08-31 21:46:13.054: [INFO] BookmarkNodeAdded, ABU: 0
2026-08-31 21:46:13.055: [INFO] BookmarkNodeAdded, ABU: 0
2026-08-31 21:46:13.055: [INFO] BookmarkNodeAdded, ABU: 0
2026-08-31 21:46:13.056: [INFO] BookmarkNodeAdded, ABU: 0
2026-08-31 21:46:13.057: [INFO] BookmarkNodeAdded, ABU: 0
2026-08-31 21:46:13.057: [INFO] BookmarkNodeAdded, ABU: 0
2026-08-31 21:46:13.058: [INFO] BookmarkNodeAdded, ABU: 0
2026-08-31 21:46:13.059: [INFO] BookmarkNodeAdded, ABU: 0
2026-08-31 21:46:13.060: [INFO] BookmarkNodeAdded, ABU: 0
2026-08-31 21:46:13.061: [INFO] BookmarkNodeAdded, ABU: 0
2026-08-31 21:46:13.061: [INFO] BookmarkNodeAdded, ABU: 0
2026-08-31 21:46:13.062: [INFO] BookmarkNodeAdded, ABU: 0
2026-08-31 21:46:13.063: [INFO] BookmarkNodeAdded, ABU: 0
2026-08-31 21:46:13.063: [INFO] BookmarkNodeAdded, ABU: 0
2026-08-31 21:46:13.064: [INFO] BookmarkNodeAdded, ABU: 0
2026-08-31 21:46:13.064: [INFO] BookmarkNodeAdded, ABU: 0
2026-08-31 21:46:13.065: [INFO] BookmarkNodeAdded, ABU: 0
2026-08-31 21:46:13.066: [INFO] BookmarkNodeAdded, ABU: 0
2026-08-31 21:46:13.066: [INFO] BookmarkNodeAdded, ABU: 0
2026-08-31 21:46:13.067: [INFO] BookmarkNodeAdded, ABU: 0
2026-08-31 21:46:13.067: [INFO] BookmarkNodeAdded, ABU: 0
2026-08-31 21:46:13.068: [INFO] BookmarkNodeAdded, ABU: 0
2026-08-31 21:46:13.068: [INFO] BookmarkNodeAdded, ABU: 0
2026-08-31 21:46:13.069: [INFO] BookmarkNodeAdded, ABU: 0
2026-08-31 21:46:13.069: [INFO] BookmarkNodeAdded, ABU: 0
2026-08-31 21:46:13.070: [INFO] BookmarkNodeAdded, ABU: 0
2026-08-31 21:46:13.070: [INFO] BookmarkNodeAdded, ABU: 0
2026-08-31 21:46:13.071: [INFO] BookmarkNodeAdded, ABU: 0
2026-08-31 21:46:13.071: [INFO] BookmarkNodeAdded, ABU: 0
2026-08-31 21:46:13.072: [INFO] BookmarkNodeAdded, ABU: 0
2026-08-31 21:46:13.072: [INFO] BookmarkNodeAdded, ABU: 0
2026-08-31 21:46:13.073: [INFO] BookmarkNodeAdded, ABU: 0
2026-08-31 21:46:13.073: [INFO] BookmarkNodeAdded, ABU: 0
2026-08-31 21:46:13.074: [INFO] BookmarkNodeAdded, ABU: 0
2026-08-31 21:46:13.074: [INFO] BookmarkNodeAdded, ABU: 0
2026-08-31 21:46:13.077: [INFO] BookmarkNodeAdded, ABU: 0
2026-08-31 21:46:13.078: [INFO] BookmarkNodeAdded, ABU: 0
2026-08-31 21:46:13.079: [INFO] BookmarkNodeAdded, ABU: 0
2026-08-31 21:46:13.079: [INFO] BookmarkNodeAdded, ABU: 0
2026-08-31 21:46:13.080: [INFO] BookmarkNodeAdded, ABU: 0
2026-08-31 21:46:13.081: [INFO] BookmarkNodeAdded, ABU: 0
2026-08-31 21:46:13.081: [INFO] BookmarkNodeAdded, ABU: 0
2026-08-31 21:46:13.082: [INFO] BookmarkNodeAdded, ABU: 0
2026-08-31 21:46:13.083: [INFO] BookmarkNodeAdded, ABU: 0
2026-08-31 21:46:13.083: [INFO] BookmarkNodeAdded, ABU: 0
2026-08-31 21:46:13.083: [INFO] BookmarkNodeAdded, ABU: 0
2026-08-31 21:46:13.084: [INFO] BookmarkNodeAdded, ABU: 0
2026-08-31 21:46:13.084: [INFO] BookmarkNodeAdded, ABU: 0
2026-08-31 21:46:13.085: [INFO] BookmarkNodeAdded, ABU: 0
2026-08-31 21:46:13.086: [INFO] BookmarkNodeAdded, ABU: 0
2026-08-31 21:46:13.086: [INFO] BookmarkNodeAdded, ABU: 0
2026-08-31 21:46:13.087: [INFO] BookmarkNodeAdded, ABU: 0
2026-08-31 21:46:13.087: [INFO] BookmarkNodeAdded, ABU: 0
2026-08-31 21:46:13.088: [INFO] BookmarkNodeAdded, ABU: 0
2026-08-31 21:46:13.089: [INFO] BookmarkNodeAdded, ABU: 0
2026-08-31 21:46:13.089: [INFO] BookmarkNodeAdded, ABU: 0
2026-08-31 21:46:13.090: [INFO] BookmarkNodeAdded, ABU: 0
2026-08-31 21:46:13.091: [INFO] BookmarkNodeAdded, ABU: 0
2026-08-31 21:46:13.094: [INFO] BookmarkNodeAdded, ABU: 0
2026-08-31 21:46:13.095: [INFO] BookmarkNodeAdded, ABU: 0
2026-08-31 21:46:13.096: [INFO] BookmarkNodeAdded, ABU: 0
2026-08-31 21:46:13.097: [INFO] BookmarkNodeAdded, ABU: 0
2026-08-31 21:46:13.097: [INFO] BookmarkNodeAdded, ABU: 0
2026-08-31 21:46:13.098: [INFO] BookmarkNodeAdded, ABU: 0
2026-08-31 21:46:13.099: [INFO] BookmarkNodeAdded, ABU: 0
2026-08-31 21:46:13.099: [INFO] BookmarkNodeAdded, ABU: 0
2026-08-31 21:46:13.100: [INFO] BookmarkNodeAdded, ABU: 0
2026-08-31 21:46:13.100: [INFO] BookmarkNodeAdded, ABU: 0
2026-08-31 21:46:13.101: [INFO] BookmarkNodeAdded, ABU: 0
2026-08-31 21:46:13.101: [INFO] BookmarkNodeAdded, ABU: 0
2026-08-31 21:46:13.102: [INFO] BookmarkNodeAdded, ABU: 0
2026-08-31 21:46:13.102: [INFO] BookmarkNodeAdded, ABU: 0
2026-08-31 21:46:13.103: [INFO] BookmarkNodeAdded, ABU: 0
2026-08-31 21:46:13.104: [INFO] BookmarkNodeAdded, ABU: 0
2026-08-31 21:46:13.105: [INFO] BookmarkNodeAdded, ABU: 0
2026-08-31 21:46:13.105: [INFO] BookmarkNodeAdded, ABU: 0
2026-08-31 21:46:13.106: [INFO] BookmarkNodeAdded, ABU: 0
2026-08-31 21:46:13.107: [INFO] BookmarkNodeAdded, ABU: 0
2026-08-31 21:46:13.113: [INFO] BookmarkNodeAdded, ABU: 0
2026-08-31 21:46:13.113: [INFO] BookmarkNodeAdded, ABU: 0
2026-08-31 21:46:13.114: [INFO] BookmarkNodeAdded, ABU: 0
2026-08-31 21:46:13.114: [INFO] BookmarkNodeAdded, ABU: 0
2026-08-31 21:46:13.116: [INFO] BookmarkNodeAdded, ABU: 0
2026-08-31 21:46:13.116: [INFO] BookmarkNodeAdded, ABU: 0
2026-08-31 21:46:13.117: [INFO] BookmarkNodeAdded, ABU: 0
2026-08-31 21:46:13.117: [INFO] BookmarkNodeAdded, ABU: 0
2026-08-31 21:46:13.118: [INFO] BookmarkNodeAdded, ABU: 0
2026-08-31 21:46:13.119: [INFO] BookmarkNodeAdded, ABU: 0
2026-08-31 21:46:13.119: [INFO] BookmarkNodeAdded, ABU: 0
2026-08-31 21:46:13.120: [INFO] BookmarkNodeAdded, ABU: 0
2026-08-31 21:46:13.120: [INFO] BookmarkNodeAdded, ABU: 0
2026-08-31 21:46:13.121: [INFO] BookmarkNodeAdded, ABU: 0
2026-08-31 21:46:13.122: [INFO] BookmarkNodeAdded, ABU: 0
2026-08-31 21:46:13.122: [INFO] BookmarkNodeAdded, ABU: 0
2026-08-31 21:46:13.123: [INFO] BookmarkNodeAdded, ABU: 0
2026-08-31 21:46:13.123: [INFO] BookmarkNodeAdded, ABU: 0
2026-08-31 21:46:13.124: [INFO] BookmarkNodeAdded, ABU: 0
2026-08-31 21:46:13.125: [INFO] BookmarkNodeAdded, ABU: 0
2026-08-31 21:46:13.126: [INFO] BookmarkNodeAdded, ABU: 0
2026-08-31 21:46:13.126: [INFO] BookmarkNodeAdded, ABU: 0
2026-08-31 21:46:13.127: [INFO] BookmarkNodeAdded, ABU: 0
2026-08-31 21:46:13.128: [INFO] BookmarkNodeAdded, ABU: 0
2026-08-31 21:46:13.128: [INFO] BookmarkNodeAdded, ABU: 0
2026-08-31 21:46:13.129: [INFO] BookmarkNodeAdded, ABU: 0
2026-08-31 21:46:13.130: [INFO] BookmarkNodeAdded, ABU: 0
2026-08-31 21:46:13.130: [INFO] BookmarkNodeAdded, ABU: 0
2026-08-31 21:46:13.131: [INFO] BookmarkNodeAdded, ABU: 0
2026-08-31 21:46:13.131: [INFO] BookmarkNodeAdded, ABU: 0
2026-08-31 21:46:13.132: [INFO] BookmarkNodeAdded, ABU: 0
2026-08-31 21:46:13.132: [INFO] BookmarkNodeAdded, ABU: 0
2026-08-31 21:46:13.133: [INFO] BookmarkNodeAdded, ABU: 0
2026-08-31 21:46:13.134: [INFO] BookmarkNodeAdded, ABU: 0
2026-08-31 21:46:13.134: [INFO] BookmarkNodeAdded, ABU: 0
2026-08-31 21:46:13.135: [INFO] BookmarkNodeAdded, ABU: 0
2026-08-31 21:46:13.135: [INFO] BookmarkNodeAdded, ABU: 0
2026-08-31 21:46:13.136: [INFO] BookmarkNodeAdded, ABU: 0
2026-08-31 21:46:13.136: [INFO] BookmarkNodeAdded, ABU: 0
2026-08-31 21:46:13.137: [INFO] BookmarkNodeAdded, ABU: 0
2026-08-31 21:46:13.137: [INFO] BookmarkNodeAdded, ABU: 0
2026-08-31 21:46:13.138: [INFO] BookmarkNodeAdded, ABU: 0
2026-08-31 21:46:13.138: [INFO] BookmarkNodeAdded, ABU: 0
2026-08-31 21:46:13.139: [INFO] BookmarkNodeAdded, ABU: 0
2026-08-31 21:46:13.139: [INFO] BookmarkNodeAdded, ABU: 0
2026-08-31 21:46:13.140: [INFO] BookmarkNodeAdded, ABU: 0
2026-08-31 21:46:13.141: [INFO] BookmarkNodeAdded, ABU: 0
2026-08-31 21:46:13.142: [INFO] BookmarkNodeAdded, ABU: 0
2026-08-31 21:46:13.142: [INFO] BookmarkNodeAdded, ABU: 0
2026-08-31 21:46:13.143: [INFO] BookmarkNodeAdded, ABU: 0
2026-08-31 21:46:13.144: [INFO] BookmarkNodeAdded, ABU: 0
2026-08-31 21:46:13.144: [INFO] BookmarkNodeAdded, ABU: 0
2026-08-31 21:46:13.145: [INFO] BookmarkNodeAdded, ABU: 0
2026-08-31 21:46:13.146: [INFO] BookmarkNodeAdded, ABU: 0
2026-08-31 21:46:13.146: [INFO] BookmarkNodeAdded, ABU: 0
2026-08-31 21:46:13.147: [INFO] BookmarkNodeAdded, ABU: 0
2026-08-31 21:46:13.147: [INFO] BookmarkNodeAdded, ABU: 0
2026-08-31 21:46:13.148: [INFO] BookmarkNodeAdded, ABU: 0
2026-08-31 21:46:13.148: [INFO] BookmarkNodeAdded, ABU: 0
2026-08-31 21:46:13.149: [INFO] BookmarkNodeAdded, ABU: 0
2026-08-31 21:46:13.149: [INFO] BookmarkNodeAdded, ABU: 0
2026-08-31 21:46:13.150: [INFO] BookmarkNodeAdded, ABU: 0
2026-08-31 21:46:13.151: [INFO] BookmarkNodeAdded, ABU: 0
2026-08-31 21:46:13.151: [INFO] BookmarkNodeAdded, ABU: 0
2026-08-31 21:46:13.152: [INFO] BookmarkNodeAdded, ABU: 0
2026-08-31 21:46:13.152: [INFO] BookmarkNodeAdded, ABU: 0
2026-08-31 21:46:13.153: [INFO] BookmarkNodeAdded, ABU: 0
2026-08-31 21:46:13.153: [INFO] BookmarkNodeAdded, ABU: 0
2026-08-31 21:46:13.154: [INFO] BookmarkNodeAdded, ABU: 0
2026-08-31 21:46:13.154: [INFO] BookmarkNodeAdded, ABU: 0
2026-08-31 21:46:13.155: [INFO] BookmarkNodeAdded, ABU: 0
2026-08-31 21:46:13.155: [INFO] BookmarkNodeAdded, ABU: 0
2026-08-31 21:46:13.156: [INFO] BookmarkNodeAdded, ABU: 0
2026-08-31 21:46:13.156: [INFO] BookmarkNodeAdded, ABU: 0
2026-08-31 21:46:13.157: [INFO] BookmarkNodeAdded, ABU: 0
2026-08-31 21:46:13.157: [INFO] BookmarkNodeAdded, ABU: 0
2026-08-31 21:46:13.161: [INFO] BookmarkNodeAdded, ABU: 0
2026-08-31 21:46:13.162: [INFO] BookmarkNodeAdded, ABU: 0
2026-08-31 21:46:13.162: [INFO] BookmarkNodeAdded, ABU: 0
2026-08-31 21:46:13.163: [INFO] BookmarkNodeAdded, ABU: 0
2026-08-31 21:46:13.164: [INFO] BookmarkNodeAdded, ABU: 0
2026-08-31 21:46:13.164: [INFO] BookmarkNodeAdded, ABU: 0
2026-08-31 21:46:13.165: [INFO] BookmarkNodeAdded, ABU: 0
2026-08-31 21:46:13.166: [INFO] BookmarkNodeAdded, ABU: 0
2026-08-31 21:46:13.166: [INFO] BookmarkNodeAdded, ABU: 0
2026-08-31 21:46:13.167: [INFO] BookmarkNodeAdded, ABU: 0
2026-08-31 21:46:13.167: [INFO] BookmarkNodeAdded, ABU: 0
2026-08-31 21:46:13.168: [INFO] BookmarkNodeAdded, ABU: 0
2026-08-31 21:46:13.168: [INFO] BookmarkNodeAdded, ABU: 0
2026-08-31 21:46:13.169: [INFO] BookmarkNodeAdded, ABU: 0
2026-08-31 21:46:13.170: [INFO] BookmarkNodeAdded, ABU: 0
2026-08-31 21:46:13.170: [INFO] BookmarkNodeAdded, ABU: 0
2026-08-31 21:46:13.171: [INFO] BookmarkNodeAdded, ABU: 0
2026-08-31 21:46:13.171: [INFO] BookmarkNodeAdded, ABU: 0
2026-08-31 21:46:13.172: [INFO] BookmarkNodeAdded, ABU: 0
2026-08-31 21:46:13.172: [INFO] BookmarkNodeAdded, ABU: 0
2026-08-31 21:46:13.173: [INFO] BookmarkNodeAdded, ABU: 0
2026-08-31 21:46:13.173: [INFO] BookmarkNodeAdded, ABU: 0
2026-08-31 21:46:13.174: [INFO] BookmarkNodeAdded, ABU: 0
2026-08-31 21:46:13.176: [INFO] BookmarkNodeAdded, ABU: 0
2026-08-31 21:46:13.177: [INFO] BookmarkNodeAdded, ABU: 0
2026-08-31 21:46:13.177: [INFO] BookmarkNodeAdded, ABU: 0
2026-08-31 21:46:13.178: [INFO] BookmarkNodeAdded, ABU: 0
2026-08-31 21:46:13.179: [INFO] BookmarkNodeAdded, ABU: 0
2026-08-31 21:46:13.179: [INFO] BookmarkNodeAdded, ABU: 0
2026-08-31 21:46:13.180: [INFO] BookmarkNodeAdded, ABU: 0
2026-08-31 21:46:13.181: [INFO] BookmarkNodeAdded, ABU: 0
2026-08-31 21:46:13.181: [INFO] BookmarkNodeAdded, ABU: 0
2026-08-31 21:46:13.182: [INFO] BookmarkNodeAdded, ABU: 0
2026-08-31 21:46:13.182: [INFO] BookmarkNodeAdded, ABU: 0
2026-08-31 21:46:13.183: [INFO] BookmarkNodeAdded, ABU: 0
2026-08-31 21:46:13.183: [INFO] BookmarkNodeAdded, ABU: 0
2026-08-31 21:46:13.184: [INFO] BookmarkNodeAdded, ABU: 0
2026-08-31 21:46:13.185: [INFO] BookmarkNodeAdded, ABU: 0
2026-08-31 21:46:13.185: [INFO] BookmarkNodeAdded, ABU: 0
2026-08-31 21:46:13.186: [INFO] BookmarkNodeAdded, ABU: 0
2026-08-31 21:46:13.186: [INFO] BookmarkNodeAdded, ABU: 0
2026-08-31 21:46:13.187: [INFO] BookmarkNodeAdded, ABU: 0
2026-08-31 21:46:13.187: [INFO] BookmarkNodeAdded, ABU: 0
2026-08-31 21:46:13.188: [INFO] BookmarkNodeAdded, ABU: 0
2026-08-31 21:46:13.189: [INFO] BookmarkNodeAdded, ABU: 0
2026-08-31 21:46:13.190: [INFO] BookmarkNodeAdded, ABU: 0
2026-08-31 21:46:13.190: [INFO] BookmarkNodeAdded, ABU: 0
2026-08-31 21:46:13.191: [INFO] BookmarkNodeAdded, ABU: 0
2026-08-31 21:46:13.192: [INFO] BookmarkNodeAdded, ABU: 0
2026-08-31 21:46:13.192: [INFO] BookmarkNodeAdded, ABU: 0
2026-08-31 21:46:13.193: [INFO] BookmarkNodeAdded, ABU: 0
2026-08-31 21:46:13.194: [INFO] BookmarkNodeAdded, ABU: 0
2026-08-31 21:46:13.194: [INFO] BookmarkNodeAdded, ABU: 0
2026-08-31 21:46:13.195: [INFO] BookmarkNodeAdded, ABU: 0
2026-08-31 21:46:13.196: [INFO] BookmarkNodeAdded, ABU: 0
2026-08-31 21:46:13.196: [INFO] BookmarkNodeAdded, ABU: 0
2026-08-31 21:46:13.197: [INFO] BookmarkNodeAdded, ABU: 0
2026-08-31 21:46:13.197: [INFO] BookmarkNodeAdded, ABU: 0
2026-08-31 21:46:13.198: [INFO] BookmarkNodeAdded, ABU: 0
2026-08-31 21:46:13.198: [INFO] BookmarkNodeAdded, ABU: 0
2026-08-31 21:46:13.199: [INFO] BookmarkNodeAdded, ABU: 0
2026-08-31 21:46:13.199: [INFO] BookmarkNodeAdded, ABU: 0
2026-08-31 21:46:13.200: [INFO] BookmarkNodeAdded, ABU: 0
2026-08-31 21:46:13.200: [INFO] BookmarkNodeAdded, ABU: 0
2026-08-31 21:46:13.201: [INFO] BookmarkNodeAdded, ABU: 0
2026-08-31 21:46:13.202: [INFO] BookmarkNodeAdded, ABU: 0
2026-08-31 21:46:13.202: [INFO] BookmarkNodeMoved
2026-08-31 21:46:13.202: [INFO] BookmarkNodeMoved
2026-08-31 21:46:13.202: [INFO] ReorderChildren, Url: 0, IsFolder: 1, IsWorkspace: 0
2026-08-31 21:46:13.202: [INFO] Remove, DeletionOrigin: 19
2026-08-31 21:46:13.202: [INFO] BookmarkNodeRemoved, Url: 0, IsFolder: 1, IsWorkspace: 0
2026-08-31 21:46:13.203: [INFO] BookmarkNodeAdded, ABU: 0
2026-08-31 21:46:13.203: [INFO] Remove, DeletionOrigin: 19
2026-08-31 21:46:13.203: [INFO] BookmarkNodeRemoved, Url: 1, IsFolder: 0, IsWorkspace: 0
2026-08-31 21:46:13.204: [INFO] BookmarkNodeAdded, ABU: 0
2026-08-31 21:46:13.204: [INFO] Remove, DeletionOrigin: 19
2026-08-31 21:46:13.204: [INFO] BookmarkNodeRemoved, Url: 1, IsFolder: 0, IsWorkspace: 0
2026-08-31 21:46:13.222: [INFO] BookmarkBarPrefChanged showBar=0 showBarNTP=0
2026-08-31 21:46:13.236: [INFO] VisibilityChanged: 1
2026-08-31 21:46:13.627: [INFO] Sync initialization duration: 3477ms
