2026-08-31 21:46:07.640: [INFO] CurrentProfilePath: C:\Users\olive\Projects\koa-website\output\edge-proof-final-desktop\Default
2026-08-31 21:46:07.640: [INFO] Profiles total count: 1
2026-08-31 21:46:07.640: [INFO] Profile: name=Profile 1 path=C:\Users\olive\Projects\koa-website\output\edge-proof-final-desktop\Default lastActive=2026-08-31T21:46:07.383Z
2026-08-31 21:46:07.640: [INFO] LastUsedProfileDir: C:\Users\olive\Projects\koa-website\output\edge-proof-final-desktop\Default
2026-08-31 21:46:07.640: [INFO] MostRecentlyActiveProfile: name=Profile 1 path=C:\Users\olive\Projects\koa-website\output\edge-proof-final-desktop\Default lastActive=2026-08-31T21:46:07.383Z
2026-08-31 21:46:07.640: [INFO] OnDoneLoading sync enabled: 0
2026-08-31 21:46:07.640: [INFO] BookmarkModelLoaded, ids_reassigned: 0
2026-08-31 21:46:07.640: [INFO] BookmarksLoadDropped droppedNodes=0
2026-08-31 21:46:07.640: [INFO] BookmarksSnapshot Startup total=0 bar=0 other=0 mobile=0 showBar=0 showBarNTP=1
2026-08-31 21:46:08.574: [INFO] RecordSyncInitDuration has_sync_been_enabled: 0 state: 0
2026-08-31 21:46:08.914: [INFO] VisibilityChanged: 0
2026-08-31 21:46:09.637: [INFO] RecordSyncInitDuration has_sync_been_enabled: 0 state: 0
2026-08-31 21:46:09.642: [INFO] RecordSyncInitDuration has_sync_been_enabled: 0 state: 3
2026-08-31 21:46:09.648: [INFO] Primary account changed.
2026-08-31 21:46:09.648: [INFO] OnPrimaryAccountChanged PrimaryAccountChangeEvent::Type::kSet
2026-08-31 21:46:09.659: [INFO] RecordSyncInitDuration has_sync_been_enabled: 0 state: 3
2026-08-31 21:46:09.702: [INFO] RecordSyncInitDuration has_sync_been_enabled: 0 state: 3
2026-08-31 21:46:12.076: [INFO] BookmarkNodeAdded, ABU: 0
2026-08-31 21:46:12.080: [INFO] BookmarkNodeAdded, ABU: 0
2026-08-31 21:46:12.081: [INFO] BookmarkNodeAdded, ABU: 0
2026-08-31 21:46:12.551: [INFO] BookmarkNodeAdded, ABU: 0
2026-08-31 21:46:12.551: [INFO] BookmarkNodeAdded, ABU: 0
2026-08-31 21:46:12.552: [INFO] BookmarkNodeAdded, ABU: 0
2026-08-31 21:46:12.553: [INFO] BookmarkNodeAdded, ABU: 0
2026-08-31 21:46:12.553: [INFO] BookmarkNodeAdded, ABU: 0
2026-08-31 21:46:12.554: [INFO] BookmarkNodeAdded, ABU: 0
2026-08-31 21:46:12.555: [INFO] BookmarkNodeAdded, ABU: 0
2026-08-31 21:46:12.556: [INFO] BookmarkNodeAdded, ABU: 0
2026-08-31 21:46:12.557: [INFO] BookmarkNodeAdded, ABU: 0
2026-08-31 21:46:12.557: [INFO] BookmarkNodeAdded, ABU: 0
2026-08-31 21:46:12.559: [INFO] BookmarkNodeAdded, ABU: 0
2026-08-31 21:46:12.560: [INFO] BookmarkNodeAdded, ABU: 0
2026-08-31 21:46:12.560: [INFO] BookmarkNodeAdded, ABU: 0
2026-08-31 21:46:12.561: [INFO] BookmarkNodeAdded, ABU: 0
2026-08-31 21:46:12.562: [INFO] BookmarkNodeAdded, ABU: 0
2026-08-31 21:46:12.562: [INFO] BookmarkNodeAdded, ABU: 0
2026-08-31 21:46:12.563: [INFO] BookmarkNodeAdded, ABU: 0
2026-08-31 21:46:12.563: [INFO] BookmarkNodeAdded, ABU: 0
2026-08-31 21:46:12.564: [INFO] BookmarkNodeAdded, ABU: 0
2026-08-31 21:46:12.565: [INFO] BookmarkNodeAdded, ABU: 0
2026-08-31 21:46:12.565: [INFO] BookmarkNodeAdded, ABU: 0
2026-08-31 21:46:12.566: [INFO] BookmarkNodeAdded, ABU: 0
2026-08-31 21:46:12.567: [INFO] BookmarkNodeAdded, ABU: 0
2026-08-31 21:46:12.567: [INFO] BookmarkNodeAdded, ABU: 0
2026-08-31 21:46:12.568: [INFO] BookmarkNodeAdded, ABU: 0
2026-08-31 21:46:12.568: [INFO] BookmarkNodeAdded, ABU: 0
2026-08-31 21:46:12.569: [INFO] BookmarkNodeAdded, ABU: 0
2026-08-31 21:46:12.569: [INFO] BookmarkNodeAdded, ABU: 0
2026-08-31 21:46:12.570: [INFO] BookmarkNodeAdded, ABU: 0
2026-08-31 21:46:12.570: [INFO] BookmarkNodeAdded, ABU: 0
2026-08-31 21:46:12.571: [INFO] BookmarkNodeAdded, ABU: 0
2026-08-31 21:46:12.572: [INFO] BookmarkNodeAdded, ABU: 0
2026-08-31 21:46:12.572: [INFO] BookmarkNodeAdded, ABU: 0
2026-08-31 21:46:12.573: [INFO] BookmarkNodeAdded, ABU: 0
2026-08-31 21:46:12.574: [INFO] BookmarkNodeAdded, ABU: 0
2026-08-31 21:46:12.579: [INFO] BookmarkNodeAdded, ABU: 0
2026-08-31 21:46:12.580: [INFO] BookmarkNodeAdded, ABU: 0
2026-08-31 21:46:12.581: [INFO] BookmarkNodeAdded, ABU: 0
2026-08-31 21:46:12.582: [INFO] BookmarkNodeAdded, ABU: 0
2026-08-31 21:46:12.582: [INFO] BookmarkNodeAdded, ABU: 0
2026-08-31 21:46:12.583: [INFO] BookmarkNodeAdded, ABU: 0
2026-08-31 21:46:12.583: [INFO] BookmarkNodeAdded, ABU: 0
2026-08-31 21:46:12.584: [INFO] BookmarkNodeAdded, ABU: 0
2026-08-31 21:46:12.584: [INFO] BookmarkNodeAdded, ABU: 0
2026-08-31 21:46:12.584: [INFO] BookmarkNodeMoved
2026-08-31 21:46:12.584: [INFO] BookmarkNodeMoved
2026-08-31 21:46:12.584: [INFO] ReorderChildren, Url: 0, IsFolder: 1, IsWorkspace: 0
2026-08-31 21:46:12.584: [INFO] Remove, DeletionOrigin: 19
2026-08-31 21:46:12.585: [INFO] BookmarkNodeRemoved, Url: 0, IsFolder: 1, IsWorkspace: 0
2026-08-31 21:46:12.585: [INFO] BookmarkNodeAdded, ABU: 0
2026-08-31 21:46:12.585: [INFO] Remove, DeletionOrigin: 19
2026-08-31 21:46:12.585: [INFO] BookmarkNodeRemoved, Url: 1, IsFolder: 0, IsWorkspace: 0
2026-08-31 21:46:12.586: [INFO] BookmarkNodeAdded, ABU: 0
2026-08-31 21:46:12.586: [INFO] Remove, DeletionOrigin: 19
2026-08-31 21:46:12.586: [INFO] BookmarkNodeRemoved, Url: 1, IsFolder: 0, IsWorkspace: 0
2026-08-31 21:46:12.587: [INFO] BookmarkNodeAdded, ABU: 0
2026-08-31 21:46:12.587: [INFO] BookmarkNodeAdded, ABU: 0
2026-08-31 21:46:12.588: [INFO] BookmarkNodeAdded, ABU: 0
2026-08-31 21:46:12.588: [INFO] BookmarkNodeAdded, ABU: 0
2026-08-31 21:46:12.589: [INFO] BookmarkNodeAdded, ABU: 0
2026-08-31 21:46:12.589: [INFO] BookmarkNodeAdded, ABU: 0
2026-08-31 21:46:12.590: [INFO] BookmarkNodeAdded, ABU: 0
2026-08-31 21:46:12.591: [INFO] BookmarkNodeAdded, ABU: 0
2026-08-31 21:46:12.593: [INFO] BookmarkNodeAdded, ABU: 0
2026-08-31 21:46:12.594: [INFO] BookmarkNodeAdded, ABU: 0
2026-08-31 21:46:12.595: [INFO] BookmarkNodeAdded, ABU: 0
2026-08-31 21:46:12.596: [INFO] BookmarkNodeAdded, ABU: 0
2026-08-31 21:46:12.597: [INFO] BookmarkNodeAdded, ABU: 0
2026-08-31 21:46:12.597: [INFO] BookmarkNodeAdded, ABU: 0
2026-08-31 21:46:12.598: [INFO] BookmarkNodeAdded, ABU: 0
2026-08-31 21:46:12.598: [INFO] BookmarkNodeAdded, ABU: 0
2026-08-31 21:46:12.599: [INFO] BookmarkNodeAdded, ABU: 0
2026-08-31 21:46:12.600: [INFO] BookmarkNodeAdded, ABU: 0
2026-08-31 21:46:12.600: [INFO] BookmarkNodeAdded, ABU: 0
2026-08-31 21:46:12.601: [INFO] BookmarkNodeAdded, ABU: 0
2026-08-31 21:46:12.601: [INFO] BookmarkNodeAdded, ABU: 0
2026-08-31 21:46:12.602: [INFO] BookmarkNodeAdded, ABU: 0
2026-08-31 21:46:12.602: [INFO] BookmarkNodeAdded, ABU: 0
2026-08-31 21:46:12.603: [INFO] BookmarkNodeAdded, ABU: 0
2026-08-31 21:46:12.603: [INFO] BookmarkNodeAdded, ABU: 0
2026-08-31 21:46:12.604: [INFO] BookmarkNodeAdded, ABU: 0
2026-08-31 21:46:12.605: [INFO] BookmarkNodeAdded, ABU: 0
2026-08-31 21:46:12.605: [INFO] BookmarkNodeAdded, ABU: 0
2026-08-31 21:46:12.606: [INFO] BookmarkNodeAdded, ABU: 0
2026-08-31 21:46:12.607: [INFO] BookmarkNodeAdded, ABU: 0
2026-08-31 21:46:12.607: [INFO] BookmarkNodeAdded, ABU: 0
2026-08-31 21:46:12.609: [INFO] BookmarkNodeAdded, ABU: 0
2026-08-31 21:46:12.610: [INFO] BookmarkNodeAdded, ABU: 0
2026-08-31 21:46:12.611: [INFO] BookmarkNodeAdded, ABU: 0
2026-08-31 21:46:12.612: [INFO] BookmarkNodeAdded, ABU: 0
2026-08-31 21:46:12.612: [INFO] BookmarkNodeAdded, ABU: 0
2026-08-31 21:46:12.613: [INFO] BookmarkNodeAdded, ABU: 0
2026-08-31 21:46:12.614: [INFO] BookmarkNodeAdded, ABU: 0
2026-08-31 21:46:12.615: [INFO] BookmarkNodeAdded, ABU: 0
2026-08-31 21:46:12.616: [INFO] BookmarkNodeAdded, ABU: 0
2026-08-31 21:46:12.616: [INFO] BookmarkNodeAdded, ABU: 0
2026-08-31 21:46:12.617: [INFO] BookmarkNodeAdded, ABU: 0
2026-08-31 21:46:12.617: [INFO] BookmarkNodeAdded, ABU: 0
2026-08-31 21:46:12.618: [INFO] BookmarkNodeAdded, ABU: 0
2026-08-31 21:46:12.618: [INFO] BookmarkNodeAdded, ABU: 0
2026-08-31 21:46:12.619: [INFO] BookmarkNodeAdded, ABU: 0
2026-08-31 21:46:12.619: [INFO] BookmarkNodeAdded, ABU: 0
2026-08-31 21:46:12.620: [INFO] BookmarkNodeAdded, ABU: 0
2026-08-31 21:46:12.620: [INFO] BookmarkNodeAdded, ABU: 0
2026-08-31 21:46:12.621: [INFO] BookmarkNodeAdded, ABU: 0
2026-08-31 21:46:12.621: [INFO] BookmarkNodeAdded, ABU: 0
2026-08-31 21:46:12.622: [INFO] BookmarkNodeAdded, ABU: 0
2026-08-31 21:46:12.623: [INFO] BookmarkNodeAdded, ABU: 0
2026-08-31 21:46:12.623: [INFO] BookmarkNodeAdded, ABU: 0
2026-08-31 21:46:12.623: [INFO] BookmarkNodeAdded, ABU: 0
2026-08-31 21:46:12.624: [INFO] BookmarkNodeAdded, ABU: 0
2026-08-31 21:46:12.625: [INFO] BookmarkNodeAdded, ABU: 0
2026-08-31 21:46:12.625: [INFO] BookmarkNodeAdded, ABU: 0
2026-08-31 21:46:12.626: [INFO] BookmarkNodeAdded, ABU: 0
2026-08-31 21:46:12.627: [INFO] BookmarkNodeAdded, ABU: 0
2026-08-31 21:46:12.627: [INFO] BookmarkNodeAdded, ABU: 0
2026-08-31 21:46:12.628: [INFO] BookmarkNodeAdded, ABU: 0
2026-08-31 21:46:12.629: [INFO] BookmarkNodeAdded, ABU: 0
2026-08-31 21:46:12.629: [INFO] BookmarkNodeAdded, ABU: 0
2026-08-31 21:46:12.630: [INFO] BookmarkNodeAdded, ABU: 0
2026-08-31 21:46:12.631: [INFO] BookmarkNodeAdded, ABU: 0
2026-08-31 21:46:12.631: [INFO] BookmarkNodeAdded, ABU: 0
2026-08-31 21:46:12.632: [INFO] BookmarkNodeAdded, ABU: 0
2026-08-31 21:46:12.632: [INFO] BookmarkNodeAdded, ABU: 0
2026-08-31 21:46:12.633: [INFO] BookmarkNodeAdded, ABU: 0
2026-08-31 21:46:12.633: [INFO] BookmarkNodeAdded, ABU: 0
2026-08-31 21:46:12.634: [INFO] BookmarkNodeAdded, ABU: 0
2026-08-31 21:46:12.635: [INFO] BookmarkNodeAdded, ABU: 0
2026-08-31 21:46:12.635: [INFO] BookmarkNodeAdded, ABU: 0
2026-08-31 21:46:12.636: [INFO] BookmarkNodeAdded, ABU: 0
2026-08-31 21:46:12.636: [INFO] BookmarkNodeAdded, ABU: 0
2026-08-31 21:46:12.636: [INFO] BookmarkNodeAdded, ABU: 0
2026-08-31 21:46:12.637: [INFO] BookmarkNodeAdded, ABU: 0
2026-08-31 21:46:12.637: [INFO] BookmarkNodeAdded, ABU: 0
2026-08-31 21:46:12.638: [INFO] BookmarkNodeAdded, ABU: 0
2026-08-31 21:46:12.639: [INFO] BookmarkNodeAdded, ABU: 0
2026-08-31 21:46:12.639: [INFO] BookmarkNodeAdded, ABU: 0
2026-08-31 21:46:12.640: [INFO] BookmarkNodeAdded, ABU: 0
2026-08-31 21:46:12.640: [INFO] BookmarkNodeAdded, ABU: 0
2026-08-31 21:46:12.641: [INFO] BookmarkNodeAdded, ABU: 0
2026-08-31 21:46:12.641: [INFO] BookmarkNodeAdded, ABU: 0
2026-08-31 21:46:12.642: [INFO] BookmarkNodeAdded, ABU: 0
2026-08-31 21:46:12.642: [INFO] BookmarkNodeAdded, ABU: 0
2026-08-31 21:46:12.643: [INFO] BookmarkNodeAdded, ABU: 0
2026-08-31 21:46:12.644: [INFO] BookmarkNodeAdded, ABU: 0
2026-08-31 21:46:12.644: [INFO] BookmarkNodeAdded, ABU: 0
2026-08-31 21:46:12.645: [INFO] BookmarkNodeAdded, ABU: 0
2026-08-31 21:46:12.646: [INFO] BookmarkNodeAdded, ABU: 0
2026-08-31 21:46:12.646: [INFO] BookmarkNodeAdded, ABU: 0
2026-08-31 21:46:12.647: [INFO] BookmarkNodeAdded, ABU: 0
2026-08-31 21:46:12.648: [INFO] BookmarkNodeAdded, ABU: 0
2026-08-31 21:46:12.648: [INFO] BookmarkNodeAdded, ABU: 0
2026-08-31 21:46:12.649: [INFO] BookmarkNodeAdded, ABU: 0
2026-08-31 21:46:12.649: [INFO] BookmarkNodeAdded, ABU: 0
2026-08-31 21:46:12.650: [INFO] BookmarkNodeAdded, ABU: 0
2026-08-31 21:46:12.650: [INFO] BookmarkNodeAdded, ABU: 0
2026-08-31 21:46:12.651: [INFO] BookmarkNodeAdded, ABU: 0
2026-08-31 21:46:12.651: [INFO] BookmarkNodeAdded, ABU: 0
2026-08-31 21:46:12.652: [INFO] BookmarkNodeAdded, ABU: 0
2026-08-31 21:46:12.652: [INFO] BookmarkNodeAdded, ABU: 0
2026-08-31 21:46:12.653: [INFO] BookmarkNodeAdded, ABU: 0
2026-08-31 21:46:12.653: [INFO] BookmarkNodeAdded, ABU: 0
2026-08-31 21:46:12.654: [INFO] BookmarkNodeAdded, ABU: 0
2026-08-31 21:46:12.654: [INFO] BookmarkNodeAdded, ABU: 0
2026-08-31 21:46:12.655: [INFO] BookmarkNodeAdded, ABU: 0
2026-08-31 21:46:12.655: [INFO] BookmarkNodeAdded, ABU: 0
2026-08-31 21:46:12.656: [INFO] BookmarkNodeAdded, ABU: 0
2026-08-31 21:46:12.656: [INFO] BookmarkNodeAdded, ABU: 0
2026-08-31 21:46:12.657: [INFO] BookmarkNodeAdded, ABU: 0
2026-08-31 21:46:12.657: [INFO] BookmarkNodeAdded, ABU: 0
2026-08-31 21:46:12.658: [INFO] BookmarkNodeAdded, ABU: 0
2026-08-31 21:46:12.659: [INFO] BookmarkNodeAdded, ABU: 0
2026-08-31 21:46:12.660: [INFO] BookmarkNodeAdded, ABU: 0
2026-08-31 21:46:12.660: [INFO] BookmarkNodeAdded, ABU: 0
2026-08-31 21:46:12.661: [INFO] BookmarkNodeAdded, ABU: 0
2026-08-31 21:46:12.662: [INFO] BookmarkNodeAdded, ABU: 0
2026-08-31 21:46:12.663: [INFO] BookmarkNodeAdded, ABU: 0
2026-08-31 21:46:12.663: [INFO] BookmarkNodeAdded, ABU: 0
2026-08-31 21:46:12.664: [INFO] BookmarkNodeAdded, ABU: 0
2026-08-31 21:46:12.664: [INFO] BookmarkNodeAdded, ABU: 0
2026-08-31 21:46:12.665: [INFO] BookmarkNodeAdded, ABU: 0
2026-08-31 21:46:12.666: [INFO] BookmarkNodeAdded, ABU: 0
2026-08-31 21:46:12.666: [INFO] BookmarkNodeAdded, ABU: 0
2026-08-31 21:46:12.667: [INFO] BookmarkNodeAdded, ABU: 0
2026-08-31 21:46:12.667: [INFO] BookmarkNodeAdded, ABU: 0
2026-08-31 21:46:12.668: [INFO] BookmarkNodeAdded, ABU: 0
2026-08-31 21:46:12.668: [INFO] BookmarkNodeAdded, ABU: 0
2026-08-31 21:46:12.669: [INFO] BookmarkNodeAdded, ABU: 0
2026-08-31 21:46:12.669: [INFO] BookmarkNodeAdded, ABU: 0
2026-08-31 21:46:12.670: [INFO] BookmarkNodeAdded, ABU: 0
2026-08-31 21:46:12.670: [INFO] BookmarkNodeAdded, ABU: 0
2026-08-31 21:46:12.671: [INFO] BookmarkNodeAdded, ABU: 0
2026-08-31 21:46:12.671: [INFO] BookmarkNodeAdded, ABU: 0
2026-08-31 21:46:12.672: [INFO] BookmarkNodeAdded, ABU: 0
2026-08-31 21:46:12.672: [INFO] BookmarkNodeAdded, ABU: 0
2026-08-31 21:46:12.673: [INFO] BookmarkNodeAdded, ABU: 0
2026-08-31 21:46:12.673: [INFO] BookmarkNodeAdded, ABU: 0
2026-08-31 21:46:12.674: [INFO] BookmarkNodeAdded, ABU: 0
2026-08-31 21:46:12.675: [INFO] BookmarkNodeAdded, ABU: 0
2026-08-31 21:46:12.676: [INFO] BookmarkNodeAdded, ABU: 0
2026-08-31 21:46:12.677: [INFO] BookmarkNodeAdded, ABU: 0
2026-08-31 21:46:12.677: [INFO] BookmarkNodeAdded, ABU: 0
2026-08-31 21:46:12.678: [INFO] BookmarkNodeAdded, ABU: 0
2026-08-31 21:46:12.678: [INFO] BookmarkNodeAdded, ABU: 0
2026-08-31 21:46:12.679: [INFO] BookmarkNodeAdded, ABU: 0
2026-08-31 21:46:12.679: [INFO] BookmarkNodeAdded, ABU: 0
2026-08-31 21:46:12.680: [INFO] BookmarkNodeAdded, ABU: 0
2026-08-31 21:46:12.681: [INFO] BookmarkNodeAdded, ABU: 0
2026-08-31 21:46:12.681: [INFO] BookmarkNodeAdded, ABU: 0
2026-08-31 21:46:12.682: [INFO] BookmarkNodeAdded, ABU: 0
2026-08-31 21:46:12.683: [INFO] BookmarkNodeAdded, ABU: 0
2026-08-31 21:46:12.683: [INFO] BookmarkNodeAdded, ABU: 0
2026-08-31 21:46:12.684: [INFO] BookmarkNodeAdded, ABU: 0
2026-08-31 21:46:12.684: [INFO] BookmarkNodeAdded, ABU: 0
2026-08-31 21:46:12.685: [INFO] BookmarkNodeAdded, ABU: 0
2026-08-31 21:46:12.685: [INFO] BookmarkNodeAdded, ABU: 0
2026-08-31 21:46:12.686: [INFO] BookmarkNodeAdded, ABU: 0
2026-08-31 21:46:12.686: [INFO] BookmarkNodeAdded, ABU: 0
2026-08-31 21:46:12.687: [INFO] BookmarkNodeAdded, ABU: 0
2026-08-31 21:46:12.687: [INFO] BookmarkNodeAdded, ABU: 0
2026-08-31 21:46:12.688: [INFO] BookmarkNodeAdded, ABU: 0
2026-08-31 21:46:12.688: [INFO] BookmarkNodeAdded, ABU: 0
2026-08-31 21:46:12.689: [INFO] BookmarkNodeAdded, ABU: 0
2026-08-31 21:46:12.690: [INFO] BookmarkNodeAdded, ABU: 0
2026-08-31 21:46:12.690: [INFO] BookmarkNodeAdded, ABU: 0
2026-08-31 21:46:12.691: [INFO] BookmarkNodeAdded, ABU: 0
2026-08-31 21:46:12.692: [INFO] BookmarkNodeAdded, ABU: 0
2026-08-31 21:46:12.693: [INFO] BookmarkNodeAdded, ABU: 0
2026-08-31 21:46:12.693: [INFO] BookmarkNodeAdded, ABU: 0
2026-08-31 21:46:12.694: [INFO] BookmarkNodeAdded, ABU: 0
2026-08-31 21:46:12.695: [INFO] BookmarkNodeAdded, ABU: 0
2026-08-31 21:46:12.695: [INFO] BookmarkNodeAdded, ABU: 0
2026-08-31 21:46:12.696: [INFO] BookmarkNodeAdded, ABU: 0
2026-08-31 21:46:12.696: [INFO] BookmarkNodeAdded, ABU: 0
2026-08-31 21:46:12.697: [INFO] BookmarkNodeAdded, ABU: 0
2026-08-31 21:46:12.698: [INFO] BookmarkNodeAdded, ABU: 0
2026-08-31 21:46:12.698: [INFO] BookmarkNodeAdded, ABU: 0
2026-08-31 21:46:12.699: [INFO] BookmarkNodeAdded, ABU: 0
2026-08-31 21:46:12.699: [INFO] BookmarkNodeAdded, ABU: 0
2026-08-31 21:46:12.700: [INFO] BookmarkNodeAdded, ABU: 0
2026-08-31 21:46:12.700: [INFO] BookmarkNodeAdded, ABU: 0
2026-08-31 21:46:12.701: [INFO] BookmarkNodeAdded, ABU: 0
2026-08-31 21:46:12.701: [INFO] BookmarkNodeAdded, ABU: 0
2026-08-31 21:46:12.702: [INFO] BookmarkNodeAdded, ABU: 0
2026-08-31 21:46:12.702: [INFO] BookmarkNodeAdded, ABU: 0
2026-08-31 21:46:12.703: [INFO] BookmarkNodeAdded, ABU: 0
2026-08-31 21:46:12.703: [INFO] BookmarkNodeAdded, ABU: 0
2026-08-31 21:46:12.704: [INFO] BookmarkNodeAdded, ABU: 0
2026-08-31 21:46:12.704: [INFO] BookmarkNodeAdded, ABU: 0
2026-08-31 21:46:12.705: [INFO] BookmarkNodeAdded, ABU: 0
2026-08-31 21:46:12.705: [INFO] BookmarkNodeAdded, ABU: 0
2026-08-31 21:46:12.705: [INFO] BookmarkNodeAdded, ABU: 0
2026-08-31 21:46:12.706: [INFO] BookmarkNodeAdded, ABU: 0
2026-08-31 21:46:12.706: [INFO] BookmarkNodeAdded, ABU: 0
2026-08-31 21:46:12.707: [INFO] BookmarkNodeAdded, ABU: 0
2026-08-31 21:46:12.708: [INFO] BookmarkNodeAdded, ABU: 0
2026-08-31 21:46:12.709: [INFO] BookmarkNodeAdded, ABU: 0
2026-08-31 21:46:12.709: [INFO] BookmarkNodeAdded, ABU: 0
2026-08-31 21:46:12.710: [INFO] BookmarkNodeAdded, ABU: 0
2026-08-31 21:46:12.710: [INFO] BookmarkNodeAdded, ABU: 0
2026-08-31 21:46:12.711: [INFO] BookmarkNodeAdded, ABU: 0
2026-08-31 21:46:12.711: [INFO] BookmarkNodeAdded, ABU: 0
2026-08-31 21:46:12.712: [INFO] BookmarkNodeAdded, ABU: 0
2026-08-31 21:46:12.713: [INFO] BookmarkNodeAdded, ABU: 0
2026-08-31 21:46:12.713: [INFO] BookmarkNodeAdded, ABU: 0
2026-08-31 21:46:12.714: [INFO] BookmarkNodeAdded, ABU: 0
2026-08-31 21:46:12.714: [INFO] BookmarkNodeAdded, ABU: 0
2026-08-31 21:46:12.715: [INFO] BookmarkNodeAdded, ABU: 0
2026-08-31 21:46:12.715: [INFO] BookmarkNodeAdded, ABU: 0
2026-08-31 21:46:12.716: [INFO] BookmarkNodeAdded, ABU: 0
2026-08-31 21:46:12.716: [INFO] BookmarkNodeAdded, ABU: 0
2026-08-31 21:46:12.717: [INFO] BookmarkNodeAdded, ABU: 0
2026-08-31 21:46:12.717: [INFO] BookmarkNodeAdded, ABU: 0
2026-08-31 21:46:12.718: [INFO] BookmarkNodeAdded, ABU: 0
2026-08-31 21:46:12.737: [INFO] BookmarkBarPrefChanged showBar=0 showBarNTP=0
2026-08-31 21:46:12.770: [INFO] VisibilityChanged: 1
2026-08-31 21:46:13.232: [INFO] Sync initialization duration: 3335ms
