{"logTime": "0831/214337", "correlationVector":"c3xh8GEF3DJ8wwqu4ai48b.1","action":"SyncServerConnectionManagerRequest", "result":"SYNC_SERVER_OK", "context":{"environment":"Prod_eastus2_prod-s01-050-nam-eastus2", "migrationStage":"NotStarted", "server":"akswtt1160000ak"}}
{"logTime": "0831/214337", "correlationVector":"c3xh8GEF3DJ8wwqu4ai48b.2","action":"ProcessGetUpdates", "result":"Done", "context":{"dataType":"Encryption Keys", "deleted":"0", "process_failed_to_decrypt":"0", "process_pending_decryption":"0", "process_success":"1", "total":"1"}}
{"logTime": "0831/214337", "correlationVector":"AHqYwGDe+BCK0x083/lQ/6","action":"SyncServerConnectionManagerRequest", "result":"SYNC_SERVER_OK", "context":{"environment":"", "migrationStage":"", "server":""}}
{"logTime": "0831/214337", "correlationVector":"AHqYwGDe+BCK0x083/lQ/6.0","action":"EncryptionKeysFetcher.DownloadKeys:", "result":"Success", "context":Key count: 9, Last key timestamp: 2026-03-23T23:24:04Z}
{"logTime": "0831/214337", "correlationVector":"AHqYwGDe+BCK0x083/lQ/6.1","action":"EncryptionKeysManager::SetEncryptionKeys:", "result":"Success", "context":Key names[9]:[usCqlVVt1nCpKtRzJxGiHBoMQlaOJP9loA/eMIMFMkb5yNQoxIqwj0P24I2Ez8pJOil/Ne/wPDLSHfh5Lhyu5w==][GhJ197JLjshYazNQ+T5up3kmzQKuXJ0hdK4uo3m76i2bDqyEXvtz8XYM4sL8rA072BOVm77uiFoUOYThzm2cMA==][NM5x/66Svzaiim7txaq7HEJR3rIGrV9MhmKQklg0WIszJTtRAbF8V9n9cDI6TiRLJLVM1c6P32pj1nnavss48w==][tz3wlKl1y3cAtEocL+91DSLHLC5e0cV8C271m4RKiYHXQp3NU/fGK4O6imwDPquj9wLAdBO3sm5S9UZC/U0qww==][DSO4J2X/NrpjJ+YMfNriQZTWMW+n9IrhipFnFPDRWEYN3lXwy61jVYnP6lLKyjBBx++PVBjCm6MYZLQfuEFpJg==][oixvb6MZ07Guv8VNfFkThyCAsbQ65dFEv5YNKSRc82zf/TcKbtUBhRtPTUSvroSTxA24wbhUsiVys4XPUYEMlw==][gi/Sr8/D4cbaVfrwuKYMxVYtNXUNyOVYElzEqWVfeuNt1WwbQRgSw2m5kiFg3YkOnpzJkq7bzJ6ZMycUtoy92A==][vfJvuC+P3KOejeb7l9r4UeQzY0ONG06ToTd1JgANiY1CWMJ+09MicZ8D0dOpyb6dRmnet/b63Tmgg3AD5FcI3w==][KbcN8N77v/h3m+TzZwxdC4AbylpPx8J0mCgYAkAf0APLt4WwDL4Eb9AFzL386ooh3ZWSWCCqGuObDNhPKmLIeQ==]}
{"logTime": "0831/214337", "correlationVector":"AHqYwGDe+BCK0x083/lQ/6.2","action":"EncryptionKeysManager::SetEncryptionKeysWithTimestamps:", "result":"Success", "context":Key timestamps[9]:[2021-08-30T18:26:24Z][2021-11-07T22:22:36Z][2021-11-30T00:29:53Z][2022-09-19T03:07:21Z][2023-03-29T17:42:50Z][2023-09-29T03:53:06Z][2024-04-05T22:14:29Z][2024-10-29T12:40:45Z][2026-03-23T23:24:04Z]}
{"logTime": "0831/214337", "correlationVector":"c3xh8GEF3DJ8wwqu4ai48b","action":"Initial GetUpdates", "result":"", "context":Reason: NEW_CLIENT. cV=c3xh8GEF3DJ8wwqu4ai48b}
{"logTime": "0831/214337", "correlationVector":"c3xh8GEF3DJ8wwqu4ai48b.3","action":"GetUpdates Response", "result":"Success", "context":Received 1 update(s). cV=c3xh8GEF3DJ8wwqu4ai48b.0;server=akswtt1160000ak;cloudType=Consumer;environment=Prod_eastus2_prod-s01-050-nam-eastus2;migrationStage=NotStarted}
{"logTime": "0831/214337", "correlationVector":"aVHLTN7/u78jWw2DDBMOyG","action":"Initial GetUpdates", "result":"", "context":Reason: NEWLY_SUPPORTED_DATATYPE. cV=aVHLTN7/u78jWw2DDBMOyG}
{"logTime": "0831/214338", "correlationVector":"aVHLTN7/u78jWw2DDBMOyG.1","action":"SyncServerConnectionManagerRequest", "result":"SYNC_SERVER_OK", "context":{"environment":"Prod_eastus2_prod-s01-050-nam-eastus2", "migrationStage":"NotStarted", "server":"akswtt11600001b"}}
{"logTime": "0831/214338", "correlationVector":"aVHLTN7/u78jWw2DDBMOyG.2","action":"ProcessGetUpdates", "result":"Done", "context":{"dataType":"Passwords", "deleted":"1", "process_failed_to_decrypt":"0", "process_pending_decryption":"0", "process_success":"233", "total":"233"}}
{"logTime": "0831/214338", "correlationVector":"aVHLTN7/u78jWw2DDBMOyG.3","action":"ProcessGetUpdates", "result":"Done", "context":{"dataType":"Device Info", "deleted":"0", "process_failed_to_decrypt":"0", "process_pending_decryption":"0", "process_success":"6", "total":"6"}}
{"logTime": "0831/214338", "correlationVector":"aVHLTN7/u78jWw2DDBMOyG.4","action":"GetUpdates Response", "result":"Success", "context":Received 239 update(s). cV=aVHLTN7/u78jWw2DDBMOyG.0;server=akswtt11600001b;cloudType=Consumer;environment=Prod_eastus2_prod-s01-050-nam-eastus2;migrationStage=NotStarted}
{"logTime": "0831/214338", "correlationVector":"c8ZXv6l7ZufMnZF07aUpI2","action":"Initial GetUpdates", "result":"", "context":Reason: NEWLY_SUPPORTED_DATATYPE. cV=c8ZXv6l7ZufMnZF07aUpI2}
{"logTime": "0831/214338", "correlationVector":"c8ZXv6l7ZufMnZF07aUpI2.1","action":"SyncServerConnectionManagerRequest", "result":"SYNC_SERVER_OK", "context":{"environment":"Prod_eastus2_prod-s01-050-nam-eastus2", "migrationStage":"NotStarted", "server":"akswtt11600001s"}}
{"logTime": "0831/214338", "correlationVector":"c8ZXv6l7ZufMnZF07aUpI2.2","action":"ProcessGetUpdates", "result":"Done", "context":{"dataType":"Bookmarks", "deleted":"0", "process_failed_to_decrypt":"0", "process_pending_decryption":"0", "process_success":"238", "total":"238"}}
{"logTime": "0831/214338", "correlationVector":"c8ZXv6l7ZufMnZF07aUpI2.3","action":"ProcessGetUpdates", "result":"Done", "context":{"dataType":"Preferences", "deleted":"0", "process_failed_to_decrypt":"0", "process_pending_decryption":"0", "process_success":"21", "total":"21"}}
{"logTime": "0831/214338", "correlationVector":"c8ZXv6l7ZufMnZF07aUpI2.4","action":"ProcessGetUpdates", "result":"Done", "context":{"dataType":"Autofill", "deleted":"0", "process_failed_to_decrypt":"0", "process_pending_decryption":"0", "process_success":"1", "total":"1"}}
{"logTime": "0831/214338", "correlationVector":"c8ZXv6l7ZufMnZF07aUpI2.5","action":"ProcessGetUpdates", "result":"Done", "context":{"dataType":"Extensions", "deleted":"0", "process_failed_to_decrypt":"0", "process_pending_decryption":"0", "process_success":"1", "total":"1"}}
{"logTime": "0831/214338", "correlationVector":"c8ZXv6l7ZufMnZF07aUpI2.6","action":"ProcessGetUpdates", "result":"Done", "context":{"dataType":"Extension settings", "deleted":"0", "process_failed_to_decrypt":"0", "process_pending_decryption":"0", "process_success":"7", "total":"7"}}
{"logTime": "0831/214338", "correlationVector":"c8ZXv6l7ZufMnZF07aUpI2.7","action":"GetUpdates Response", "result":"Success", "context":Received 268 update(s). cV=c8ZXv6l7ZufMnZF07aUpI2.0;server=akswtt11600001s;cloudType=Consumer;environment=Prod_eastus2_prod-s01-050-nam-eastus2;migrationStage=NotStarted Some updates remain.}
{"logTime": "0831/214338", "correlationVector":"Q3/MqvM0LZLhp5FYJQnBmi","action":"Initial GetUpdates", "result":"", "context":Reason: NEWLY_SUPPORTED_DATATYPE. cV=Q3/MqvM0LZLhp5FYJQnBmi}
{"logTime": "0831/214339", "correlationVector":"Q3/MqvM0LZLhp5FYJQnBmi.1","action":"SyncServerConnectionManagerRequest", "result":"SYNC_SERVER_OK", "context":{"environment":"Prod_eastus2_prod-s01-050-nam-eastus2", "migrationStage":"NotStarted", "server":"akswtt11600000x"}}
{"logTime": "0831/214339", "correlationVector":"Q3/MqvM0LZLhp5FYJQnBmi.2","action":"ProcessGetUpdates", "result":"Done", "context":{"dataType":"Bookmarks", "deleted":"0", "process_failed_to_decrypt":"0", "process_pending_decryption":"0", "process_success":"33", "total":"33"}}
{"logTime": "0831/214339", "correlationVector":"Q3/MqvM0LZLhp5FYJQnBmi.3","action":"ProcessGetUpdates", "result":"Done", "context":{"dataType":"Preferences", "deleted":"0", "process_failed_to_decrypt":"0", "process_pending_decryption":"0", "process_success":"66", "total":"66"}}
{"logTime": "0831/214339", "correlationVector":"Q3/MqvM0LZLhp5FYJQnBmi.4","action":"ProcessGetUpdates", "result":"Done", "context":{"dataType":"Autofill", "deleted":"0", "process_failed_to_decrypt":"0", "process_pending_decryption":"0", "process_success":"9", "total":"9"}}
{"logTime": "0831/214339", "correlationVector":"Q3/MqvM0LZLhp5FYJQnBmi.5","action":"ProcessGetUpdates", "result":"Done", "context":{"dataType":"Extensions", "deleted":"0", "process_failed_to_decrypt":"0", "process_pending_decryption":"0", "process_success":"10", "total":"10"}}
{"logTime": "0831/214339", "correlationVector":"Q3/MqvM0LZLhp5FYJQnBmi.6","action":"ProcessGetUpdates", "result":"Done", "context":{"dataType":"Sessions", "deleted":"44", "process_failed_to_decrypt":"0", "process_pending_decryption":"0", "process_success":"45", "total":"45"}}
{"logTime": "0831/214339", "correlationVector":"Q3/MqvM0LZLhp5FYJQnBmi.7","action":"ProcessGetUpdates", "result":"Done", "context":{"dataType":"Edge Hub App Usage", "deleted":"0", "process_failed_to_decrypt":"0", "process_pending_decryption":"0", "process_success":"10", "total":"10"}}
