
  vinext dev  (Vite 8.0.13)

11:29:42 AM [vite] (rsc) Re-optimizing dependencies because vite config has changed
11:29:42 AM [vite] (ssr) Re-optimizing dependencies because vite config has changed
11:29:44 AM [vite] (rsc) [optimizer] scanning dependencies...
11:29:44 AM [vite] (ssr) [optimizer] scanning dependencies...
11:29:47 AM [vite] (ssr) [optimizer] bundling dependencies...
11:29:48 AM [vite] (rsc) [optimizer] bundling dependencies...
11:29:56 AM [vite] (client) Re-optimizing dependencies because vite config has changed
  ➜  Local:   http://127.0.0.1:3013/
  ➜  Debug:   http://127.0.0.1:3013/__debug
{"event":"http.request","requestId":"d2be0d68-e0d5-4f3b-88a3-ec09f13057d8","method":"GET","path":"/en","latencyMs":1,"timestamp":"2026-09-05T15:29:57.291Z"}
11:29:58 AM [vite] (client) [optimizer] bundling dependencies...
{"event":"http.request","requestId":"f90aa89a-d13a-48b8-8ad6-4ebea0c822ba","method":"GET","path":"/en","latencyMs":0,"timestamp":"2026-09-05T15:29:58.345Z"}
{"event":"http.request","requestId":"1d459ecf-9b21-4ca0-a673-581241b5d8dc","method":"GET","path":"/en","latencyMs":0,"timestamp":"2026-09-05T15:30:00.667Z"}
 GET /en 200 in 956ms (compile: 1788622177.8s, render: 671ms)
{"event":"http.request","requestId":"898edc50-bed0-4850-9f4a-262907ad2f77","method":"GET","path":"/en","latencyMs":0,"timestamp":"2026-09-05T15:30:12.771Z"}
 GET /en 200 in 170ms (compile: 1788622177.7s, render: 127ms)
11:30:19 AM [vite] (rsc) hmr update /app/globals.css
11:30:19 AM [vite] (client) hmr update /app/globals.css?direct
11:30:19 AM [vite] (rsc) hmr update /app/globals.css
11:30:19 AM [vite] (client) hmr update /app/globals.css?direct
11:30:19 AM [vite] (rsc) hmr update /app/globals.css
11:30:19 AM [vite] (client) hmr update /app/globals.css?direct
11:30:19 AM [vite] (rsc) hmr update /app/globals.css
11:30:19 AM [vite] (client) hmr update /app/globals.css?direct
11:30:49 AM [vite] (rsc) hmr update /app/globals.css
11:30:49 AM [vite] (client) hmr update /app/globals.css?direct
11:30:49 AM [vite] (rsc) hmr update /app/globals.css
11:30:49 AM [vite] (client) hmr update /app/globals.css?direct
11:30:49 AM [vite] (rsc) hmr update /app/globals.css
11:30:49 AM [vite] (client) hmr update /app/globals.css?direct
11:30:49 AM [vite] (rsc) hmr update /app/globals.css
11:30:49 AM [vite] (client) hmr update /app/globals.css?direct
11:31:19 AM [vite] (rsc) hmr update /app/globals.css
11:31:19 AM [vite] (client) hmr update /app/globals.css?direct
11:31:19 AM [vite] (rsc) hmr update /app/globals.css
11:31:19 AM [vite] (client) hmr update /app/globals.css?direct
11:31:19 AM [vite] (rsc) hmr update /app/globals.css
11:31:19 AM [vite] (client) hmr update /app/globals.css?direct
11:31:19 AM [vite] (rsc) hmr update /app/globals.css
11:31:19 AM [vite] (client) hmr update /app/globals.css?direct
11:31:49 AM [vite] (rsc) hmr update /app/globals.css
11:31:49 AM [vite] (client) hmr update /app/globals.css?direct
11:31:49 AM [vite] (rsc) hmr update /app/globals.css
11:31:49 AM [vite] (client) hmr update /app/globals.css?direct
11:31:49 AM [vite] (rsc) hmr update /app/globals.css
11:31:49 AM [vite] (client) hmr update /app/globals.css?direct
11:31:49 AM [vite] (rsc) hmr update /app/globals.css
11:31:49 AM [vite] (client) hmr update /app/globals.css?direct
11:32:19 AM [vite] (rsc) hmr update /app/globals.css
11:32:19 AM [vite] (client) hmr update /app/globals.css?direct
11:32:19 AM [vite] (rsc) hmr update /app/globals.css
11:32:19 AM [vite] (client) hmr update /app/globals.css?direct
11:32:19 AM [vite] (rsc) hmr update /app/globals.css
11:32:19 AM [vite] (client) hmr update /app/globals.css?direct
11:32:19 AM [vite] (rsc) hmr update /app/globals.css
11:32:19 AM [vite] (client) hmr update /app/globals.css?direct
11:32:49 AM [vite] (rsc) hmr update /app/globals.css
11:32:49 AM [vite] (client) hmr update /app/globals.css?direct
11:32:49 AM [vite] (rsc) hmr update /app/globals.css
11:32:49 AM [vite] (client) hmr update /app/globals.css?direct
11:32:49 AM [vite] (rsc) hmr update /app/globals.css
11:32:49 AM [vite] (client) hmr update /app/globals.css?direct
11:32:49 AM [vite] (rsc) hmr update /app/globals.css
11:32:49 AM [vite] (client) hmr update /app/globals.css?direct
11:33:19 AM [vite] (rsc) hmr update /app/globals.css
11:33:19 AM [vite] (client) hmr update /app/globals.css?direct
11:33:19 AM [vite] (rsc) hmr update /app/globals.css
11:33:19 AM [vite] (client) hmr update /app/globals.css?direct
11:33:19 AM [vite] (rsc) hmr update /app/globals.css
11:33:19 AM [vite] (client) hmr update /app/globals.css?direct
11:33:19 AM [vite] (rsc) hmr update /app/globals.css
11:33:19 AM [vite] (client) hmr update /app/globals.css?direct
11:33:49 AM [vite] (rsc) hmr update /app/globals.css
11:33:49 AM [vite] (client) hmr update /app/globals.css?direct
11:33:49 AM [vite] (rsc) hmr update /app/globals.css
11:33:49 AM [vite] (client) hmr update /app/globals.css?direct
11:33:49 AM [vite] (rsc) hmr update /app/globals.css
11:33:49 AM [vite] (client) hmr update /app/globals.css?direct
11:33:49 AM [vite] (rsc) hmr update /app/globals.css
11:33:49 AM [vite] (client) hmr update /app/globals.css?direct
11:34:19 AM [vite] (rsc) hmr update /app/globals.css
11:34:19 AM [vite] (client) hmr update /app/globals.css?direct
11:34:19 AM [vite] (rsc) hmr update /app/globals.css
11:34:19 AM [vite] (client) hmr update /app/globals.css?direct
11:34:19 AM [vite] (rsc) hmr update /app/globals.css
11:34:19 AM [vite] (client) hmr update /app/globals.css?direct
11:34:19 AM [vite] (rsc) hmr update /app/globals.css
11:34:19 AM [vite] (client) hmr update /app/globals.css?direct
11:34:42 AM [vite] (rsc) hmr update /app/globals.css
11:34:42 AM [vite] (ssr) page reload components/cinematic/KAGlyphField.tsx
11:34:42 AM [vite] (client) hmr update /app/globals.css?direct, /components/cinematic/KAGlyphField.tsx
[vite] program reload
{"event":"http.request","requestId":"a593b02a-4c36-45a6-bfd0-71a639ceaf7c","method":"GET","path":"/components/cinematic/KAGlyphField.tsx","referrer":"http://127.0.0.1:3013/@vite/client","latencyMs":0,"timestamp":"2026-09-05T15:34:46.206Z"}
11:34:49 AM [vite] (rsc) hmr update /app/globals.css
11:34:49 AM [vite] (client) hmr update /app/globals.css?direct
11:34:49 AM [vite] (rsc) hmr update /app/globals.css
11:34:49 AM [vite] (client) hmr update /app/globals.css?direct
11:34:49 AM [vite] (rsc) hmr update /app/globals.css
11:34:49 AM [vite] (client) hmr update /app/globals.css?direct
11:34:49 AM [vite] (rsc) hmr update /app/globals.css
11:34:49 AM [vite] (client) hmr update /app/globals.css?direct
11:35:19 AM [vite] (rsc) hmr update /app/globals.css
11:35:19 AM [vite] (client) hmr update /app/globals.css?direct
11:35:19 AM [vite] (rsc) hmr update /app/globals.css
11:35:19 AM [vite] (client) hmr update /app/globals.css?direct
11:35:19 AM [vite] (rsc) hmr update /app/globals.css
11:35:19 AM [vite] (client) hmr update /app/globals.css?direct
11:35:19 AM [vite] (rsc) hmr update /app/globals.css
11:35:19 AM [vite] (client) hmr update /app/globals.css?direct
11:35:47 AM [vite] (rsc) hmr update /app/globals.css
11:35:47 AM [vite] (ssr) page reload components/cinematic/KAGlyphField.tsx
11:35:47 AM [vite] (client) hmr update /app/globals.css?direct, /components/cinematic/KAGlyphField.tsx
11:35:49 AM [vite] (rsc) hmr update /app/globals.css
11:35:49 AM [vite] (client) hmr update /app/globals.css?direct
11:35:49 AM [vite] (rsc) hmr update /app/globals.css
11:35:49 AM [vite] (client) hmr update /app/globals.css?direct
11:35:49 AM [vite] (rsc) hmr update /app/globals.css
11:35:49 AM [vite] (client) hmr update /app/globals.css?direct
11:35:49 AM [vite] (rsc) hmr update /app/globals.css
11:35:49 AM [vite] (client) hmr update /app/globals.css?direct
11:36:19 AM [vite] (rsc) hmr update /app/globals.css
11:36:19 AM [vite] (client) hmr update /app/globals.css?direct
11:36:19 AM [vite] (rsc) hmr update /app/globals.css
11:36:19 AM [vite] (client) hmr update /app/globals.css?direct
11:36:19 AM [vite] (rsc) hmr update /app/globals.css
11:36:19 AM [vite] (client) hmr update /app/globals.css?direct
11:36:19 AM [vite] (rsc) hmr update /app/globals.css
11:36:19 AM [vite] (client) hmr update /app/globals.css?direct
11:36:49 AM [vite] (rsc) hmr update /app/globals.css
11:36:49 AM [vite] (client) hmr update /app/globals.css?direct
11:36:49 AM [vite] (rsc) hmr update /app/globals.css
11:36:49 AM [vite] (client) hmr update /app/globals.css?direct
11:36:49 AM [vite] (rsc) hmr update /app/globals.css
11:36:49 AM [vite] (client) hmr update /app/globals.css?direct
11:36:49 AM [vite] (rsc) hmr update /app/globals.css
11:36:49 AM [vite] (client) hmr update /app/globals.css?direct
11:37:19 AM [vite] (rsc) hmr update /app/globals.css
11:37:19 AM [vite] (client) hmr update /app/globals.css?direct
11:37:19 AM [vite] (rsc) hmr update /app/globals.css
11:37:19 AM [vite] (client) hmr update /app/globals.css?direct
11:37:21 AM [vite] (rsc) hmr update /app/globals.css
11:37:21 AM [vite] (client) hmr update /app/globals.css?direct
11:37:21 AM [vite] (rsc) hmr update /app/globals.css
11:37:21 AM [vite] (client) hmr update /app/globals.css?direct
11:37:49 AM [vite] (rsc) hmr update /app/globals.css
11:37:49 AM [vite] (client) hmr update /app/globals.css?direct
11:37:49 AM [vite] (rsc) hmr update /app/globals.css
11:37:49 AM [vite] (client) hmr update /app/globals.css?direct
11:37:51 AM [vite] (rsc) hmr update /app/globals.css
11:37:51 AM [vite] (client) hmr update /app/globals.css?direct
11:37:51 AM [vite] (rsc) hmr update /app/globals.css
11:37:51 AM [vite] (client) hmr update /app/globals.css?direct
11:37:54 AM [vite] (rsc) hmr update /app/globals.css
11:37:54 AM [vite] (client) hmr update /app/globals.css?direct
11:37:54 AM [vite] (rsc) hmr update /app/globals.css
11:37:54 AM [vite] (client) hmr update /app/globals.css?direct
11:38:19 AM [vite] (rsc) hmr update /app/globals.css
11:38:19 AM [vite] (client) hmr update /app/globals.css?direct
11:38:19 AM [vite] (rsc) hmr update /app/globals.css
11:38:19 AM [vite] (client) hmr update /app/globals.css?direct
11:38:21 AM [vite] (rsc) hmr update /app/globals.css
11:38:21 AM [vite] (client) hmr update /app/globals.css?direct
11:38:21 AM [vite] (rsc) hmr update /app/globals.css
11:38:21 AM [vite] (client) hmr update /app/globals.css?direct
11:38:49 AM [vite] (rsc) hmr update /app/globals.css
11:38:49 AM [vite] (client) hmr update /app/globals.css?direct
11:38:49 AM [vite] (rsc) hmr update /app/globals.css
11:38:49 AM [vite] (client) hmr update /app/globals.css?direct
11:38:50 AM [vite] (rsc) hmr update /app/globals.css
11:38:50 AM [vite] (client) hmr update /app/globals.css?direct
11:38:51 AM [vite] (rsc) hmr update /app/globals.css
11:38:51 AM [vite] (client) hmr update /app/globals.css?direct
11:38:51 AM [vite] (rsc) hmr update /app/globals.css
11:38:51 AM [vite] (client) hmr update /app/globals.css?direct
{"event":"http.request","requestId":"62766ae6-3793-4164-b1a6-39a0121f55b1","method":"GET","path":"/en","latencyMs":0,"timestamp":"2026-09-05T15:39:02.723Z"}
 GET /en 200 in 2.5s (compile: 1788622179.1s, render: 845ms)
11:39:19 AM [vite] (rsc) hmr update /app/globals.css
11:39:19 AM [vite] (client) hmr update /app/globals.css?direct
11:39:19 AM [vite] (rsc) hmr update /app/globals.css
11:39:19 AM [vite] (client) hmr update /app/globals.css?direct
11:39:21 AM [vite] (rsc) hmr update /app/globals.css
11:39:21 AM [vite] (client) hmr update /app/globals.css?direct
11:39:21 AM [vite] (rsc) hmr update /app/globals.css
11:39:21 AM [vite] (client) hmr update /app/globals.css?direct
11:39:49 AM [vite] (rsc) hmr update /app/globals.css
11:39:49 AM [vite] (client) hmr update /app/globals.css?direct
11:39:49 AM [vite] (rsc) hmr update /app/globals.css
11:39:49 AM [vite] (client) hmr update /app/globals.css?direct
11:39:51 AM [vite] (rsc) hmr update /app/globals.css
11:39:51 AM [vite] (client) hmr update /app/globals.css?direct
11:39:51 AM [vite] (rsc) hmr update /app/globals.css
11:39:51 AM [vite] (client) hmr update /app/globals.css?direct
11:40:19 AM [vite] (rsc) hmr update /app/globals.css
11:40:19 AM [vite] (client) hmr update /app/globals.css?direct
11:40:19 AM [vite] (rsc) hmr update /app/globals.css
11:40:19 AM [vite] (client) hmr update /app/globals.css?direct
11:40:21 AM [vite] (rsc) hmr update /app/globals.css
11:40:21 AM [vite] (client) hmr update /app/globals.css?direct
11:40:21 AM [vite] (rsc) hmr update /app/globals.css
11:40:21 AM [vite] (client) hmr update /app/globals.css?direct
11:40:49 AM [vite] (rsc) hmr update /app/globals.css
11:40:49 AM [vite] (client) hmr update /app/globals.css?direct
11:40:49 AM [vite] (rsc) hmr update /app/globals.css
11:40:49 AM [vite] (client) hmr update /app/globals.css?direct
11:40:51 AM [vite] (rsc) hmr update /app/globals.css
11:40:51 AM [vite] (client) hmr update /app/globals.css?direct
11:40:51 AM [vite] (rsc) hmr update /app/globals.css
11:40:51 AM [vite] (client) hmr update /app/globals.css?direct
11:41:19 AM [vite] (rsc) hmr update /app/globals.css
11:41:19 AM [vite] (client) hmr update /app/globals.css?direct
11:41:19 AM [vite] (rsc) hmr update /app/globals.css
11:41:19 AM [vite] (client) hmr update /app/globals.css?direct
11:41:21 AM [vite] (rsc) hmr update /app/globals.css
11:41:21 AM [vite] (client) hmr update /app/globals.css?direct
11:41:21 AM [vite] (rsc) hmr update /app/globals.css
11:41:21 AM [vite] (client) hmr update /app/globals.css?direct
11:41:49 AM [vite] (rsc) hmr update /app/globals.css
11:41:49 AM [vite] (client) hmr update /app/globals.css?direct
11:41:49 AM [vite] (rsc) hmr update /app/globals.css
11:41:49 AM [vite] (client) hmr update /app/globals.css?direct
11:41:51 AM [vite] (rsc) hmr update /app/globals.css
11:41:51 AM [vite] (client) hmr update /app/globals.css?direct
11:41:51 AM [vite] (rsc) hmr update /app/globals.css
11:41:51 AM [vite] (client) hmr update /app/globals.css?direct
{"event":"http.request","requestId":"68a0b293-188e-486f-9e48-4c4dc81b4e2e","method":"GET","path":"/en","latencyMs":0,"timestamp":"2026-09-05T15:42:18.273Z"}
 GET /en 200 in 2.9s (compile: 1788622179.9s, render: 676ms)
11:42:19 AM [vite] (rsc) hmr update /app/globals.css
11:42:19 AM [vite] (client) hmr update /app/globals.css?direct
11:42:19 AM [vite] (rsc) hmr update /app/globals.css
11:42:19 AM [vite] (client) hmr update /app/globals.css?direct
11:42:21 AM [vite] (rsc) hmr update /app/globals.css
11:42:21 AM [vite] (client) hmr update /app/globals.css?direct
11:42:21 AM [vite] (rsc) hmr update /app/globals.css
11:42:21 AM [vite] (client) hmr update /app/globals.css?direct
11:42:44 AM [vite] (rsc) hmr update /app/globals.css
11:42:44 AM [vite] (client) hmr update /app/globals.css?direct
11:42:49 AM [vite] (rsc) hmr update /app/globals.css
11:42:49 AM [vite] (client) hmr update /app/globals.css?direct
11:42:49 AM [vite] (rsc) hmr update /app/globals.css
11:42:49 AM [vite] (client) hmr update /app/globals.css?direct
11:42:51 AM [vite] (rsc) hmr update /app/globals.css
11:42:51 AM [vite] (client) hmr update /app/globals.css?direct
11:42:51 AM [vite] (rsc) hmr update /app/globals.css
11:42:51 AM [vite] (client) hmr update /app/globals.css?direct
11:43:19 AM [vite] (rsc) hmr update /app/globals.css
11:43:19 AM [vite] (client) hmr update /app/globals.css?direct
11:43:19 AM [vite] (rsc) hmr update /app/globals.css
11:43:19 AM [vite] (client) hmr update /app/globals.css?direct
11:43:22 AM [vite] (rsc) hmr update /app/globals.css
11:43:22 AM [vite] (client) hmr update /app/globals.css?direct
11:43:22 AM [vite] (rsc) hmr update /app/globals.css
11:43:22 AM [vite] (client) hmr update /app/globals.css?direct
11:43:49 AM [vite] (rsc) hmr update /app/globals.css
11:43:49 AM [vite] (client) hmr update /app/globals.css?direct
11:43:49 AM [vite] (rsc) hmr update /app/globals.css
11:43:49 AM [vite] (client) hmr update /app/globals.css?direct
11:43:52 AM [vite] (rsc) hmr update /app/globals.css
11:43:52 AM [vite] (client) hmr update /app/globals.css?direct
11:43:52 AM [vite] (rsc) hmr update /app/globals.css
11:43:52 AM [vite] (client) hmr update /app/globals.css?direct
11:44:19 AM [vite] (rsc) hmr update /app/globals.css
11:44:19 AM [vite] (client) hmr update /app/globals.css?direct
11:44:19 AM [vite] (rsc) hmr update /app/globals.css
11:44:19 AM [vite] (client) hmr update /app/globals.css?direct
11:44:22 AM [vite] (rsc) hmr update /app/globals.css
11:44:22 AM [vite] (client) hmr update /app/globals.css?direct
11:44:22 AM [vite] (rsc) hmr update /app/globals.css
11:44:22 AM [vite] (client) hmr update /app/globals.css?direct
11:44:39 AM [vite] (rsc) hmr update /app/globals.css
11:44:39 AM [vite] (client) hmr update /app/globals.css?direct
11:44:39 AM [vite] (rsc) hmr update /app/globals.css
11:44:39 AM [vite] (client) hmr update /app/globals.css?direct
11:44:39 AM [vite] (rsc) hmr update /app/globals.css
11:44:39 AM [vite] (client) hmr update /app/globals.css?direct
11:44:39 AM [vite] (rsc) hmr update /app/globals.css
11:44:39 AM [vite] (client) hmr update /app/globals.css?direct
11:44:49 AM [vite] (rsc) hmr update /app/globals.css
11:44:49 AM [vite] (client) hmr update /app/globals.css?direct
11:44:49 AM [vite] (rsc) hmr update /app/globals.css
11:44:49 AM [vite] (client) hmr update /app/globals.css?direct
11:44:54 AM [vite] (rsc) hmr update /app/globals.css
11:44:54 AM [vite] (client) hmr update /app/globals.css?direct
11:44:54 AM [vite] (rsc) hmr update /app/globals.css
11:44:54 AM [vite] (client) hmr update /app/globals.css?direct
11:45:19 AM [vite] (rsc) hmr update /app/globals.css
11:45:19 AM [vite] (client) hmr update /app/globals.css?direct
11:45:19 AM [vite] (rsc) hmr update /app/globals.css
11:45:19 AM [vite] (client) hmr update /app/globals.css?direct
11:45:24 AM [vite] (rsc) hmr update /app/globals.css
11:45:24 AM [vite] (client) hmr update /app/globals.css?direct
11:45:24 AM [vite] (rsc) hmr update /app/globals.css
11:45:24 AM [vite] (client) hmr update /app/globals.css?direct
11:45:49 AM [vite] (rsc) hmr update /app/globals.css
11:45:49 AM [vite] (client) hmr update /app/globals.css?direct
11:45:49 AM [vite] (rsc) hmr update /app/globals.css
11:45:49 AM [vite] (client) hmr update /app/globals.css?direct
