2026-08-31 21:49:28.350: [INFO] CurrentProfilePath: C:\Users\olive\Projects\koa-website\output\edge-proof-final-clean\Default
2026-08-31 21:49:28.350: [INFO] Profiles total count: 1
2026-08-31 21:49:28.350: [INFO] Profile: name=Profile 1 path=C:\Users\olive\Projects\koa-website\output\edge-proof-final-clean\Default lastActive=2026-08-31T21:49:28.309Z
2026-08-31 21:49:28.350: [INFO] LastUsedProfileDir: C:\Users\olive\Projects\koa-website\output\edge-proof-final-clean\Default
2026-08-31 21:49:28.350: [INFO] MostRecentlyActiveProfile: name=Profile 1 path=C:\Users\olive\Projects\koa-website\output\edge-proof-final-clean\Default lastActive=2026-08-31T21:49:28.309Z
2026-08-31 21:49:28.350: [INFO] OnDoneLoading sync enabled: 0
2026-08-31 21:49:28.350: [INFO] BookmarkModelLoaded, ids_reassigned: 0
2026-08-31 21:49:28.350: [INFO] BookmarksLoadDropped droppedNodes=0
2026-08-31 21:49:28.350: [INFO] BookmarksSnapshot Startup total=0 bar=0 other=0 mobile=0 showBar=0 showBarNTP=1
2026-08-31 21:49:28.454: [INFO] RecordSyncInitDuration has_sync_been_enabled: 0 state: 0
2026-08-31 21:49:28.663: [INFO] VisibilityChanged: 0
2026-08-31 21:49:30.625: [INFO] RecordSyncInitDuration has_sync_been_enabled: 0 state: 0
2026-08-31 21:49:30.631: [INFO] RecordSyncInitDuration has_sync_been_enabled: 0 state: 3
2026-08-31 21:49:30.635: [INFO] Primary account changed.
2026-08-31 21:49:30.635: [INFO] OnPrimaryAccountChanged PrimaryAccountChangeEvent::Type::kSet
2026-08-31 21:49:30.654: [INFO] RecordSyncInitDuration has_sync_been_enabled: 0 state: 3
2026-08-31 21:49:30.685: [INFO] RecordSyncInitDuration has_sync_been_enabled: 0 state: 3
2026-08-31 21:49:32.769: [INFO] BookmarkNodeAdded, ABU: 0
2026-08-31 21:49:32.774: [INFO] BookmarkNodeAdded, ABU: 0
2026-08-31 21:49:32.774: [INFO] BookmarkNodeAdded, ABU: 0
2026-08-31 21:49:34.163: [INFO] BookmarkNodeAdded, ABU: 0
2026-08-31 21:49:34.163: [INFO] BookmarkNodeAdded, ABU: 0
2026-08-31 21:49:34.164: [INFO] BookmarkNodeAdded, ABU: 0
2026-08-31 21:49:34.164: [INFO] BookmarkNodeAdded, ABU: 0
2026-08-31 21:49:34.164: [INFO] BookmarkNodeAdded, ABU: 0
2026-08-31 21:49:34.165: [INFO] BookmarkNodeAdded, ABU: 0
2026-08-31 21:49:34.165: [INFO] BookmarkNodeAdded, ABU: 0
2026-08-31 21:49:34.165: [INFO] BookmarkNodeAdded, ABU: 0
2026-08-31 21:49:34.165: [INFO] BookmarkNodeAdded, ABU: 0
2026-08-31 21:49:34.166: [INFO] BookmarkNodeAdded, ABU: 0
2026-08-31 21:49:34.166: [INFO] BookmarkNodeAdded, ABU: 0
2026-08-31 21:49:34.166: [INFO] BookmarkNodeAdded, ABU: 0
2026-08-31 21:49:34.167: [INFO] BookmarkNodeAdded, ABU: 0
2026-08-31 21:49:34.167: [INFO] BookmarkNodeAdded, ABU: 0
2026-08-31 21:49:34.168: [INFO] BookmarkNodeAdded, ABU: 0
2026-08-31 21:49:34.168: [INFO] BookmarkNodeAdded, ABU: 0
2026-08-31 21:49:34.169: [INFO] BookmarkNodeAdded, ABU: 0
2026-08-31 21:49:34.170: [INFO] BookmarkNodeAdded, ABU: 0
2026-08-31 21:49:34.172: [INFO] BookmarkNodeAdded, ABU: 0
2026-08-31 21:49:34.172: [INFO] BookmarkNodeAdded, ABU: 0
2026-08-31 21:49:34.173: [INFO] BookmarkNodeAdded, ABU: 0
2026-08-31 21:49:34.173: [INFO] BookmarkNodeAdded, ABU: 0
2026-08-31 21:49:34.174: [INFO] BookmarkNodeAdded, ABU: 0
2026-08-31 21:49:34.175: [INFO] BookmarkNodeAdded, ABU: 0
2026-08-31 21:49:34.176: [INFO] BookmarkNodeAdded, ABU: 0
2026-08-31 21:49:34.176: [INFO] BookmarkNodeAdded, ABU: 0
2026-08-31 21:49:34.177: [INFO] BookmarkNodeAdded, ABU: 0
2026-08-31 21:49:34.177: [INFO] BookmarkNodeAdded, ABU: 0
2026-08-31 21:49:34.178: [INFO] BookmarkNodeAdded, ABU: 0
2026-08-31 21:49:34.178: [INFO] BookmarkNodeAdded, ABU: 0
2026-08-31 21:49:34.179: [INFO] BookmarkNodeAdded, ABU: 0
2026-08-31 21:49:34.179: [INFO] BookmarkNodeAdded, ABU: 0
2026-08-31 21:49:34.180: [INFO] BookmarkNodeAdded, ABU: 0
2026-08-31 21:49:34.180: [INFO] BookmarkNodeAdded, ABU: 0
2026-08-31 21:49:34.181: [INFO] BookmarkNodeAdded, ABU: 0
2026-08-31 21:49:34.181: [INFO] BookmarkNodeAdded, ABU: 0
2026-08-31 21:49:34.182: [INFO] BookmarkNodeAdded, ABU: 0
2026-08-31 21:49:34.182: [INFO] BookmarkNodeAdded, ABU: 0
2026-08-31 21:49:34.183: [INFO] BookmarkNodeAdded, ABU: 0
2026-08-31 21:49:34.183: [INFO] BookmarkNodeAdded, ABU: 0
2026-08-31 21:49:34.184: [INFO] BookmarkNodeAdded, ABU: 0
2026-08-31 21:49:34.184: [INFO] BookmarkNodeAdded, ABU: 0
2026-08-31 21:49:34.186: [INFO] BookmarkNodeAdded, ABU: 0
2026-08-31 21:49:34.186: [INFO] BookmarkNodeAdded, ABU: 0
2026-08-31 21:49:34.186: [INFO] BookmarkNodeMoved
2026-08-31 21:49:34.186: [INFO] BookmarkNodeMoved
2026-08-31 21:49:34.187: [INFO] ReorderChildren, Url: 0, IsFolder: 1, IsWorkspace: 0
2026-08-31 21:49:34.187: [INFO] Remove, DeletionOrigin: 19
2026-08-31 21:49:34.188: [INFO] BookmarkNodeRemoved, Url: 0, IsFolder: 1, IsWorkspace: 0
2026-08-31 21:49:34.188: [INFO] BookmarkNodeAdded, ABU: 0
2026-08-31 21:49:34.188: [INFO] Remove, DeletionOrigin: 19
2026-08-31 21:49:34.189: [INFO] BookmarkNodeRemoved, Url: 1, IsFolder: 0, IsWorkspace: 0
2026-08-31 21:49:34.190: [INFO] BookmarkNodeAdded, ABU: 0
2026-08-31 21:49:34.190: [INFO] Remove, DeletionOrigin: 19
2026-08-31 21:49:34.190: [INFO] BookmarkNodeRemoved, Url: 1, IsFolder: 0, IsWorkspace: 0
2026-08-31 21:49:34.191: [INFO] BookmarkNodeAdded, ABU: 0
2026-08-31 21:49:34.191: [INFO] BookmarkNodeAdded, ABU: 0
2026-08-31 21:49:34.192: [INFO] BookmarkNodeAdded, ABU: 0
2026-08-31 21:49:34.192: [INFO] BookmarkNodeAdded, ABU: 0
2026-08-31 21:49:34.193: [INFO] BookmarkNodeAdded, ABU: 0
2026-08-31 21:49:34.193: [INFO] BookmarkNodeAdded, ABU: 0
2026-08-31 21:49:34.194: [INFO] BookmarkNodeAdded, ABU: 0
2026-08-31 21:49:34.195: [INFO] BookmarkNodeAdded, ABU: 0
2026-08-31 21:49:34.195: [INFO] BookmarkNodeAdded, ABU: 0
2026-08-31 21:49:34.196: [INFO] BookmarkNodeAdded, ABU: 0
2026-08-31 21:49:34.196: [INFO] BookmarkNodeAdded, ABU: 0
2026-08-31 21:49:34.197: [INFO] BookmarkNodeAdded, ABU: 0
2026-08-31 21:49:34.198: [INFO] BookmarkNodeAdded, ABU: 0
2026-08-31 21:49:34.198: [INFO] BookmarkNodeAdded, ABU: 0
2026-08-31 21:49:34.199: [INFO] BookmarkNodeAdded, ABU: 0
2026-08-31 21:49:34.199: [INFO] BookmarkNodeAdded, ABU: 0
2026-08-31 21:49:34.200: [INFO] BookmarkNodeAdded, ABU: 0
2026-08-31 21:49:34.200: [INFO] BookmarkNodeAdded, ABU: 0
2026-08-31 21:49:34.201: [INFO] BookmarkNodeAdded, ABU: 0
2026-08-31 21:49:34.201: [INFO] BookmarkNodeAdded, ABU: 0
2026-08-31 21:49:34.202: [INFO] BookmarkNodeAdded, ABU: 0
2026-08-31 21:49:34.204: [INFO] BookmarkNodeAdded, ABU: 0
2026-08-31 21:49:34.204: [INFO] BookmarkNodeAdded, ABU: 0
2026-08-31 21:49:34.205: [INFO] BookmarkNodeAdded, ABU: 0
2026-08-31 21:49:34.206: [INFO] BookmarkNodeAdded, ABU: 0
2026-08-31 21:49:34.206: [INFO] BookmarkNodeAdded, ABU: 0
2026-08-31 21:49:34.207: [INFO] BookmarkNodeAdded, ABU: 0
2026-08-31 21:49:34.208: [INFO] BookmarkNodeAdded, ABU: 0
2026-08-31 21:49:34.208: [INFO] BookmarkNodeAdded, ABU: 0
2026-08-31 21:49:34.209: [INFO] BookmarkNodeAdded, ABU: 0
2026-08-31 21:49:34.210: [INFO] BookmarkNodeAdded, ABU: 0
2026-08-31 21:49:34.210: [INFO] BookmarkNodeAdded, ABU: 0
2026-08-31 21:49:34.211: [INFO] BookmarkNodeAdded, ABU: 0
2026-08-31 21:49:34.211: [INFO] BookmarkNodeAdded, ABU: 0
2026-08-31 21:49:34.212: [INFO] BookmarkNodeAdded, ABU: 0
2026-08-31 21:49:34.212: [INFO] BookmarkNodeAdded, ABU: 0
2026-08-31 21:49:34.213: [INFO] BookmarkNodeAdded, ABU: 0
2026-08-31 21:49:34.213: [INFO] BookmarkNodeAdded, ABU: 0
2026-08-31 21:49:34.214: [INFO] BookmarkNodeAdded, ABU: 0
2026-08-31 21:49:34.214: [INFO] BookmarkNodeAdded, ABU: 0
2026-08-31 21:49:34.215: [INFO] BookmarkNodeAdded, ABU: 0
2026-08-31 21:49:34.215: [INFO] BookmarkNodeAdded, ABU: 0
2026-08-31 21:49:34.216: [INFO] BookmarkNodeAdded, ABU: 0
2026-08-31 21:49:34.216: [INFO] BookmarkNodeAdded, ABU: 0
2026-08-31 21:49:34.217: [INFO] BookmarkNodeAdded, ABU: 0
2026-08-31 21:49:34.217: [INFO] BookmarkNodeAdded, ABU: 0
2026-08-31 21:49:34.218: [INFO] BookmarkNodeAdded, ABU: 0
2026-08-31 21:49:34.218: [INFO] BookmarkNodeAdded, ABU: 0
2026-08-31 21:49:34.220: [INFO] BookmarkNodeAdded, ABU: 0
2026-08-31 21:49:34.220: [INFO] BookmarkNodeAdded, ABU: 0
2026-08-31 21:49:34.221: [INFO] BookmarkNodeAdded, ABU: 0
2026-08-31 21:49:34.222: [INFO] BookmarkNodeAdded, ABU: 0
2026-08-31 21:49:34.223: [INFO] BookmarkNodeAdded, ABU: 0
2026-08-31 21:49:34.223: [INFO] BookmarkNodeAdded, ABU: 0
2026-08-31 21:49:34.223: [INFO] BookmarkNodeAdded, ABU: 0
2026-08-31 21:49:34.224: [INFO] BookmarkNodeAdded, ABU: 0
2026-08-31 21:49:34.224: [INFO] BookmarkNodeAdded, ABU: 0
2026-08-31 21:49:34.225: [INFO] BookmarkNodeAdded, ABU: 0
2026-08-31 21:49:34.225: [INFO] BookmarkNodeAdded, ABU: 0
2026-08-31 21:49:34.226: [INFO] BookmarkNodeAdded, ABU: 0
2026-08-31 21:49:34.226: [INFO] BookmarkNodeAdded, ABU: 0
2026-08-31 21:49:34.227: [INFO] BookmarkNodeAdded, ABU: 0
2026-08-31 21:49:34.228: [INFO] BookmarkNodeAdded, ABU: 0
2026-08-31 21:49:34.228: [INFO] BookmarkNodeAdded, ABU: 0
2026-08-31 21:49:34.229: [INFO] BookmarkNodeAdded, ABU: 0
2026-08-31 21:49:34.229: [INFO] BookmarkNodeAdded, ABU: 0
2026-08-31 21:49:34.229: [INFO] BookmarkNodeAdded, ABU: 0
2026-08-31 21:49:34.230: [INFO] BookmarkNodeAdded, ABU: 0
2026-08-31 21:49:34.230: [INFO] BookmarkNodeAdded, ABU: 0
2026-08-31 21:49:34.231: [INFO] BookmarkNodeAdded, ABU: 0
2026-08-31 21:49:34.231: [INFO] BookmarkNodeAdded, ABU: 0
2026-08-31 21:49:34.232: [INFO] BookmarkNodeAdded, ABU: 0
2026-08-31 21:49:34.232: [INFO] BookmarkNodeAdded, ABU: 0
2026-08-31 21:49:34.233: [INFO] BookmarkNodeAdded, ABU: 0
2026-08-31 21:49:34.233: [INFO] BookmarkNodeAdded, ABU: 0
2026-08-31 21:49:34.233: [INFO] BookmarkNodeAdded, ABU: 0
2026-08-31 21:49:34.234: [INFO] BookmarkNodeAdded, ABU: 0
2026-08-31 21:49:34.234: [INFO] BookmarkNodeAdded, ABU: 0
2026-08-31 21:49:34.235: [INFO] BookmarkNodeAdded, ABU: 0
2026-08-31 21:49:34.236: [INFO] BookmarkNodeAdded, ABU: 0
2026-08-31 21:49:34.236: [INFO] BookmarkNodeAdded, ABU: 0
2026-08-31 21:49:34.237: [INFO] BookmarkNodeAdded, ABU: 0
2026-08-31 21:49:34.238: [INFO] BookmarkNodeAdded, ABU: 0
2026-08-31 21:49:34.239: [INFO] BookmarkNodeAdded, ABU: 0
2026-08-31 21:49:34.240: [INFO] BookmarkNodeAdded, ABU: 0
2026-08-31 21:49:34.240: [INFO] BookmarkNodeAdded, ABU: 0
2026-08-31 21:49:34.241: [INFO] BookmarkNodeAdded, ABU: 0
2026-08-31 21:49:34.241: [INFO] BookmarkNodeAdded, ABU: 0
2026-08-31 21:49:34.241: [INFO] BookmarkNodeAdded, ABU: 0
2026-08-31 21:49:34.242: [INFO] BookmarkNodeAdded, ABU: 0
2026-08-31 21:49:34.242: [INFO] BookmarkNodeAdded, ABU: 0
2026-08-31 21:49:34.243: [INFO] BookmarkNodeAdded, ABU: 0
2026-08-31 21:49:34.243: [INFO] BookmarkNodeAdded, ABU: 0
2026-08-31 21:49:34.244: [INFO] BookmarkNodeAdded, ABU: 0
2026-08-31 21:49:34.244: [INFO] BookmarkNodeAdded, ABU: 0
2026-08-31 21:49:34.245: [INFO] BookmarkNodeAdded, ABU: 0
2026-08-31 21:49:34.245: [INFO] BookmarkNodeAdded, ABU: 0
2026-08-31 21:49:34.246: [INFO] BookmarkNodeAdded, ABU: 0
2026-08-31 21:49:34.246: [INFO] BookmarkNodeAdded, ABU: 0
2026-08-31 21:49:34.247: [INFO] BookmarkNodeAdded, ABU: 0
2026-08-31 21:49:34.247: [INFO] BookmarkNodeAdded, ABU: 0
2026-08-31 21:49:34.248: [INFO] BookmarkNodeAdded, ABU: 0
2026-08-31 21:49:34.248: [INFO] BookmarkNodeAdded, ABU: 0
2026-08-31 21:49:34.248: [INFO] BookmarkNodeAdded, ABU: 0
2026-08-31 21:49:34.249: [INFO] BookmarkNodeAdded, ABU: 0
2026-08-31 21:49:34.249: [INFO] BookmarkNodeAdded, ABU: 0
2026-08-31 21:49:34.250: [INFO] BookmarkNodeAdded, ABU: 0
2026-08-31 21:49:34.250: [INFO] BookmarkNodeAdded, ABU: 0
2026-08-31 21:49:34.251: [INFO] BookmarkNodeAdded, ABU: 0
2026-08-31 21:49:34.251: [INFO] BookmarkNodeAdded, ABU: 0
2026-08-31 21:49:34.252: [INFO] BookmarkNodeAdded, ABU: 0
2026-08-31 21:49:34.252: [INFO] BookmarkNodeAdded, ABU: 0
2026-08-31 21:49:34.253: [INFO] BookmarkNodeAdded, ABU: 0
2026-08-31 21:49:34.254: [INFO] BookmarkNodeAdded, ABU: 0
2026-08-31 21:49:34.254: [INFO] BookmarkNodeAdded, ABU: 0
2026-08-31 21:49:34.255: [INFO] BookmarkNodeAdded, ABU: 0
2026-08-31 21:49:34.256: [INFO] BookmarkNodeAdded, ABU: 0
2026-08-31 21:49:34.257: [INFO] BookmarkNodeAdded, ABU: 0
2026-08-31 21:49:34.258: [INFO] BookmarkNodeAdded, ABU: 0
2026-08-31 21:49:34.259: [INFO] BookmarkNodeAdded, ABU: 0
2026-08-31 21:49:34.259: [INFO] BookmarkNodeAdded, ABU: 0
2026-08-31 21:49:34.260: [INFO] BookmarkNodeAdded, ABU: 0
2026-08-31 21:49:34.260: [INFO] BookmarkNodeAdded, ABU: 0
2026-08-31 21:49:34.260: [INFO] BookmarkNodeAdded, ABU: 0
2026-08-31 21:49:34.261: [INFO] BookmarkNodeAdded, ABU: 0
2026-08-31 21:49:34.261: [INFO] BookmarkNodeAdded, ABU: 0
2026-08-31 21:49:34.262: [INFO] BookmarkNodeAdded, ABU: 0
2026-08-31 21:49:34.263: [INFO] BookmarkNodeAdded, ABU: 0
2026-08-31 21:49:34.263: [INFO] BookmarkNodeAdded, ABU: 0
2026-08-31 21:49:34.264: [INFO] BookmarkNodeAdded, ABU: 0
2026-08-31 21:49:34.264: [INFO] BookmarkNodeAdded, ABU: 0
2026-08-31 21:49:34.265: [INFO] BookmarkNodeAdded, ABU: 0
2026-08-31 21:49:34.265: [INFO] BookmarkNodeAdded, ABU: 0
2026-08-31 21:49:34.266: [INFO] BookmarkNodeAdded, ABU: 0
2026-08-31 21:49:34.266: [INFO] BookmarkNodeAdded, ABU: 0
2026-08-31 21:49:34.267: [INFO] BookmarkNodeAdded, ABU: 0
2026-08-31 21:49:34.268: [INFO] BookmarkNodeAdded, ABU: 0
2026-08-31 21:49:34.268: [INFO] BookmarkNodeAdded, ABU: 0
2026-08-31 21:49:34.269: [INFO] BookmarkNodeAdded, ABU: 0
2026-08-31 21:49:34.270: [INFO] BookmarkNodeAdded, ABU: 0
2026-08-31 21:49:34.270: [INFO] BookmarkNodeAdded, ABU: 0
2026-08-31 21:49:34.271: [INFO] BookmarkNodeAdded, ABU: 0
2026-08-31 21:49:34.272: [INFO] BookmarkNodeAdded, ABU: 0
2026-08-31 21:49:34.272: [INFO] BookmarkNodeAdded, ABU: 0
2026-08-31 21:49:34.273: [INFO] BookmarkNodeAdded, ABU: 0
2026-08-31 21:49:34.274: [INFO] BookmarkNodeAdded, ABU: 0
2026-08-31 21:49:34.275: [INFO] BookmarkNodeAdded, ABU: 0
2026-08-31 21:49:34.275: [INFO] BookmarkNodeAdded, ABU: 0
2026-08-31 21:49:34.276: [INFO] BookmarkNodeAdded, ABU: 0
2026-08-31 21:49:34.276: [INFO] BookmarkNodeAdded, ABU: 0
2026-08-31 21:49:34.277: [INFO] BookmarkNodeAdded, ABU: 0
2026-08-31 21:49:34.277: [INFO] BookmarkNodeAdded, ABU: 0
2026-08-31 21:49:34.278: [INFO] BookmarkNodeAdded, ABU: 0
2026-08-31 21:49:34.278: [INFO] BookmarkNodeAdded, ABU: 0
2026-08-31 21:49:34.279: [INFO] BookmarkNodeAdded, ABU: 0
2026-08-31 21:49:34.279: [INFO] BookmarkNodeAdded, ABU: 0
2026-08-31 21:49:34.280: [INFO] BookmarkNodeAdded, ABU: 0
2026-08-31 21:49:34.280: [INFO] BookmarkNodeAdded, ABU: 0
2026-08-31 21:49:34.281: [INFO] BookmarkNodeAdded, ABU: 0
2026-08-31 21:49:34.281: [INFO] BookmarkNodeAdded, ABU: 0
2026-08-31 21:49:34.282: [INFO] BookmarkNodeAdded, ABU: 0
2026-08-31 21:49:34.282: [INFO] BookmarkNodeAdded, ABU: 0
2026-08-31 21:49:34.283: [INFO] BookmarkNodeAdded, ABU: 0
2026-08-31 21:49:34.283: [INFO] BookmarkNodeAdded, ABU: 0
2026-08-31 21:49:34.284: [INFO] BookmarkNodeAdded, ABU: 0
2026-08-31 21:49:34.285: [INFO] BookmarkNodeAdded, ABU: 0
2026-08-31 21:49:34.285: [INFO] BookmarkNodeAdded, ABU: 0
2026-08-31 21:49:34.286: [INFO] BookmarkNodeAdded, ABU: 0
2026-08-31 21:49:34.287: [INFO] BookmarkNodeAdded, ABU: 0
2026-08-31 21:49:34.287: [INFO] BookmarkNodeAdded, ABU: 0
2026-08-31 21:49:34.288: [INFO] BookmarkNodeAdded, ABU: 0
2026-08-31 21:49:34.289: [INFO] BookmarkNodeAdded, ABU: 0
2026-08-31 21:49:34.290: [INFO] BookmarkNodeAdded, ABU: 0
2026-08-31 21:49:34.290: [INFO] BookmarkNodeAdded, ABU: 0
2026-08-31 21:49:34.291: [INFO] BookmarkNodeAdded, ABU: 0
2026-08-31 21:49:34.292: [INFO] BookmarkNodeAdded, ABU: 0
2026-08-31 21:49:34.292: [INFO] BookmarkNodeAdded, ABU: 0
2026-08-31 21:49:34.293: [INFO] BookmarkNodeAdded, ABU: 0
2026-08-31 21:49:34.294: [INFO] BookmarkNodeAdded, ABU: 0
2026-08-31 21:49:34.294: [INFO] BookmarkNodeAdded, ABU: 0
2026-08-31 21:49:34.295: [INFO] BookmarkNodeAdded, ABU: 0
2026-08-31 21:49:34.295: [INFO] BookmarkNodeAdded, ABU: 0
2026-08-31 21:49:34.296: [INFO] BookmarkNodeAdded, ABU: 0
2026-08-31 21:49:34.297: [INFO] BookmarkNodeAdded, ABU: 0
2026-08-31 21:49:34.297: [INFO] BookmarkNodeAdded, ABU: 0
2026-08-31 21:49:34.298: [INFO] BookmarkNodeAdded, ABU: 0
2026-08-31 21:49:34.298: [INFO] BookmarkNodeAdded, ABU: 0
2026-08-31 21:49:34.299: [INFO] BookmarkNodeAdded, ABU: 0
2026-08-31 21:49:34.299: [INFO] BookmarkNodeAdded, ABU: 0
2026-08-31 21:49:34.300: [INFO] BookmarkNodeAdded, ABU: 0
2026-08-31 21:49:34.300: [INFO] BookmarkNodeAdded, ABU: 0
2026-08-31 21:49:34.301: [INFO] BookmarkNodeAdded, ABU: 0
2026-08-31 21:49:34.303: [INFO] BookmarkNodeAdded, ABU: 0
2026-08-31 21:49:34.304: [INFO] BookmarkNodeAdded, ABU: 0
2026-08-31 21:49:34.304: [INFO] BookmarkNodeAdded, ABU: 0
2026-08-31 21:49:34.305: [INFO] BookmarkNodeAdded, ABU: 0
2026-08-31 21:49:34.306: [INFO] BookmarkNodeAdded, ABU: 0
2026-08-31 21:49:34.306: [INFO] BookmarkNodeAdded, ABU: 0
2026-08-31 21:49:34.307: [INFO] BookmarkNodeAdded, ABU: 0
2026-08-31 21:49:34.308: [INFO] BookmarkNodeAdded, ABU: 0
2026-08-31 21:49:34.309: [INFO] BookmarkNodeAdded, ABU: 0
2026-08-31 21:49:34.309: [INFO] BookmarkNodeAdded, ABU: 0
2026-08-31 21:49:34.310: [INFO] BookmarkNodeAdded, ABU: 0
2026-08-31 21:49:34.310: [INFO] BookmarkNodeAdded, ABU: 0
2026-08-31 21:49:34.311: [INFO] BookmarkNodeAdded, ABU: 0
2026-08-31 21:49:34.311: [INFO] BookmarkNodeAdded, ABU: 0
2026-08-31 21:49:34.312: [INFO] BookmarkNodeAdded, ABU: 0
2026-08-31 21:49:34.313: [INFO] BookmarkNodeAdded, ABU: 0
2026-08-31 21:49:34.313: [INFO] BookmarkNodeAdded, ABU: 0
2026-08-31 21:49:34.314: [INFO] BookmarkNodeAdded, ABU: 0
2026-08-31 21:49:34.314: [INFO] BookmarkNodeAdded, ABU: 0
2026-08-31 21:49:34.315: [INFO] BookmarkNodeAdded, ABU: 0
2026-08-31 21:49:34.316: [INFO] BookmarkNodeAdded, ABU: 0
2026-08-31 21:49:34.316: [INFO] BookmarkNodeAdded, ABU: 0
2026-08-31 21:49:34.317: [INFO] BookmarkNodeAdded, ABU: 0
2026-08-31 21:49:34.318: [INFO] BookmarkNodeAdded, ABU: 0
2026-08-31 21:49:34.320: [INFO] BookmarkNodeAdded, ABU: 0
2026-08-31 21:49:34.321: [INFO] BookmarkNodeAdded, ABU: 0
2026-08-31 21:49:34.322: [INFO] BookmarkNodeAdded, ABU: 0
2026-08-31 21:49:34.338: [INFO] BookmarkBarPrefChanged showBar=0 showBarNTP=0
2026-08-31 21:49:34.367: [INFO] VisibilityChanged: 1
2026-08-31 21:49:34.721: [INFO] Sync initialization duration: 3905ms
