{"logTime": "0831/214610", "correlationVector":"NC7HEVngxpfDIfPuyJ7bKx.1","action":"SyncServerConnectionManagerRequest", "result":"SYNC_SERVER_OK", "context":{"environment":"Prod_eastus2_prod-s01-050-nam-eastus2", "migrationStage":"NotStarted", "server":"akswtt11600001e"}}
{"logTime": "0831/214610", "correlationVector":"NC7HEVngxpfDIfPuyJ7bKx.2","action":"ProcessGetUpdates", "result":"Done", "context":{"dataType":"Encryption Keys", "deleted":"0", "process_failed_to_decrypt":"0", "process_pending_decryption":"0", "process_success":"1", "total":"1"}}
{"logTime": "0831/214610", "correlationVector":"2ugy8hBuf6WDtsP4A/tqa7","action":"SyncServerConnectionManagerRequest", "result":"SYNC_SERVER_OK", "context":{"environment":"", "migrationStage":"", "server":""}}
{"logTime": "0831/214610", "correlationVector":"2ugy8hBuf6WDtsP4A/tqa7.0","action":"EncryptionKeysFetcher.DownloadKeys:", "result":"Success", "context":Key count: 9, Last key timestamp: 2026-03-23T23:24:04Z}
{"logTime": "0831/214610", "correlationVector":"2ugy8hBuf6WDtsP4A/tqa7.1","action":"EncryptionKeysManager::SetEncryptionKeys:", "result":"Success", "context":Key names[9]:[usCqlVVt1nCpKtRzJxGiHBoMQlaOJP9loA/eMIMFMkb5yNQoxIqwj0P24I2Ez8pJOil/Ne/wPDLSHfh5Lhyu5w==][GhJ197JLjshYazNQ+T5up3kmzQKuXJ0hdK4uo3m76i2bDqyEXvtz8XYM4sL8rA072BOVm77uiFoUOYThzm2cMA==][NM5x/66Svzaiim7txaq7HEJR3rIGrV9MhmKQklg0WIszJTtRAbF8V9n9cDI6TiRLJLVM1c6P32pj1nnavss48w==][tz3wlKl1y3cAtEocL+91DSLHLC5e0cV8C271m4RKiYHXQp3NU/fGK4O6imwDPquj9wLAdBO3sm5S9UZC/U0qww==][DSO4J2X/NrpjJ+YMfNriQZTWMW+n9IrhipFnFPDRWEYN3lXwy61jVYnP6lLKyjBBx++PVBjCm6MYZLQfuEFpJg==][oixvb6MZ07Guv8VNfFkThyCAsbQ65dFEv5YNKSRc82zf/TcKbtUBhRtPTUSvroSTxA24wbhUsiVys4XPUYEMlw==][gi/Sr8/D4cbaVfrwuKYMxVYtNXUNyOVYElzEqWVfeuNt1WwbQRgSw2m5kiFg3YkOnpzJkq7bzJ6ZMycUtoy92A==][vfJvuC+P3KOejeb7l9r4UeQzY0ONG06ToTd1JgANiY1CWMJ+09MicZ8D0dOpyb6dRmnet/b63Tmgg3AD5FcI3w==][KbcN8N77v/h3m+TzZwxdC4AbylpPx8J0mCgYAkAf0APLt4WwDL4Eb9AFzL386ooh3ZWSWCCqGuObDNhPKmLIeQ==]}
{"logTime": "0831/214610", "correlationVector":"2ugy8hBuf6WDtsP4A/tqa7.2","action":"EncryptionKeysManager::SetEncryptionKeysWithTimestamps:", "result":"Success", "context":Key timestamps[9]:[2021-08-30T18:26:24Z][2021-11-07T22:22:36Z][2021-11-30T00:29:53Z][2022-09-19T03:07:21Z][2023-03-29T17:42:50Z][2023-09-29T03:53:06Z][2024-04-05T22:14:29Z][2024-10-29T12:40:45Z][2026-03-23T23:24:04Z]}
{"logTime": "0831/214610", "correlationVector":"NC7HEVngxpfDIfPuyJ7bKx","action":"Initial GetUpdates", "result":"", "context":Reason: NEW_CLIENT. cV=NC7HEVngxpfDIfPuyJ7bKx}
{"logTime": "0831/214610", "correlationVector":"NC7HEVngxpfDIfPuyJ7bKx.3","action":"GetUpdates Response", "result":"Success", "context":Received 1 update(s). cV=NC7HEVngxpfDIfPuyJ7bKx.0;server=akswtt11600001e;cloudType=Consumer;environment=Prod_eastus2_prod-s01-050-nam-eastus2;migrationStage=NotStarted}
{"logTime": "0831/214610", "correlationVector":"OpA96vL9ZDewben2MRp8pN","action":"Initial GetUpdates", "result":"", "context":Reason: NEWLY_SUPPORTED_DATATYPE. cV=OpA96vL9ZDewben2MRp8pN}
{"logTime": "0831/214611", "correlationVector":"OpA96vL9ZDewben2MRp8pN.1","action":"SyncServerConnectionManagerRequest", "result":"SYNC_SERVER_OK", "context":{"environment":"Prod_eastus2_prod-s01-050-nam-eastus2", "migrationStage":"NotStarted", "server":"akswtt116000011"}}
{"logTime": "0831/214611", "correlationVector":"OpA96vL9ZDewben2MRp8pN.2","action":"ProcessGetUpdates", "result":"Done", "context":{"dataType":"Passwords", "deleted":"1", "process_failed_to_decrypt":"0", "process_pending_decryption":"0", "process_success":"233", "total":"233"}}
{"logTime": "0831/214611", "correlationVector":"OpA96vL9ZDewben2MRp8pN.3","action":"ProcessGetUpdates", "result":"Done", "context":{"dataType":"Device Info", "deleted":"0", "process_failed_to_decrypt":"0", "process_pending_decryption":"0", "process_success":"7", "total":"7"}}
{"logTime": "0831/214611", "correlationVector":"OpA96vL9ZDewben2MRp8pN.4","action":"GetUpdates Response", "result":"Success", "context":Received 240 update(s). cV=OpA96vL9ZDewben2MRp8pN.0;server=akswtt116000011;cloudType=Consumer;environment=Prod_eastus2_prod-s01-050-nam-eastus2;migrationStage=NotStarted}
{"logTime": "0831/214611", "correlationVector":"6x/2GF/dZ+L1E2Jn3rOL/r","action":"Initial GetUpdates", "result":"", "context":Reason: NEWLY_SUPPORTED_DATATYPE. cV=6x/2GF/dZ+L1E2Jn3rOL/r}
{"logTime": "0831/214612", "correlationVector":"6x/2GF/dZ+L1E2Jn3rOL/r.1","action":"SyncServerConnectionManagerRequest", "result":"SYNC_SERVER_OK", "context":{"environment":"Prod_eastus2_prod-s01-050-nam-eastus2", "migrationStage":"NotStarted", "server":"akswtt1160000a8"}}
{"logTime": "0831/214612", "correlationVector":"6x/2GF/dZ+L1E2Jn3rOL/r.2","action":"ProcessGetUpdates", "result":"Done", "context":{"dataType":"Bookmarks", "deleted":"0", "process_failed_to_decrypt":"0", "process_pending_decryption":"0", "process_success":"238", "total":"238"}}
{"logTime": "0831/214612", "correlationVector":"6x/2GF/dZ+L1E2Jn3rOL/r.3","action":"ProcessGetUpdates", "result":"Done", "context":{"dataType":"Preferences", "deleted":"0", "process_failed_to_decrypt":"0", "process_pending_decryption":"0", "process_success":"21", "total":"21"}}
{"logTime": "0831/214612", "correlationVector":"6x/2GF/dZ+L1E2Jn3rOL/r.4","action":"ProcessGetUpdates", "result":"Done", "context":{"dataType":"Autofill", "deleted":"0", "process_failed_to_decrypt":"0", "process_pending_decryption":"0", "process_success":"1", "total":"1"}}
{"logTime": "0831/214612", "correlationVector":"6x/2GF/dZ+L1E2Jn3rOL/r.5","action":"ProcessGetUpdates", "result":"Done", "context":{"dataType":"Extensions", "deleted":"0", "process_failed_to_decrypt":"0", "process_pending_decryption":"0", "process_success":"1", "total":"1"}}
{"logTime": "0831/214612", "correlationVector":"6x/2GF/dZ+L1E2Jn3rOL/r.6","action":"ProcessGetUpdates", "result":"Done", "context":{"dataType":"Extension settings", "deleted":"0", "process_failed_to_decrypt":"0", "process_pending_decryption":"0", "process_success":"7", "total":"7"}}
{"logTime": "0831/214612", "correlationVector":"6x/2GF/dZ+L1E2Jn3rOL/r.7","action":"GetUpdates Response", "result":"Success", "context":Received 268 update(s). cV=6x/2GF/dZ+L1E2Jn3rOL/r.0;server=akswtt1160000a8;cloudType=Consumer;environment=Prod_eastus2_prod-s01-050-nam-eastus2;migrationStage=NotStarted Some updates remain.}
{"logTime": "0831/214612", "correlationVector":"YRLQfsewLvUyVy6jmZWAEm","action":"Initial GetUpdates", "result":"", "context":Reason: NEWLY_SUPPORTED_DATATYPE. cV=YRLQfsewLvUyVy6jmZWAEm}
{"logTime": "0831/214613", "correlationVector":"YRLQfsewLvUyVy6jmZWAEm.1","action":"SyncServerConnectionManagerRequest", "result":"SYNC_SERVER_OK", "context":{"environment":"Prod_eastus2_prod-s01-050-nam-eastus2", "migrationStage":"NotStarted", "server":"akswtt1160000d1"}}
{"logTime": "0831/214613", "correlationVector":"YRLQfsewLvUyVy6jmZWAEm.2","action":"ProcessGetUpdates", "result":"Done", "context":{"dataType":"Bookmarks", "deleted":"0", "process_failed_to_decrypt":"0", "process_pending_decryption":"0", "process_success":"33", "total":"33"}}
{"logTime": "0831/214613", "correlationVector":"YRLQfsewLvUyVy6jmZWAEm.3","action":"ProcessGetUpdates", "result":"Done", "context":{"dataType":"Preferences", "deleted":"0", "process_failed_to_decrypt":"0", "process_pending_decryption":"0", "process_success":"66", "total":"66"}}
{"logTime": "0831/214613", "correlationVector":"YRLQfsewLvUyVy6jmZWAEm.4","action":"ProcessGetUpdates", "result":"Done", "context":{"dataType":"Autofill", "deleted":"0", "process_failed_to_decrypt":"0", "process_pending_decryption":"0", "process_success":"9", "total":"9"}}
{"logTime": "0831/214613", "correlationVector":"YRLQfsewLvUyVy6jmZWAEm.5","action":"ProcessGetUpdates", "result":"Done", "context":{"dataType":"Extensions", "deleted":"0", "process_failed_to_decrypt":"0", "process_pending_decryption":"0", "process_success":"10", "total":"10"}}
{"logTime": "0831/214613", "correlationVector":"YRLQfsewLvUyVy6jmZWAEm.6","action":"ProcessGetUpdates", "result":"Done", "context":{"dataType":"Sessions", "deleted":"44", "process_failed_to_decrypt":"0", "process_pending_decryption":"0", "process_success":"47", "total":"47"}}
{"logTime": "0831/214613", "correlationVector":"YRLQfsewLvUyVy6jmZWAEm.7","action":"ProcessGetUpdates", "result":"Done", "context":{"dataType":"Edge Hub App Usage", "deleted":"0", "process_failed_to_decrypt":"0", "process_pending_decryption":"0", "process_success":"10", "total":"10"}}
{"logTime": "0831/214613", "correlationVector":"YRLQfsewLvUyVy6jmZWAEm.8","action":"GetUpdates Response", "result":"Success", "context":Received 175 update(s). cV=YRLQfsewLvUyVy6jmZWAEm.0;server=akswtt1160000d1;cloudType=Consumer;environment=Prod_eastus2_prod-s01-050-nam-eastus2;migrationStage=NotStarted}
{"logTime": "0831/214613", "correlationVector":"zkwuXu3I3CAk+ETLd9eRr0","action":"Initial GetUpdates", "result":"", "context":Reason: NEWLY_SUPPORTED_DATATYPE. cV=zkwuXu3I3CAk+ETLd9eRr0}
{"logTime": "0831/214613", "correlationVector":"zkwuXu3I3CAk+ETLd9eRr0.1","action":"SyncServerConnectionManagerRequest", "result":"SYNC_SERVER_OK", "context":{"environment":"Prod_eastus2_prod-s01-050-nam-eastus2", "migrationStage":"NotStarted", "server":"akswtt116000020"}}
{"logTime": "0831/214613", "correlationVector":"zkwuXu3I3CAk+ETLd9eRr0.2","action":"ProcessGetUpdates", "result":"Done", "context":{"dataType":"History", "deleted":"0", "process_failed_to_decrypt":"0", "process_pending_decryption":"0", "process_success":"68", "total":"68"}}
{"logTime": "0831/214613", "correlationVector":"zkwuXu3I3CAk+ETLd9eRr0.3","action":"GetUpdates Response", "result":"Success", "context":Received 68 update(s). cV=zkwuXu3I3CAk+ETLd9eRr0.0;server=akswtt116000020;cloudType=Consumer;environment=Prod_eastus2_prod-s01-050-nam-eastus2;migrationStage=NotStarted}
{"logTime": "0831/214613", "correlationVector":"ejZDW6zMZamH6gLpaCkOrC","action":"Normal GetUpdate request", "result":"", "context":cV=ejZDW6zMZamH6gLpaCkOrC
Nudged types: Sessions, Device Info, User Consents
Refresh requested types: Bookmarks, Preferences, Passwords, Autofill Profiles, Autofill, Extensions, Sessions, Extension settings, History Delete Directives, Device Info, User Consents, Send Tab To Self, Web Apps, History, Saved Tab Group, WebAuthn Credentials, Edge Hub App Usage, Edge Workspace, Encryption Keys}
{"logTime": "0831/214614", "correlationVector":"ejZDW6zMZamH6gLpaCkOrC.1","action":"SyncServerConnectionManagerRequest", "result":"SYNC_SERVER_OK", "context":{"environment":"Prod_eastus2_prod-s01-050-nam-eastus2", "migrationStage":"NotStarted", "server":"akswtt1160000d2"}}
{"logTime": "0831/214614", "correlationVector":"ejZDW6zMZamH6gLpaCkOrC.2","action":"GetUpdates Response", "result":"Success", "context":Received 0 update(s). cV=ejZDW6zMZamH6gLpaCkOrC.0;server=akswtt1160000d2;cloudType=Consumer;environment=Prod_eastus2_prod-s01-050-nam-eastus2;migrationStage=NotStarted}
{"logTime": "0831/214615", "correlationVector":"qn9GQT5FNaVp2TtN4lu1iy","action":"DoCompareDataConsistency requsted types: ", "result":"Bookmarks, Preferences, Passwords, Extensions, Extension settings, History Delete Directives, Send Tab To Self, Web Apps, History, Saved Tab Group, WebAuthn Credentials, Edge Workspace, Encryption Keys"}
{"logTime": "0831/214615", "correlationVector":"qn9GQT5FNaVp2TtN4lu1iy.0","action":"CompareDataConsistency result: ", "result":"Compare result: Encryption Keys is consistent. local entities count is: 1 local entities hash is: IwcOrPIHKPioGkBPHewRtpw233E="}
{"logTime": "0831/214615", "correlationVector":"qn9GQT5FNaVp2TtN4lu1iy.1","action":"CompareDataConsistency result: ", "result":"Compare result: Bookmarks is consistent. local entities count is: 265 local entities hash is: neJo3FFlKC4goLwrfETIeaI4xBU="}
{"logTime": "0831/214615", "correlationVector":"qn9GQT5FNaVp2TtN4lu1iy.2","action":"CompareDataConsistency result: ", "result":"Compare result: Preferences is consistent. local entities count is: 87 local entities hash is: 1F/GAywd6eFCjBqqiFvDPuznd7U="}
{"logTime": "0831/214615", "correlationVector":"qn9GQT5FNaVp2TtN4lu1iy.3","action":"CompareDataConsistency result: ", "result":"Compare result: Extensions is consistent. local entities count is: 11 local entities hash is: GARtjwa5Ens+gNPoSCpeDkUVUp8="}
{"logTime": "0831/214615", "correlationVector":"qn9GQT5FNaVp2TtN4lu1iy.4","action":"CompareDataConsistency result: ", "result":"Compare result: Extension settings is consistent. local entities count is: 7 local entities hash is: JUtotFvRIFbXRv71gFA/xIJnEPE="}
{"logTime": "0831/214615", "correlationVector":"qn9GQT5FNaVp2TtN4lu1iy.5","action":"CompareDataConsistency result: ", "result":"Compare result: History Delete Directives is consistent. local entities count is: 0 local entities hash is: "}
{"logTime": "0831/214615", "correlationVector":"qn9GQT5FNaVp2TtN4lu1iy.6","action":"CompareDataConsistency result: ", "result":"Server did not send this Send Tab To Self local entities count is: 0 local entities hash is: "}
{"logTime": "0831/214615", "correlationVector":"qn9GQT5FNaVp2TtN4lu1iy.7","action":"CompareDataConsistency result: ", "result":"Compare result: Web Apps is consistent. local entities count is: 0 local entities hash is: "}
{"logTime": "0831/214615", "correlationVector":"qn9GQT5FNaVp2TtN4lu1iy.8","action":"CompareDataConsistency result: ", "result":"Server did not send this History local entities count is: 0 local entities hash is: "}
{"logTime": "0831/214615", "correlationVector":"qn9GQT5FNaVp2TtN4lu1iy.9","action":"CompareDataConsistency result: ", "result":"Compare result: Saved Tab Group is consistent. local entities count is: 0 local entities hash is: "}
{"logTime": "0831/214615", "correlationVector":"qn9GQT5FNaVp2TtN4lu1iy.10","action":"CompareDataConsistency result: ", "result":"Server did not send this WebAuthn Credentials local entities count is: 0 local entities hash is: "}
{"logTime": "0831/214615", "correlationVector":"qn9GQT5FNaVp2TtN4lu1iy.11","action":"CompareDataConsistency result: ", "result":"Server did not send this Edge Workspace local entities count is: 0 local entities hash is: "}
{"logTime": "0831/214615", "correlationVector":"qn9GQT5FNaVp2TtN4lu1iy.12","action":"CompareDataConsistency result: ", "result":"Compare result: Passwords is consistent. local entities count is: 232 local entities hash is: vUtxu+NM3Uy5bWJlJsDr8l55QPA="}
{"logTime": "0831/214615", "correlationVector":"ICaKD/XnnlojVPxCwBtzqJ","action":"Commit Request", "result":"", "context":Item count: 4
Contributing types: Sessions, Device Info, User Consents}
{"logTime": "0831/214615", "correlationVector":"ICaKD/XnnlojVPxCwBtzqJ.1","action":"SyncServerConnectionManagerRequest", "result":"SYNC_SERVER_OK", "context":{"environment":"Prod_eastus2_prod-s01-050-nam-eastus2", "migrationStage":"NotStarted", "server":"akswtt1160000a8"}}
{"logTime": "0831/214615", "correlationVector":"ICaKD/XnnlojVPxCwBtzqJ.2","action":"Commit Response", "result":"Success", "context":Result: Success. cV=ICaKD/XnnlojVPxCwBtzqJ.0;server=akswtt1160000a8;cloudType=Consumer;environment=Prod_eastus2_prod-s01-050-nam-eastus2;migrationStage=NotStarted}
{"logTime": "0831/214615", "correlationVector":"","action":"DIAGNOSTIC_REQUEST|v1/diagnosticData/Diagnostic.SendCheckResult()|SUCCESS", "result":""}
{"logTime": "0831/214615", "correlationVector":"onoi3sxPAaYJEaApM70gF7","action":"Normal GetUpdate request", "result":"", "context":cV=onoi3sxPAaYJEaApM70gF7
Nudged types: Sessions, Device Info
Notified types: Device Info}
{"logTime": "0831/214616", "correlationVector":"onoi3sxPAaYJEaApM70gF7.1","action":"SyncServerConnectionManagerRequest", "result":"SYNC_SERVER_OK", "context":{"environment":"Prod_eastus2_prod-s01-050-nam-eastus2", "migrationStage":"NotStarted", "server":"akswtt1160000ad"}}
{"logTime": "0831/214616", "correlationVector":"onoi3sxPAaYJEaApM70gF7.2","action":"ProcessGetUpdates", "result":"Done", "context":{"dataType":"Sessions", "deleted":"0", "process_failed_to_decrypt":"0", "process_pending_decryption":"0", "process_success":"4", "total":"4"}}
{"logTime": "0831/214616", "correlationVector":"onoi3sxPAaYJEaApM70gF7.3","action":"ProcessGetUpdates", "result":"Done", "context":{"dataType":"Device Info", "deleted":"0", "process_failed_to_decrypt":"0", "process_pending_decryption":"0", "process_success":"2", "total":"2"}}
{"logTime": "0831/214616", "correlationVector":"onoi3sxPAaYJEaApM70gF7.4","action":"GetUpdates Response", "result":"Success", "context":Received 6 update(s). cV=onoi3sxPAaYJEaApM70gF7.0;server=akswtt1160000ad;cloudType=Consumer;environment=Prod_eastus2_prod-s01-050-nam-eastus2;migrationStage=NotStarted}
{"logTime": "0831/214710", "correlationVector":"RpS5EO56wlMPzWWDGDtmoQ","action":"Commit Request", "result":"", "context":Item count: 40
Contributing types: Passwords}
{"logTime": "0831/214715", "correlationVector":"RpS5EO56wlMPzWWDGDtmoQ.1","action":"SyncServerConnectionManagerRequest", "result":"SYNC_SERVER_OK", "context":{"environment":"Prod_eastus2_prod-s01-050-nam-eastus2", "migrationStage":"NotStarted", "server":"akswtt11600001q"}}
{"logTime": "0831/214715", "correlationVector":"RpS5EO56wlMPzWWDGDtmoQ.2","action":"Commit Response", "result":"Success", "context":Result: Success. cV=RpS5EO56wlMPzWWDGDtmoQ.0;server=akswtt11600001q;cloudType=Consumer;environment=Prod_eastus2_prod-s01-050-nam-eastus2;migrationStage=NotStarted}
{"logTime": "0831/214715", "correlationVector":"RpS5EO56wlMPzWWDGDtmoQ.3","action":"Commit.Passwords", "result":"Conflict", "context":{"id":"17be9ca1-25d5-4695-b6cf-f8ebeb69fb03", "isDeleted":"false", "size":"697", "version":"1774308298611"}}
{"logTime": "0831/214715", "correlationVector":"RpS5EO56wlMPzWWDGDtmoQ.4","action":"Commit.Passwords", "result":"Conflict", "context":{"id":"aff9d512-0fa4-4552-99d8-51bd6b84209c", "isDeleted":"false", "size":"806", "version":"1774308309535"}}
{"logTime": "0831/214715", "correlationVector":"RpS5EO56wlMPzWWDGDtmoQ.5","action":"Commit.Passwords", "result":"Conflict", "context":{"id":"d591e2f2-e257-4bab-97f8-f5e450221b43", "isDeleted":"false", "size":"750", "version":"1774308304415"}}
{"logTime": "0831/214715", "correlationVector":"RpS5EO56wlMPzWWDGDtmoQ.6","action":"Commit.Passwords", "result":"Conflict", "context":{"id":"b629b758-5f2a-4156-977c-f111bd7a96aa", "isDeleted":"false", "size":"667", "version":"1774308304430"}}
{"logTime": "0831/214715", "correlationVector":"RpS5EO56wlMPzWWDGDtmoQ.7","action":"Commit.Passwords", "result":"Conflict", "context":{"id":"fd474028-a9cf-4c0b-b21f-9c9885520603", "isDeleted":"false", "size":"757", "version":"1774308304435"}}
{"logTime": "0831/214715", "correlationVector":"RpS5EO56wlMPzWWDGDtmoQ.8","action":"Commit.Passwords", "result":"Conflict", "context":{"id":"d134a4de-6395-409e-82eb-8f8f74f485c9", "isDeleted":"false", "size":"834", "version":"1774308298594"}}
{"logTime": "0831/214715", "correlationVector":"RpS5EO56wlMPzWWDGDtmoQ.9","action":"Commit.Passwords", "result":"Conflict", "context":{"id":"5ed20ff9-2f6f-479c-bb08-52614ee8cea3", "isDeleted":"false", "size":"822", "version":"1774308304446"}}
{"logTime": "0831/214715", "correlationVector":"RpS5EO56wlMPzWWDGDtmoQ.10","action":"Commit.Passwords", "result":"Conflict", "context":{"id":"a6787519-acd3-4855-b6e4-d1ca30d3951e", "isDeleted":"false", "size":"973", "version":"1774308304443"}}
{"logTime": "0831/214715", "correlationVector":"RpS5EO56wlMPzWWDGDtmoQ.11","action":"Commit.Passwords", "result":"Conflict", "context":{"id":"13ce8473-adae-49f4-adee-79927f559fce", "isDeleted":"false", "size":"829", "version":"1774308304411"}}
{"logTime": "0831/214715", "correlationVector":"RpS5EO56wlMPzWWDGDtmoQ.12","action":"Commit.Passwords", "result":"Conflict", "context":{"id":"241263cd-1fc9-4de5-9db3-d003c5738869", "isDeleted":"false", "size":"669", "version":"1774308304418"}}
{"logTime": "0831/214715", "correlationVector":"RpS5EO56wlMPzWWDGDtmoQ.13","action":"Commit.Passwords", "result":"Conflict", "context":{"id":"2ce8ec6e-2f13-4f23-87b3-daa19579fe20", "isDeleted":"false", "size":"715", "version":"1774308301703"}}
{"logTime": "0831/214715", "correlationVector":"RpS5EO56wlMPzWWDGDtmoQ.14","action":"Commit.Passwords", "result":"Conflict", "context":{"id":"de5ec3c0-c474-48a8-88f2-0c7ffd24e8f3", "isDeleted":"false", "size":"819", "version":"1774308307015"}}
{"logTime": "0831/214715", "correlationVector":"RpS5EO56wlMPzWWDGDtmoQ.15","action":"Commit.Passwords", "result":"Conflict", "context":{"id":"26c1b87a-c1da-4a5a-8396-7f3e362a7ee1", "isDeleted":"false", "size":"733", "version":"1774308304424"}}
{"logTime": "0831/214715", "correlationVector":"RpS5EO56wlMPzWWDGDtmoQ.16","action":"Commit.Passwords", "result":"Conflict", "context":{"id":"dc9b02f7-33e4-44eb-ad75-0582d785ef76", "isDeleted":"false", "size":"666", "version":"1774308309524"}}
{"logTime": "0831/214715", "correlationVector":"RpS5EO56wlMPzWWDGDtmoQ.17","action":"Commit.Passwords", "result":"Conflict", "context":{"id":"c7f69a7d-db6f-4611-befd-86c5e1cb00d5", "isDeleted":"false", "size":"710", "version":"1774308309548"}}
{"logTime": "0831/214715", "correlationVector":"RpS5EO56wlMPzWWDGDtmoQ.18","action":"Commit.Passwords", "result":"Conflict", "context":{"id":"1711acdc-c876-4b0d-a30d-dc1971f74e5f", "isDeleted":"false", "size":"787", "version":"1774308304407"}}
{"logTime": "0831/214715", "correlationVector":"RpS5EO56wlMPzWWDGDtmoQ.19","action":"Commit.Passwords", "result":"Conflict", "context":{"id":"66a6e6ba-8760-4203-ab6a-15f148dd38a8", "isDeleted":"false", "size":"665", "version":"1774308301696"}}
{"logTime": "0831/214715", "correlationVector":"RpS5EO56wlMPzWWDGDtmoQ.20","action":"Commit.Passwords", "result":"Conflict", "context":{"id":"f8f78def-5eb0-4c7a-91b6-7e8cd7bd2b56", "isDeleted":"false", "size":"693", "version":"1774308307001"}}
{"logTime": "0831/214715", "correlationVector":"RpS5EO56wlMPzWWDGDtmoQ.21","action":"Commit.Passwords", "result":"Conflict", "context":{"id":"66616b4f-62d1-44c7-8379-ba54acf9d7ad", "isDeleted":"false", "size":"668", "version":"1774308309528"}}
{"logTime": "0831/214715", "correlationVector":"RpS5EO56wlMPzWWDGDtmoQ.22","action":"Commit.Passwords", "result":"Conflict", "context":{"id":"57144c16-3218-4ad0-81df-007cea32a745", "isDeleted":"false", "size":"902", "version":"1774308307013"}}
{"logTime": "0831/214715", "correlationVector":"RpS5EO56wlMPzWWDGDtmoQ.23","action":"Commit.Passwords", "result":"Conflict", "context":{"id":"d233f743-739c-42ce-bbdb-c1526a22a1ba", "isDeleted":"false", "size":"871", "version":"1774308301724"}}
{"logTime": "0831/214715", "correlationVector":"RpS5EO56wlMPzWWDGDtmoQ.24","action":"Commit.Passwords", "result":"Conflict", "context":{"id":"baf113a7-df9e-4219-a49b-e0f5ef09bf2f", "isDeleted":"false", "size":"813", "version":"1774308309530"}}
{"logTime": "0831/214715", "correlationVector":"RpS5EO56wlMPzWWDGDtmoQ.25","action":"Commit.Passwords", "result":"Conflict", "context":{"id":"c6970bf7-a249-4b2a-bd33-f53dcbe117a3", "isDeleted":"false", "size":"713", "version":"1774308307029"}}
{"logTime": "0831/214715", "correlationVector":"RpS5EO56wlMPzWWDGDtmoQ.26","action":"Commit.Passwords", "result":"Conflict", "context":{"id":"05d50b61-ccc3-4605-8bf7-3bd3c414e4e2", "isDeleted":"false", "size":"735", "version":"1774308304426"}}
{"logTime": "0831/214715", "correlationVector":"RpS5EO56wlMPzWWDGDtmoQ.27","action":"Commit.Passwords", "result":"Conflict", "context":{"id":"02e1f0f1-caa1-46b6-a702-a9d4945be8eb", "isDeleted":"false", "size":"721", "version":"1774308298613"}}
{"logTime": "0831/214715", "correlationVector":"RpS5EO56wlMPzWWDGDtmoQ.28","action":"Commit.Passwords", "result":"Conflict", "context":{"id":"0af6aa28-6d0b-430c-afdb-9da65f92f638", "isDeleted":"false", "size":"714", "version":"1774308298617"}}
{"logTime": "0831/214715", "correlationVector":"RpS5EO56wlMPzWWDGDtmoQ.29","action":"Commit.Passwords", "result":"Conflict", "context":{"id":"29fb86e0-c7a7-47f9-941f-ad3545996a37", "isDeleted":"false", "size":"708", "version":"1774308301689"}}
{"logTime": "0831/214715", "correlationVector":"RpS5EO56wlMPzWWDGDtmoQ.30","action":"Commit.Passwords", "result":"Conflict", "context":{"id":"d153551e-4492-4622-8def-8c936bb35e8d", "isDeleted":"false", "size":"669", "version":"1774308304409"}}
{"logTime": "0831/214715", "correlationVector":"RpS5EO56wlMPzWWDGDtmoQ.31","action":"Commit.Passwords", "result":"Conflict", "context":{"id":"f731ab37-7039-4dc8-91eb-01f165719c59", "isDeleted":"false", "size":"782", "version":"1774308307000"}}
{"logTime": "0831/214715", "correlationVector":"RpS5EO56wlMPzWWDGDtmoQ.32","action":"Commit.Passwords", "result":"Conflict", "context":{"id":"14a14b18-f36e-46b2-a92f-efca4472f257", "isDeleted":"false", "size":"714", "version":"1774308307004"}}
{"logTime": "0831/214715", "correlationVector":"RpS5EO56wlMPzWWDGDtmoQ.33","action":"Commit.Passwords", "result":"Conflict", "context":{"id":"ad5fb141-5313-4699-92e7-fcf8fae3621a", "isDeleted":"false", "size":"686", "version":"1774308309558"}}
{"logTime": "0831/214715", "correlationVector":"RpS5EO56wlMPzWWDGDtmoQ.34","action":"Commit.Passwords", "result":"Conflict", "context":{"id":"21c7843a-a9ec-412a-8c6f-2c7eb99e4584", "isDeleted":"false", "size":"741", "version":"1774308307005"}}
{"logTime": "0831/214715", "correlationVector":"RpS5EO56wlMPzWWDGDtmoQ.35","action":"Commit.Passwords", "result":"Conflict", "context":{"id":"2eb498bd-8d8d-4cb1-86d4-9155288f8602", "isDeleted":"false", "size":"650", "version":"1774308298604"}}
{"logTime": "0831/214715", "correlationVector":"RpS5EO56wlMPzWWDGDtmoQ.36","action":"Commit.Passwords", "result":"Conflict", "context":{"id":"bfdea948-a11d-4af1-9325-64bb28f75f8b", "isDeleted":"false", "size":"636", "version":"1774308298623"}}
{"logTime": "0831/214715", "correlationVector":"RpS5EO56wlMPzWWDGDtmoQ.37","action":"Commit.Passwords", "result":"Conflict", "context":{"id":"e883df07-07ff-4cb6-b9f4-444ddbfa7e18", "isDeleted":"false", "size":"643", "version":"1774308309540"}}
{"logTime": "0831/214715", "correlationVector":"RpS5EO56wlMPzWWDGDtmoQ.38","action":"Commit.Passwords", "result":"Conflict", "context":{"id":"bba36aef-f512-44e7-8bbc-af4e24f96029", "isDeleted":"false", "size":"689", "version":"1774308304412"}}
{"logTime": "0831/214715", "correlationVector":"RpS5EO56wlMPzWWDGDtmoQ.39","action":"Commit.Passwords", "result":"Conflict", "context":{"id":"ac412f13-51e7-4d5d-a936-708ac7e2ea70", "isDeleted":"false", "size":"691", "version":"1774308309543"}}
{"logTime": "0831/214715", "correlationVector":"RpS5EO56wlMPzWWDGDtmoQ.40","action":"Commit.Passwords", "result":"Conflict", "context":{"id":"14e1ac44-5926-488c-8232-5c0da25b24cf", "isDeleted":"false", "size":"667", "version":"1774308301692"}}
{"logTime": "0831/214715", "correlationVector":"RpS5EO56wlMPzWWDGDtmoQ.41","action":"Commit.Passwords", "result":"Conflict", "context":{"id":"5db554b6-da30-4541-ae64-348a9f331df6", "isDeleted":"false", "size":"694", "version":"1774308306998"}}
{"logTime": "0831/214715", "correlationVector":"RpS5EO56wlMPzWWDGDtmoQ.42","action":"Commit.Passwords", "result":"Conflict", "context":{"id":"106a6d84-30a5-43da-b58c-cacfa6f8f800", "isDeleted":"false", "size":"667", "version":"1774308301702"}}
{"logTime": "0831/214716", "correlationVector":"270AiKWDzSKYVsuv7j20qv","action":"Normal GetUpdate request", "result":"", "context":cV=270AiKWDzSKYVsuv7j20qv
Nudged types: Passwords, Sessions, History
Notified types: Passwords}
{"logTime": "0831/214716", "correlationVector":"270AiKWDzSKYVsuv7j20qv.1","action":"SyncServerConnectionManagerRequest", "result":"SYNC_SERVER_OK", "context":{"environment":"Prod_eastus2_prod-s01-050-nam-eastus2", "migrationStage":"NotStarted", "server":"akswtt116000020"}}
{"logTime": "0831/214716", "correlationVector":"270AiKWDzSKYVsuv7j20qv.2","action":"ProcessGetUpdates", "result":"Done", "context":{"dataType":"Passwords", "deleted":"0", "process_failed_to_decrypt":"0", "process_pending_decryption":"0", "process_success":"60", "total":"60"}}
{"logTime": "0831/214716", "correlationVector":"270AiKWDzSKYVsuv7j20qv.3","action":"GetUpdates Response", "result":"Success", "context":Received 60 update(s). cV=270AiKWDzSKYVsuv7j20qv.0;server=akswtt116000020;cloudType=Consumer;environment=Prod_eastus2_prod-s01-050-nam-eastus2;migrationStage=NotStarted}
{"logTime": "0831/214716", "correlationVector":"nVikniSObjoEIFWRdbeTEY","action":"Commit Request", "result":"", "context":Item count: 40
Contributing types: Passwords}
{"logTime": "0831/214722", "correlationVector":"nVikniSObjoEIFWRdbeTEY.1","action":"SyncServerConnectionManagerRequest", "result":"SYNC_SERVER_OK", "context":{"environment":"Prod_eastus2_prod-s01-050-nam-eastus2", "migrationStage":"NotStarted", "server":"akswtt1160000d2"}}
{"logTime": "0831/214722", "correlationVector":"nVikniSObjoEIFWRdbeTEY.2","action":"Commit Response", "result":"Success", "context":Result: Success. cV=nVikniSObjoEIFWRdbeTEY.0;server=akswtt1160000d2;cloudType=Consumer;environment=Prod_eastus2_prod-s01-050-nam-eastus2;migrationStage=NotStarted}
{"logTime": "0831/214722", "correlationVector":"a96qZn3aU/Ucft3OiUdA4I","action":"Commit Request", "result":"", "context":Item count: 40
Contributing types: Passwords}
{"logTime": "0831/214727", "correlationVector":"a96qZn3aU/Ucft3OiUdA4I.1","action":"SyncServerConnectionManagerRequest", "result":"SYNC_SERVER_OK", "context":{"environment":"Prod_eastus2_prod-s01-050-nam-eastus2", "migrationStage":"NotStarted", "server":"akswtt11600001l"}}
{"logTime": "0831/214727", "correlationVector":"a96qZn3aU/Ucft3OiUdA4I.2","action":"Commit Response", "result":"Success", "context":Result: Success. cV=a96qZn3aU/Ucft3OiUdA4I.0;server=akswtt11600001l;cloudType=Consumer;environment=Prod_eastus2_prod-s01-050-nam-eastus2;migrationStage=NotStarted}
{"logTime": "0831/214727", "correlationVector":"iyuQQFOmQgOPuND864CtJp","action":"Commit Request", "result":"", "context":Item count: 40
Contributing types: Passwords}
