{"logTime": "0831/214932", "correlationVector":"IjiEalnB+Z/85tvRGYd0q4.1","action":"SyncServerConnectionManagerRequest", "result":"SYNC_SERVER_OK", "context":{"environment":"Prod_eastus2_prod-s01-050-nam-eastus2", "migrationStage":"NotStarted", "server":"akswtt1160000at"}}
{"logTime": "0831/214932", "correlationVector":"IjiEalnB+Z/85tvRGYd0q4.2","action":"ProcessGetUpdates", "result":"Done", "context":{"dataType":"Encryption Keys", "deleted":"0", "process_failed_to_decrypt":"0", "process_pending_decryption":"0", "process_success":"1", "total":"1"}}
{"logTime": "0831/214932", "correlationVector":"tCJpUw5kysFGAPqCxii40O","action":"SyncServerConnectionManagerRequest", "result":"SYNC_SERVER_OK", "context":{"environment":"", "migrationStage":"", "server":""}}
{"logTime": "0831/214932", "correlationVector":"tCJpUw5kysFGAPqCxii40O.0","action":"EncryptionKeysFetcher.DownloadKeys:", "result":"Success", "context":Key count: 9, Last key timestamp: 2026-03-23T23:24:04Z}
{"logTime": "0831/214932", "correlationVector":"tCJpUw5kysFGAPqCxii40O.1","action":"EncryptionKeysManager::SetEncryptionKeys:", "result":"Success", "context":Key names[9]:[usCqlVVt1nCpKtRzJxGiHBoMQlaOJP9loA/eMIMFMkb5yNQoxIqwj0P24I2Ez8pJOil/Ne/wPDLSHfh5Lhyu5w==][GhJ197JLjshYazNQ+T5up3kmzQKuXJ0hdK4uo3m76i2bDqyEXvtz8XYM4sL8rA072BOVm77uiFoUOYThzm2cMA==][NM5x/66Svzaiim7txaq7HEJR3rIGrV9MhmKQklg0WIszJTtRAbF8V9n9cDI6TiRLJLVM1c6P32pj1nnavss48w==][tz3wlKl1y3cAtEocL+91DSLHLC5e0cV8C271m4RKiYHXQp3NU/fGK4O6imwDPquj9wLAdBO3sm5S9UZC/U0qww==][DSO4J2X/NrpjJ+YMfNriQZTWMW+n9IrhipFnFPDRWEYN3lXwy61jVYnP6lLKyjBBx++PVBjCm6MYZLQfuEFpJg==][oixvb6MZ07Guv8VNfFkThyCAsbQ65dFEv5YNKSRc82zf/TcKbtUBhRtPTUSvroSTxA24wbhUsiVys4XPUYEMlw==][gi/Sr8/D4cbaVfrwuKYMxVYtNXUNyOVYElzEqWVfeuNt1WwbQRgSw2m5kiFg3YkOnpzJkq7bzJ6ZMycUtoy92A==][vfJvuC+P3KOejeb7l9r4UeQzY0ONG06ToTd1JgANiY1CWMJ+09MicZ8D0dOpyb6dRmnet/b63Tmgg3AD5FcI3w==][KbcN8N77v/h3m+TzZwxdC4AbylpPx8J0mCgYAkAf0APLt4WwDL4Eb9AFzL386ooh3ZWSWCCqGuObDNhPKmLIeQ==]}
{"logTime": "0831/214932", "correlationVector":"tCJpUw5kysFGAPqCxii40O.2","action":"EncryptionKeysManager::SetEncryptionKeysWithTimestamps:", "result":"Success", "context":Key timestamps[9]:[2021-08-30T18:26:24Z][2021-11-07T22:22:36Z][2021-11-30T00:29:53Z][2022-09-19T03:07:21Z][2023-03-29T17:42:50Z][2023-09-29T03:53:06Z][2024-04-05T22:14:29Z][2024-10-29T12:40:45Z][2026-03-23T23:24:04Z]}
{"logTime": "0831/214932", "correlationVector":"IjiEalnB+Z/85tvRGYd0q4","action":"Initial GetUpdates", "result":"", "context":Reason: NEW_CLIENT. cV=IjiEalnB+Z/85tvRGYd0q4}
{"logTime": "0831/214932", "correlationVector":"IjiEalnB+Z/85tvRGYd0q4.3","action":"GetUpdates Response", "result":"Success", "context":Received 1 update(s). cV=IjiEalnB+Z/85tvRGYd0q4.0;server=akswtt1160000at;cloudType=Consumer;environment=Prod_eastus2_prod-s01-050-nam-eastus2;migrationStage=NotStarted}
{"logTime": "0831/214932", "correlationVector":"ys1k+3iezH4Vx/1EGZlHHa","action":"Initial GetUpdates", "result":"", "context":Reason: NEWLY_SUPPORTED_DATATYPE. cV=ys1k+3iezH4Vx/1EGZlHHa}
{"logTime": "0831/214933", "correlationVector":"ys1k+3iezH4Vx/1EGZlHHa.1","action":"SyncServerConnectionManagerRequest", "result":"SYNC_SERVER_OK", "context":{"environment":"Prod_eastus2_prod-s01-050-nam-eastus2", "migrationStage":"NotStarted", "server":"akswtt1160000az"}}
{"logTime": "0831/214933", "correlationVector":"ys1k+3iezH4Vx/1EGZlHHa.2","action":"ProcessGetUpdates", "result":"Done", "context":{"dataType":"Passwords", "deleted":"1", "process_failed_to_decrypt":"0", "process_pending_decryption":"0", "process_success":"233", "total":"233"}}
{"logTime": "0831/214933", "correlationVector":"ys1k+3iezH4Vx/1EGZlHHa.3","action":"ProcessGetUpdates", "result":"Done", "context":{"dataType":"Device Info", "deleted":"0", "process_failed_to_decrypt":"0", "process_pending_decryption":"0", "process_success":"9", "total":"9"}}
{"logTime": "0831/214933", "correlationVector":"ys1k+3iezH4Vx/1EGZlHHa.4","action":"GetUpdates Response", "result":"Success", "context":Received 242 update(s). cV=ys1k+3iezH4Vx/1EGZlHHa.0;server=akswtt1160000az;cloudType=Consumer;environment=Prod_eastus2_prod-s01-050-nam-eastus2;migrationStage=NotStarted}
{"logTime": "0831/214933", "correlationVector":"HyJH3pg1VqhkZ1toxCWrwR","action":"Initial GetUpdates", "result":"", "context":Reason: NEWLY_SUPPORTED_DATATYPE. cV=HyJH3pg1VqhkZ1toxCWrwR}
{"logTime": "0831/214933", "correlationVector":"HyJH3pg1VqhkZ1toxCWrwR.1","action":"SyncServerConnectionManagerRequest", "result":"SYNC_SERVER_OK", "context":{"environment":"Prod_eastus2_prod-s01-050-nam-eastus2", "migrationStage":"NotStarted", "server":"akswtt1160000cz"}}
{"logTime": "0831/214933", "correlationVector":"HyJH3pg1VqhkZ1toxCWrwR.2","action":"ProcessGetUpdates", "result":"Done", "context":{"dataType":"Bookmarks", "deleted":"0", "process_failed_to_decrypt":"0", "process_pending_decryption":"0", "process_success":"238", "total":"238"}}
{"logTime": "0831/214933", "correlationVector":"HyJH3pg1VqhkZ1toxCWrwR.3","action":"ProcessGetUpdates", "result":"Done", "context":{"dataType":"Preferences", "deleted":"0", "process_failed_to_decrypt":"0", "process_pending_decryption":"0", "process_success":"21", "total":"21"}}
{"logTime": "0831/214933", "correlationVector":"HyJH3pg1VqhkZ1toxCWrwR.4","action":"ProcessGetUpdates", "result":"Done", "context":{"dataType":"Autofill", "deleted":"0", "process_failed_to_decrypt":"0", "process_pending_decryption":"0", "process_success":"1", "total":"1"}}
{"logTime": "0831/214933", "correlationVector":"HyJH3pg1VqhkZ1toxCWrwR.5","action":"ProcessGetUpdates", "result":"Done", "context":{"dataType":"Extensions", "deleted":"0", "process_failed_to_decrypt":"0", "process_pending_decryption":"0", "process_success":"1", "total":"1"}}
{"logTime": "0831/214933", "correlationVector":"HyJH3pg1VqhkZ1toxCWrwR.6","action":"ProcessGetUpdates", "result":"Done", "context":{"dataType":"Extension settings", "deleted":"0", "process_failed_to_decrypt":"0", "process_pending_decryption":"0", "process_success":"7", "total":"7"}}
{"logTime": "0831/214933", "correlationVector":"HyJH3pg1VqhkZ1toxCWrwR.7","action":"GetUpdates Response", "result":"Success", "context":Received 268 update(s). cV=HyJH3pg1VqhkZ1toxCWrwR.0;server=akswtt1160000cz;cloudType=Consumer;environment=Prod_eastus2_prod-s01-050-nam-eastus2;migrationStage=NotStarted Some updates remain.}
{"logTime": "0831/214933", "correlationVector":"8ySpP8UERLrVAkclrzIFgr","action":"Initial GetUpdates", "result":"", "context":Reason: NEWLY_SUPPORTED_DATATYPE. cV=8ySpP8UERLrVAkclrzIFgr}
{"logTime": "0831/214934", "correlationVector":"8ySpP8UERLrVAkclrzIFgr.1","action":"SyncServerConnectionManagerRequest", "result":"SYNC_SERVER_OK", "context":{"environment":"Prod_eastus2_prod-s01-050-nam-eastus2", "migrationStage":"NotStarted", "server":"akswtt116000022"}}
{"logTime": "0831/214934", "correlationVector":"8ySpP8UERLrVAkclrzIFgr.2","action":"ProcessGetUpdates", "result":"Done", "context":{"dataType":"Bookmarks", "deleted":"0", "process_failed_to_decrypt":"0", "process_pending_decryption":"0", "process_success":"33", "total":"33"}}
{"logTime": "0831/214934", "correlationVector":"8ySpP8UERLrVAkclrzIFgr.3","action":"ProcessGetUpdates", "result":"Done", "context":{"dataType":"Preferences", "deleted":"0", "process_failed_to_decrypt":"0", "process_pending_decryption":"0", "process_success":"66", "total":"66"}}
{"logTime": "0831/214934", "correlationVector":"8ySpP8UERLrVAkclrzIFgr.4","action":"ProcessGetUpdates", "result":"Done", "context":{"dataType":"Autofill", "deleted":"0", "process_failed_to_decrypt":"0", "process_pending_decryption":"0", "process_success":"9", "total":"9"}}
{"logTime": "0831/214934", "correlationVector":"8ySpP8UERLrVAkclrzIFgr.5","action":"ProcessGetUpdates", "result":"Done", "context":{"dataType":"Extensions", "deleted":"0", "process_failed_to_decrypt":"0", "process_pending_decryption":"0", "process_success":"10", "total":"10"}}
{"logTime": "0831/214934", "correlationVector":"8ySpP8UERLrVAkclrzIFgr.6","action":"ProcessGetUpdates", "result":"Done", "context":{"dataType":"Sessions", "deleted":"44", "process_failed_to_decrypt":"0", "process_pending_decryption":"0", "process_success":"56", "total":"56"}}
{"logTime": "0831/214934", "correlationVector":"8ySpP8UERLrVAkclrzIFgr.7","action":"ProcessGetUpdates", "result":"Done", "context":{"dataType":"Edge Hub App Usage", "deleted":"0", "process_failed_to_decrypt":"0", "process_pending_decryption":"0", "process_success":"11", "total":"11"}}
{"logTime": "0831/214934", "correlationVector":"8ySpP8UERLrVAkclrzIFgr.8","action":"GetUpdates Response", "result":"Success", "context":Received 185 update(s). cV=8ySpP8UERLrVAkclrzIFgr.0;server=akswtt116000022;cloudType=Consumer;environment=Prod_eastus2_prod-s01-050-nam-eastus2;migrationStage=NotStarted}
{"logTime": "0831/214934", "correlationVector":"GSoJMlFHXHt78P3ALpuQ65","action":"Initial GetUpdates", "result":"", "context":Reason: NEWLY_SUPPORTED_DATATYPE. cV=GSoJMlFHXHt78P3ALpuQ65}
{"logTime": "0831/214934", "correlationVector":"GSoJMlFHXHt78P3ALpuQ65.1","action":"SyncServerConnectionManagerRequest", "result":"SYNC_SERVER_OK", "context":{"environment":"Prod_eastus2_prod-s01-050-nam-eastus2", "migrationStage":"NotStarted", "server":"akswtt11600001v"}}
{"logTime": "0831/214934", "correlationVector":"GSoJMlFHXHt78P3ALpuQ65.2","action":"ProcessGetUpdates", "result":"Done", "context":{"dataType":"History", "deleted":"0", "process_failed_to_decrypt":"0", "process_pending_decryption":"0", "process_success":"78", "total":"78"}}
{"logTime": "0831/214934", "correlationVector":"GSoJMlFHXHt78P3ALpuQ65.3","action":"GetUpdates Response", "result":"Success", "context":Received 78 update(s). cV=GSoJMlFHXHt78P3ALpuQ65.0;server=akswtt11600001v;cloudType=Consumer;environment=Prod_eastus2_prod-s01-050-nam-eastus2;migrationStage=NotStarted}
{"logTime": "0831/214934", "correlationVector":"lj59ed8/W5nIHKamDzP5TU","action":"Normal GetUpdate request", "result":"", "context":cV=lj59ed8/W5nIHKamDzP5TU
Nudged types: Sessions, Device Info, User Consents
Refresh requested types: Bookmarks, Preferences, Passwords, Autofill Profiles, Autofill, Extensions, Sessions, Extension settings, History Delete Directives, Device Info, User Consents, Send Tab To Self, Web Apps, History, Saved Tab Group, WebAuthn Credentials, Edge Hub App Usage, Edge Workspace, Encryption Keys}
{"logTime": "0831/214935", "correlationVector":"lj59ed8/W5nIHKamDzP5TU.1","action":"SyncServerConnectionManagerRequest", "result":"SYNC_SERVER_OK", "context":{"environment":"Prod_eastus2_prod-s01-050-nam-eastus2", "migrationStage":"NotStarted", "server":"akswtt11600001g"}}
{"logTime": "0831/214935", "correlationVector":"lj59ed8/W5nIHKamDzP5TU.2","action":"GetUpdates Response", "result":"Success", "context":Received 0 update(s). cV=lj59ed8/W5nIHKamDzP5TU.0;server=akswtt11600001g;cloudType=Consumer;environment=Prod_eastus2_prod-s01-050-nam-eastus2;migrationStage=NotStarted}
{"logTime": "0831/214935", "correlationVector":"HTGfz/SvM1lF0VUU+OW2Bj","action":"DoCompareDataConsistency requsted types: ", "result":"Bookmarks, Preferences, Passwords, Extensions, Extension settings, History Delete Directives, Send Tab To Self, Web Apps, History, Saved Tab Group, WebAuthn Credentials, Edge Workspace, Encryption Keys"}
{"logTime": "0831/214935", "correlationVector":"HTGfz/SvM1lF0VUU+OW2Bj.0","action":"CompareDataConsistency result: ", "result":"Compare result: Encryption Keys is consistent. local entities count is: 1 local entities hash is: IwcOrPIHKPioGkBPHewRtpw233E="}
{"logTime": "0831/214935", "correlationVector":"HTGfz/SvM1lF0VUU+OW2Bj.1","action":"CompareDataConsistency result: ", "result":"Compare result: Bookmarks is consistent. local entities count is: 265 local entities hash is: neJo3FFlKC4goLwrfETIeaI4xBU="}
{"logTime": "0831/214935", "correlationVector":"HTGfz/SvM1lF0VUU+OW2Bj.2","action":"CompareDataConsistency result: ", "result":"Compare result: Preferences is consistent. local entities count is: 87 local entities hash is: 1F/GAywd6eFCjBqqiFvDPuznd7U="}
{"logTime": "0831/214935", "correlationVector":"HTGfz/SvM1lF0VUU+OW2Bj.3","action":"CompareDataConsistency result: ", "result":"Compare result: Extensions is consistent. local entities count is: 11 local entities hash is: GARtjwa5Ens+gNPoSCpeDkUVUp8="}
{"logTime": "0831/214935", "correlationVector":"HTGfz/SvM1lF0VUU+OW2Bj.4","action":"CompareDataConsistency result: ", "result":"Compare result: Extension settings is consistent. local entities count is: 7 local entities hash is: JUtotFvRIFbXRv71gFA/xIJnEPE="}
{"logTime": "0831/214935", "correlationVector":"HTGfz/SvM1lF0VUU+OW2Bj.5","action":"CompareDataConsistency result: ", "result":"Compare result: History Delete Directives is consistent. local entities count is: 0 local entities hash is: "}
{"logTime": "0831/214935", "correlationVector":"HTGfz/SvM1lF0VUU+OW2Bj.6","action":"CompareDataConsistency result: ", "result":"Server did not send this Send Tab To Self local entities count is: 0 local entities hash is: "}
{"logTime": "0831/214935", "correlationVector":"HTGfz/SvM1lF0VUU+OW2Bj.7","action":"CompareDataConsistency result: ", "result":"Compare result: Web Apps is consistent. local entities count is: 0 local entities hash is: "}
{"logTime": "0831/214935", "correlationVector":"HTGfz/SvM1lF0VUU+OW2Bj.8","action":"CompareDataConsistency result: ", "result":"Server did not send this History local entities count is: 0 local entities hash is: "}
{"logTime": "0831/214935", "correlationVector":"HTGfz/SvM1lF0VUU+OW2Bj.9","action":"CompareDataConsistency result: ", "result":"Compare result: Saved Tab Group is consistent. local entities count is: 0 local entities hash is: "}
{"logTime": "0831/214935", "correlationVector":"HTGfz/SvM1lF0VUU+OW2Bj.10","action":"CompareDataConsistency result: ", "result":"Server did not send this WebAuthn Credentials local entities count is: 0 local entities hash is: "}
{"logTime": "0831/214935", "correlationVector":"HTGfz/SvM1lF0VUU+OW2Bj.11","action":"CompareDataConsistency result: ", "result":"Server did not send this Edge Workspace local entities count is: 0 local entities hash is: "}
{"logTime": "0831/214935", "correlationVector":"HTGfz/SvM1lF0VUU+OW2Bj.12","action":"CompareDataConsistency result: ", "result":"Compare result: Passwords is consistent. local entities count is: 232 local entities hash is: I96q4xXhsxcqRtZKZb47JHByq60="}
{"logTime": "0831/214935", "correlationVector":"0/4V0du0B9QU8VI2A5xgJa","action":"Commit Request", "result":"", "context":Item count: 4
Contributing types: Sessions, Device Info, User Consents}
{"logTime": "0831/214936", "correlationVector":"0/4V0du0B9QU8VI2A5xgJa.1","action":"SyncServerConnectionManagerRequest", "result":"SYNC_SERVER_OK", "context":{"environment":"Prod_eastus2_prod-s01-050-nam-eastus2", "migrationStage":"NotStarted", "server":"akswtt11600001v"}}
{"logTime": "0831/214936", "correlationVector":"0/4V0du0B9QU8VI2A5xgJa.2","action":"Commit Response", "result":"Success", "context":Result: Success. cV=0/4V0du0B9QU8VI2A5xgJa.0;server=akswtt11600001v;cloudType=Consumer;environment=Prod_eastus2_prod-s01-050-nam-eastus2;migrationStage=NotStarted}
{"logTime": "0831/214936", "correlationVector":"","action":"DIAGNOSTIC_REQUEST|v1/diagnosticData/Diagnostic.SendCheckResult()|SUCCESS", "result":""}
{"logTime": "0831/214958", "correlationVector":"K4Xe6naj40gSOEP5pba90+","action":"Commit Request", "result":"", "context":Item count: 9
Contributing types: Sessions, History, Edge Hub App Usage}
{"logTime": "0831/215000", "correlationVector":"K4Xe6naj40gSOEP5pba90+.1","action":"SyncServerConnectionManagerRequest", "result":"SYNC_SERVER_OK", "context":{"environment":"Prod_eastus2_prod-s01-050-nam-eastus2", "migrationStage":"NotStarted", "server":"akswtt11600000j"}}
{"logTime": "0831/215000", "correlationVector":"K4Xe6naj40gSOEP5pba90+.2","action":"Commit Response", "result":"Success", "context":Result: Success. cV=K4Xe6naj40gSOEP5pba90+.0;server=akswtt11600000j;cloudType=Consumer;environment=Prod_eastus2_prod-s01-050-nam-eastus2;migrationStage=NotStarted}
