{"logTime": "0831/214610", "correlationVector":"VtERmo+X7a9XjWECaWH3c6.1","action":"SyncServerConnectionManagerRequest", "result":"SYNC_SERVER_OK", "context":{"environment":"Prod_eastus2_prod-s01-050-nam-eastus2", "migrationStage":"NotStarted", "server":"akswtt11600000p"}}
{"logTime": "0831/214610", "correlationVector":"VtERmo+X7a9XjWECaWH3c6.2","action":"ProcessGetUpdates", "result":"Done", "context":{"dataType":"Encryption Keys", "deleted":"0", "process_failed_to_decrypt":"0", "process_pending_decryption":"0", "process_success":"1", "total":"1"}}
{"logTime": "0831/214610", "correlationVector":"cPyIpUB+7QCIT4Jcu/NymF","action":"SyncServerConnectionManagerRequest", "result":"SYNC_SERVER_OK", "context":{"environment":"", "migrationStage":"", "server":""}}
{"logTime": "0831/214610", "correlationVector":"cPyIpUB+7QCIT4Jcu/NymF.0","action":"EncryptionKeysFetcher.DownloadKeys:", "result":"Success", "context":Key count: 9, Last key timestamp: 2026-03-23T23:24:04Z}
{"logTime": "0831/214610", "correlationVector":"cPyIpUB+7QCIT4Jcu/NymF.1","action":"EncryptionKeysManager::SetEncryptionKeys:", "result":"Success", "context":Key names[9]:[usCqlVVt1nCpKtRzJxGiHBoMQlaOJP9loA/eMIMFMkb5yNQoxIqwj0P24I2Ez8pJOil/Ne/wPDLSHfh5Lhyu5w==][GhJ197JLjshYazNQ+T5up3kmzQKuXJ0hdK4uo3m76i2bDqyEXvtz8XYM4sL8rA072BOVm77uiFoUOYThzm2cMA==][NM5x/66Svzaiim7txaq7HEJR3rIGrV9MhmKQklg0WIszJTtRAbF8V9n9cDI6TiRLJLVM1c6P32pj1nnavss48w==][tz3wlKl1y3cAtEocL+91DSLHLC5e0cV8C271m4RKiYHXQp3NU/fGK4O6imwDPquj9wLAdBO3sm5S9UZC/U0qww==][DSO4J2X/NrpjJ+YMfNriQZTWMW+n9IrhipFnFPDRWEYN3lXwy61jVYnP6lLKyjBBx++PVBjCm6MYZLQfuEFpJg==][oixvb6MZ07Guv8VNfFkThyCAsbQ65dFEv5YNKSRc82zf/TcKbtUBhRtPTUSvroSTxA24wbhUsiVys4XPUYEMlw==][gi/Sr8/D4cbaVfrwuKYMxVYtNXUNyOVYElzEqWVfeuNt1WwbQRgSw2m5kiFg3YkOnpzJkq7bzJ6ZMycUtoy92A==][vfJvuC+P3KOejeb7l9r4UeQzY0ONG06ToTd1JgANiY1CWMJ+09MicZ8D0dOpyb6dRmnet/b63Tmgg3AD5FcI3w==][KbcN8N77v/h3m+TzZwxdC4AbylpPx8J0mCgYAkAf0APLt4WwDL4Eb9AFzL386ooh3ZWSWCCqGuObDNhPKmLIeQ==]}
{"logTime": "0831/214610", "correlationVector":"cPyIpUB+7QCIT4Jcu/NymF.2","action":"EncryptionKeysManager::SetEncryptionKeysWithTimestamps:", "result":"Success", "context":Key timestamps[9]:[2021-08-30T18:26:24Z][2021-11-07T22:22:36Z][2021-11-30T00:29:53Z][2022-09-19T03:07:21Z][2023-03-29T17:42:50Z][2023-09-29T03:53:06Z][2024-04-05T22:14:29Z][2024-10-29T12:40:45Z][2026-03-23T23:24:04Z]}
{"logTime": "0831/214610", "correlationVector":"VtERmo+X7a9XjWECaWH3c6","action":"Initial GetUpdates", "result":"", "context":Reason: NEW_CLIENT. cV=VtERmo+X7a9XjWECaWH3c6}
{"logTime": "0831/214610", "correlationVector":"VtERmo+X7a9XjWECaWH3c6.3","action":"GetUpdates Response", "result":"Success", "context":Received 1 update(s). cV=VtERmo+X7a9XjWECaWH3c6.0;server=akswtt11600000p;cloudType=Consumer;environment=Prod_eastus2_prod-s01-050-nam-eastus2;migrationStage=NotStarted}
{"logTime": "0831/214610", "correlationVector":"GE52BnZ/+4jEaZ9Bum+NEo","action":"Initial GetUpdates", "result":"", "context":Reason: NEWLY_SUPPORTED_DATATYPE. cV=GE52BnZ/+4jEaZ9Bum+NEo}
{"logTime": "0831/214611", "correlationVector":"GE52BnZ/+4jEaZ9Bum+NEo.1","action":"SyncServerConnectionManagerRequest", "result":"SYNC_SERVER_OK", "context":{"environment":"Prod_eastus2_prod-s01-050-nam-eastus2", "migrationStage":"NotStarted", "server":"akswtt11600001f"}}
{"logTime": "0831/214611", "correlationVector":"GE52BnZ/+4jEaZ9Bum+NEo.2","action":"ProcessGetUpdates", "result":"Done", "context":{"dataType":"Passwords", "deleted":"1", "process_failed_to_decrypt":"0", "process_pending_decryption":"0", "process_success":"233", "total":"233"}}
{"logTime": "0831/214611", "correlationVector":"GE52BnZ/+4jEaZ9Bum+NEo.3","action":"ProcessGetUpdates", "result":"Done", "context":{"dataType":"Device Info", "deleted":"0", "process_failed_to_decrypt":"0", "process_pending_decryption":"0", "process_success":"7", "total":"7"}}
{"logTime": "0831/214611", "correlationVector":"GE52BnZ/+4jEaZ9Bum+NEo.4","action":"GetUpdates Response", "result":"Success", "context":Received 240 update(s). cV=GE52BnZ/+4jEaZ9Bum+NEo.0;server=akswtt11600001f;cloudType=Consumer;environment=Prod_eastus2_prod-s01-050-nam-eastus2;migrationStage=NotStarted}
{"logTime": "0831/214611", "correlationVector":"66W3yS7xk1NbYM6CK8TDwt","action":"Initial GetUpdates", "result":"", "context":Reason: NEWLY_SUPPORTED_DATATYPE. cV=66W3yS7xk1NbYM6CK8TDwt}
{"logTime": "0831/214612", "correlationVector":"66W3yS7xk1NbYM6CK8TDwt.1","action":"SyncServerConnectionManagerRequest", "result":"SYNC_SERVER_OK", "context":{"environment":"Prod_eastus2_prod-s01-050-nam-eastus2", "migrationStage":"NotStarted", "server":"akswtt11600008e"}}
{"logTime": "0831/214612", "correlationVector":"66W3yS7xk1NbYM6CK8TDwt.2","action":"ProcessGetUpdates", "result":"Done", "context":{"dataType":"Bookmarks", "deleted":"0", "process_failed_to_decrypt":"0", "process_pending_decryption":"0", "process_success":"238", "total":"238"}}
{"logTime": "0831/214612", "correlationVector":"66W3yS7xk1NbYM6CK8TDwt.3","action":"ProcessGetUpdates", "result":"Done", "context":{"dataType":"Preferences", "deleted":"0", "process_failed_to_decrypt":"0", "process_pending_decryption":"0", "process_success":"21", "total":"21"}}
{"logTime": "0831/214612", "correlationVector":"66W3yS7xk1NbYM6CK8TDwt.4","action":"ProcessGetUpdates", "result":"Done", "context":{"dataType":"Autofill", "deleted":"0", "process_failed_to_decrypt":"0", "process_pending_decryption":"0", "process_success":"1", "total":"1"}}
{"logTime": "0831/214612", "correlationVector":"66W3yS7xk1NbYM6CK8TDwt.5","action":"ProcessGetUpdates", "result":"Done", "context":{"dataType":"Extensions", "deleted":"0", "process_failed_to_decrypt":"0", "process_pending_decryption":"0", "process_success":"1", "total":"1"}}
{"logTime": "0831/214612", "correlationVector":"66W3yS7xk1NbYM6CK8TDwt.6","action":"ProcessGetUpdates", "result":"Done", "context":{"dataType":"Extension settings", "deleted":"0", "process_failed_to_decrypt":"0", "process_pending_decryption":"0", "process_success":"7", "total":"7"}}
{"logTime": "0831/214612", "correlationVector":"66W3yS7xk1NbYM6CK8TDwt.7","action":"GetUpdates Response", "result":"Success", "context":Received 268 update(s). cV=66W3yS7xk1NbYM6CK8TDwt.0;server=akswtt11600008e;cloudType=Consumer;environment=Prod_eastus2_prod-s01-050-nam-eastus2;migrationStage=NotStarted Some updates remain.}
{"logTime": "0831/214612", "correlationVector":"6O34Fg0qFmV27akCVwtD+Q","action":"Initial GetUpdates", "result":"", "context":Reason: NEWLY_SUPPORTED_DATATYPE. cV=6O34Fg0qFmV27akCVwtD+Q}
{"logTime": "0831/214612", "correlationVector":"6O34Fg0qFmV27akCVwtD+Q.1","action":"SyncServerConnectionManagerRequest", "result":"SYNC_SERVER_OK", "context":{"environment":"Prod_eastus2_prod-s01-050-nam-eastus2", "migrationStage":"NotStarted", "server":"akswtt116000013"}}
{"logTime": "0831/214612", "correlationVector":"6O34Fg0qFmV27akCVwtD+Q.2","action":"ProcessGetUpdates", "result":"Done", "context":{"dataType":"Bookmarks", "deleted":"0", "process_failed_to_decrypt":"0", "process_pending_decryption":"0", "process_success":"33", "total":"33"}}
{"logTime": "0831/214612", "correlationVector":"6O34Fg0qFmV27akCVwtD+Q.3","action":"ProcessGetUpdates", "result":"Done", "context":{"dataType":"Preferences", "deleted":"0", "process_failed_to_decrypt":"0", "process_pending_decryption":"0", "process_success":"66", "total":"66"}}
{"logTime": "0831/214612", "correlationVector":"6O34Fg0qFmV27akCVwtD+Q.4","action":"ProcessGetUpdates", "result":"Done", "context":{"dataType":"Autofill", "deleted":"0", "process_failed_to_decrypt":"0", "process_pending_decryption":"0", "process_success":"9", "total":"9"}}
{"logTime": "0831/214612", "correlationVector":"6O34Fg0qFmV27akCVwtD+Q.5","action":"ProcessGetUpdates", "result":"Done", "context":{"dataType":"Extensions", "deleted":"0", "process_failed_to_decrypt":"0", "process_pending_decryption":"0", "process_success":"10", "total":"10"}}
{"logTime": "0831/214612", "correlationVector":"6O34Fg0qFmV27akCVwtD+Q.6","action":"ProcessGetUpdates", "result":"Done", "context":{"dataType":"Sessions", "deleted":"44", "process_failed_to_decrypt":"0", "process_pending_decryption":"0", "process_success":"47", "total":"47"}}
{"logTime": "0831/214612", "correlationVector":"6O34Fg0qFmV27akCVwtD+Q.7","action":"ProcessGetUpdates", "result":"Done", "context":{"dataType":"Edge Hub App Usage", "deleted":"0", "process_failed_to_decrypt":"0", "process_pending_decryption":"0", "process_success":"10", "total":"10"}}
{"logTime": "0831/214612", "correlationVector":"6O34Fg0qFmV27akCVwtD+Q.8","action":"GetUpdates Response", "result":"Success", "context":Received 175 update(s). cV=6O34Fg0qFmV27akCVwtD+Q.0;server=akswtt116000013;cloudType=Consumer;environment=Prod_eastus2_prod-s01-050-nam-eastus2;migrationStage=NotStarted}
{"logTime": "0831/214612", "correlationVector":"LPRelvqLMK+rm0xivfhELS","action":"Initial GetUpdates", "result":"", "context":Reason: NEWLY_SUPPORTED_DATATYPE. cV=LPRelvqLMK+rm0xivfhELS}
{"logTime": "0831/214613", "correlationVector":"LPRelvqLMK+rm0xivfhELS.1","action":"SyncServerConnectionManagerRequest", "result":"SYNC_SERVER_OK", "context":{"environment":"Prod_eastus2_prod-s01-050-nam-eastus2", "migrationStage":"NotStarted", "server":"akswtt11600000z"}}
{"logTime": "0831/214613", "correlationVector":"LPRelvqLMK+rm0xivfhELS.2","action":"ProcessGetUpdates", "result":"Done", "context":{"dataType":"History", "deleted":"0", "process_failed_to_decrypt":"0", "process_pending_decryption":"0", "process_success":"68", "total":"68"}}
{"logTime": "0831/214613", "correlationVector":"LPRelvqLMK+rm0xivfhELS.3","action":"GetUpdates Response", "result":"Success", "context":Received 68 update(s). cV=LPRelvqLMK+rm0xivfhELS.0;server=akswtt11600000z;cloudType=Consumer;environment=Prod_eastus2_prod-s01-050-nam-eastus2;migrationStage=NotStarted}
{"logTime": "0831/214613", "correlationVector":"46V5pIoGBByDQRtt2YHVyP","action":"Normal GetUpdate request", "result":"", "context":cV=46V5pIoGBByDQRtt2YHVyP
Nudged types: Sessions, Device Info, User Consents
Refresh requested types: Bookmarks, Preferences, Passwords, Autofill Profiles, Autofill, Extensions, Sessions, Extension settings, History Delete Directives, Device Info, User Consents, Send Tab To Self, Web Apps, History, Saved Tab Group, WebAuthn Credentials, Edge Hub App Usage, Edge Workspace, Encryption Keys}
{"logTime": "0831/214614", "correlationVector":"46V5pIoGBByDQRtt2YHVyP.1","action":"SyncServerConnectionManagerRequest", "result":"SYNC_SERVER_OK", "context":{"environment":"Prod_eastus2_prod-s01-050-nam-eastus2", "migrationStage":"NotStarted", "server":"akswtt116000000"}}
{"logTime": "0831/214614", "correlationVector":"46V5pIoGBByDQRtt2YHVyP.2","action":"GetUpdates Response", "result":"Success", "context":Received 0 update(s). cV=46V5pIoGBByDQRtt2YHVyP.0;server=akswtt116000000;cloudType=Consumer;environment=Prod_eastus2_prod-s01-050-nam-eastus2;migrationStage=NotStarted}
{"logTime": "0831/214614", "correlationVector":"+DlU8iFhIzKd68PGS2uk6+","action":"DoCompareDataConsistency requsted types: ", "result":"Bookmarks, Preferences, Passwords, Extensions, Extension settings, History Delete Directives, Send Tab To Self, Web Apps, History, Saved Tab Group, WebAuthn Credentials, Edge Workspace, Encryption Keys"}
{"logTime": "0831/214614", "correlationVector":"+DlU8iFhIzKd68PGS2uk6+.0","action":"CompareDataConsistency result: ", "result":"Compare result: Encryption Keys is consistent. local entities count is: 1 local entities hash is: IwcOrPIHKPioGkBPHewRtpw233E="}
{"logTime": "0831/214614", "correlationVector":"+DlU8iFhIzKd68PGS2uk6+.1","action":"CompareDataConsistency result: ", "result":"Compare result: Bookmarks is consistent. local entities count is: 265 local entities hash is: neJo3FFlKC4goLwrfETIeaI4xBU="}
{"logTime": "0831/214614", "correlationVector":"+DlU8iFhIzKd68PGS2uk6+.2","action":"CompareDataConsistency result: ", "result":"Compare result: Preferences is consistent. local entities count is: 87 local entities hash is: 1F/GAywd6eFCjBqqiFvDPuznd7U="}
{"logTime": "0831/214614", "correlationVector":"+DlU8iFhIzKd68PGS2uk6+.3","action":"CompareDataConsistency result: ", "result":"Compare result: Extensions is consistent. local entities count is: 11 local entities hash is: GARtjwa5Ens+gNPoSCpeDkUVUp8="}
{"logTime": "0831/214614", "correlationVector":"+DlU8iFhIzKd68PGS2uk6+.4","action":"CompareDataConsistency result: ", "result":"Compare result: Extension settings is consistent. local entities count is: 7 local entities hash is: JUtotFvRIFbXRv71gFA/xIJnEPE="}
{"logTime": "0831/214614", "correlationVector":"+DlU8iFhIzKd68PGS2uk6+.5","action":"CompareDataConsistency result: ", "result":"Compare result: History Delete Directives is consistent. local entities count is: 0 local entities hash is: "}
{"logTime": "0831/214614", "correlationVector":"+DlU8iFhIzKd68PGS2uk6+.6","action":"CompareDataConsistency result: ", "result":"Server did not send this Send Tab To Self local entities count is: 0 local entities hash is: "}
{"logTime": "0831/214614", "correlationVector":"+DlU8iFhIzKd68PGS2uk6+.7","action":"CompareDataConsistency result: ", "result":"Compare result: Web Apps is consistent. local entities count is: 0 local entities hash is: "}
{"logTime": "0831/214614", "correlationVector":"+DlU8iFhIzKd68PGS2uk6+.8","action":"CompareDataConsistency result: ", "result":"Server did not send this History local entities count is: 0 local entities hash is: "}
{"logTime": "0831/214614", "correlationVector":"+DlU8iFhIzKd68PGS2uk6+.9","action":"CompareDataConsistency result: ", "result":"Compare result: Saved Tab Group is consistent. local entities count is: 0 local entities hash is: "}
{"logTime": "0831/214614", "correlationVector":"+DlU8iFhIzKd68PGS2uk6+.10","action":"CompareDataConsistency result: ", "result":"Server did not send this WebAuthn Credentials local entities count is: 0 local entities hash is: "}
{"logTime": "0831/214614", "correlationVector":"+DlU8iFhIzKd68PGS2uk6+.11","action":"CompareDataConsistency result: ", "result":"Server did not send this Edge Workspace local entities count is: 0 local entities hash is: "}
{"logTime": "0831/214614", "correlationVector":"+DlU8iFhIzKd68PGS2uk6+.12","action":"CompareDataConsistency result: ", "result":"Compare result: Passwords is consistent. local entities count is: 232 local entities hash is: vUtxu+NM3Uy5bWJlJsDr8l55QPA="}
{"logTime": "0831/214614", "correlationVector":"80hNVjjdKopNrY08R067ak","action":"Commit Request", "result":"", "context":Item count: 4
Contributing types: Sessions, Device Info, User Consents}
{"logTime": "0831/214615", "correlationVector":"80hNVjjdKopNrY08R067ak.1","action":"SyncServerConnectionManagerRequest", "result":"SYNC_SERVER_OK", "context":{"environment":"Prod_eastus2_prod-s01-050-nam-eastus2", "migrationStage":"NotStarted", "server":"akswtt116000014"}}
{"logTime": "0831/214615", "correlationVector":"80hNVjjdKopNrY08R067ak.2","action":"Commit Response", "result":"Success", "context":Result: Success. cV=80hNVjjdKopNrY08R067ak.0;server=akswtt116000014;cloudType=Consumer;environment=Prod_eastus2_prod-s01-050-nam-eastus2;migrationStage=NotStarted}
{"logTime": "0831/214615", "correlationVector":"","action":"DIAGNOSTIC_REQUEST|v1/diagnosticData/Diagnostic.SendCheckResult()|SUCCESS", "result":""}
{"logTime": "0831/214616", "correlationVector":"XoAoQ2DzFJb3nKzCPxUH9n","action":"Normal GetUpdate request", "result":"", "context":cV=XoAoQ2DzFJb3nKzCPxUH9n
Notified types: Device Info}
{"logTime": "0831/214616", "correlationVector":"XoAoQ2DzFJb3nKzCPxUH9n.1","action":"SyncServerConnectionManagerRequest", "result":"SYNC_SERVER_OK", "context":{"environment":"Prod_eastus2_prod-s01-050-nam-eastus2", "migrationStage":"NotStarted", "server":"akswtt1160000a0"}}
{"logTime": "0831/214616", "correlationVector":"XoAoQ2DzFJb3nKzCPxUH9n.2","action":"ProcessGetUpdates", "result":"Done", "context":{"dataType":"Sessions", "deleted":"0", "process_failed_to_decrypt":"0", "process_pending_decryption":"0", "process_success":"4", "total":"4"}}
{"logTime": "0831/214616", "correlationVector":"XoAoQ2DzFJb3nKzCPxUH9n.3","action":"ProcessGetUpdates", "result":"Done", "context":{"dataType":"Device Info", "deleted":"0", "process_failed_to_decrypt":"0", "process_pending_decryption":"0", "process_success":"2", "total":"2"}}
{"logTime": "0831/214616", "correlationVector":"XoAoQ2DzFJb3nKzCPxUH9n.4","action":"GetUpdates Response", "result":"Success", "context":Received 6 update(s). cV=XoAoQ2DzFJb3nKzCPxUH9n.0;server=akswtt1160000a0;cloudType=Consumer;environment=Prod_eastus2_prod-s01-050-nam-eastus2;migrationStage=NotStarted}
{"logTime": "0831/214710", "correlationVector":"3azUxMEqaAzf7hZ5FGmmWa","action":"Commit Request", "result":"", "context":Item count: 40
Contributing types: Passwords}
{"logTime": "0831/214711", "correlationVector":"3azUxMEqaAzf7hZ5FGmmWa.1","action":"SyncServerConnectionManagerRequest", "result":"SYNC_SERVER_OK", "context":{"environment":"Prod_eastus2_prod-s01-050-nam-eastus2", "migrationStage":"NotStarted", "server":"akswtt116000013"}}
{"logTime": "0831/214711", "correlationVector":"3azUxMEqaAzf7hZ5FGmmWa.2","action":"Commit Response", "result":"Success", "context":Result: Success. cV=3azUxMEqaAzf7hZ5FGmmWa.0;server=akswtt116000013;cloudType=Consumer;environment=Prod_eastus2_prod-s01-050-nam-eastus2;migrationStage=NotStarted}
{"logTime": "0831/214711", "correlationVector":"3azUxMEqaAzf7hZ5FGmmWa.3","action":"Commit.Passwords", "result":"Conflict", "context":{"id":"ff3e4ebb-ac8f-4b1c-a028-8353e6014570", "isDeleted":"false", "size":"666", "version":"1774308301709"}}
{"logTime": "0831/214711", "correlationVector":"3azUxMEqaAzf7hZ5FGmmWa.4","action":"Commit.Passwords", "result":"Conflict", "context":{"id":"f2d8beb8-c554-4ea0-97de-fc6d1a4287a0", "isDeleted":"false", "size":"738", "version":"1774308301710"}}
{"logTime": "0831/214711", "correlationVector":"3azUxMEqaAzf7hZ5FGmmWa.5","action":"Commit.Passwords", "result":"Conflict", "context":{"id":"bbae6ffe-1b4c-46f7-a461-f90647ee8859", "isDeleted":"false", "size":"644", "version":"1774308298625"}}
{"logTime": "0831/214711", "correlationVector":"3azUxMEqaAzf7hZ5FGmmWa.6","action":"Commit.Passwords", "result":"Conflict", "context":{"id":"a0aa2dad-401b-40ea-9d8d-c77745a0b40b", "isDeleted":"false", "size":"666", "version":"1774308298597"}}
{"logTime": "0831/214711", "correlationVector":"3azUxMEqaAzf7hZ5FGmmWa.7","action":"Commit.Passwords", "result":"Conflict", "context":{"id":"265b5053-c004-4111-8b37-51a614301ae0", "isDeleted":"false", "size":"740", "version":"1774308298599"}}
{"logTime": "0831/214711", "correlationVector":"3azUxMEqaAzf7hZ5FGmmWa.8","action":"Commit.Passwords", "result":"Conflict", "context":{"id":"bba36aef-f512-44e7-8bbc-af4e24f96029", "isDeleted":"false", "size":"689", "version":"1774308304412"}}
{"logTime": "0831/214711", "correlationVector":"3azUxMEqaAzf7hZ5FGmmWa.9","action":"Commit.Passwords", "result":"Conflict", "context":{"id":"b4d1dd8e-bcfa-40d3-907b-e8af5e834c80", "isDeleted":"false", "size":"641", "version":"1774308298606"}}
{"logTime": "0831/214711", "correlationVector":"3azUxMEqaAzf7hZ5FGmmWa.10","action":"Commit.Passwords", "result":"Conflict", "context":{"id":"d4656de5-5311-4726-becd-e21afe1cc15f", "isDeleted":"false", "size":"717", "version":"1774308301713"}}
{"logTime": "0831/214711", "correlationVector":"3azUxMEqaAzf7hZ5FGmmWa.11","action":"Commit.Passwords", "result":"Conflict", "context":{"id":"15a0c886-d35c-44cd-813b-f5ab37c29b36", "isDeleted":"false", "size":"673", "version":"1774308304414"}}
{"logTime": "0831/214711", "correlationVector":"3azUxMEqaAzf7hZ5FGmmWa.12","action":"Commit.Passwords", "result":"Conflict", "context":{"id":"5ed20ff9-2f6f-479c-bb08-52614ee8cea3", "isDeleted":"false", "size":"822", "version":"1774308304446"}}
{"logTime": "0831/214711", "correlationVector":"3azUxMEqaAzf7hZ5FGmmWa.13","action":"Commit.Passwords", "result":"Conflict", "context":{"id":"1c11b266-1d01-49ce-a255-8bb87a36dc9a", "isDeleted":"false", "size":"669", "version":"1774308301720"}}
{"logTime": "0831/214711", "correlationVector":"3azUxMEqaAzf7hZ5FGmmWa.14","action":"Commit.Passwords", "result":"Conflict", "context":{"id":"b629b758-5f2a-4156-977c-f111bd7a96aa", "isDeleted":"false", "size":"667", "version":"1774308304430"}}
{"logTime": "0831/214711", "correlationVector":"3azUxMEqaAzf7hZ5FGmmWa.15","action":"Commit.Passwords", "result":"Conflict", "context":{"id":"68b206cb-1725-40e7-a04b-4cb6b09e4180", "isDeleted":"false", "size":"713", "version":"1774308301726"}}
{"logTime": "0831/214711", "correlationVector":"3azUxMEqaAzf7hZ5FGmmWa.16","action":"Commit.Passwords", "result":"Conflict", "context":{"id":"d18823fb-c55e-4cac-b28e-f46b05465b0d", "isDeleted":"false", "size":"643", "version":"1774308298596"}}
{"logTime": "0831/214711", "correlationVector":"3azUxMEqaAzf7hZ5FGmmWa.17","action":"Commit.Passwords", "result":"Conflict", "context":{"id":"e0faf69d-bcbf-4cee-a23f-45eaaf92d09f", "isDeleted":"false", "size":"712", "version":"1774308304434"}}
{"logTime": "0831/214711", "correlationVector":"3azUxMEqaAzf7hZ5FGmmWa.18","action":"Commit.Passwords", "result":"Conflict", "context":{"id":"aff9d512-0fa4-4552-99d8-51bd6b84209c", "isDeleted":"false", "size":"806", "version":"1774308309535"}}
{"logTime": "0831/214711", "correlationVector":"3azUxMEqaAzf7hZ5FGmmWa.19","action":"Commit.Passwords", "result":"Conflict", "context":{"id":"5ab2f725-e773-4c1f-aa6f-9075378c4778", "isDeleted":"false", "size":"695", "version":"1774308309536"}}
{"logTime": "0831/214711", "correlationVector":"3azUxMEqaAzf7hZ5FGmmWa.20","action":"Commit.Passwords", "result":"Conflict", "context":{"id":"ac412f13-51e7-4d5d-a936-708ac7e2ea70", "isDeleted":"false", "size":"691", "version":"1774308309543"}}
{"logTime": "0831/214711", "correlationVector":"3azUxMEqaAzf7hZ5FGmmWa.21","action":"Commit.Passwords", "result":"Conflict", "context":{"id":"a4fdd9cd-622d-4423-89ea-c0c700235cad", "isDeleted":"false", "size":"653", "version":"1774308301698"}}
{"logTime": "0831/214711", "correlationVector":"3azUxMEqaAzf7hZ5FGmmWa.22","action":"Commit.Passwords", "result":"Conflict", "context":{"id":"cda00d0c-fa01-4869-ba9e-4fab4033d016", "isDeleted":"false", "size":"802", "version":"1774308304420"}}
{"logTime": "0831/214711", "correlationVector":"3azUxMEqaAzf7hZ5FGmmWa.23","action":"Commit.Passwords", "result":"Conflict", "context":{"id":"00c97c38-cbb3-45bc-a90d-1b46cba56cbb", "isDeleted":"false", "size":"664", "version":"1774308304445"}}
{"logTime": "0831/214711", "correlationVector":"3azUxMEqaAzf7hZ5FGmmWa.24","action":"Commit.Passwords", "result":"Conflict", "context":{"id":"359a1689-6456-4cdf-a692-472b6054a2c1", "isDeleted":"false", "size":"757", "version":"1774308307017"}}
{"logTime": "0831/214711", "correlationVector":"3azUxMEqaAzf7hZ5FGmmWa.25","action":"Commit.Passwords", "result":"Conflict", "context":{"id":"3496b5e5-f478-4069-b090-03cf64e290a7", "isDeleted":"false", "size":"636", "version":"1774308307010"}}
{"logTime": "0831/214711", "correlationVector":"3azUxMEqaAzf7hZ5FGmmWa.26","action":"Commit.Passwords", "result":"Conflict", "context":{"id":"ae7a4449-0b3a-40a4-9015-396d58c15876", "isDeleted":"false", "size":"758", "version":"1774308298620"}}
{"logTime": "0831/214711", "correlationVector":"3azUxMEqaAzf7hZ5FGmmWa.27","action":"Commit.Passwords", "result":"Conflict", "context":{"id":"6c5aec57-8e88-44ea-b5d5-70abbd4fbf3f", "isDeleted":"false", "size":"713", "version":"1774308301693"}}
{"logTime": "0831/214711", "correlationVector":"3azUxMEqaAzf7hZ5FGmmWa.28","action":"Commit.Passwords", "result":"Conflict", "context":{"id":"baf113a7-df9e-4219-a49b-e0f5ef09bf2f", "isDeleted":"false", "size":"813", "version":"1774308309530"}}
{"logTime": "0831/214711", "correlationVector":"3azUxMEqaAzf7hZ5FGmmWa.29","action":"Commit.Passwords", "result":"Conflict", "context":{"id":"f884ab7d-fad5-4741-91f2-d8602063bfd1", "isDeleted":"false", "size":"847", "version":"1774308298586"}}
{"logTime": "0831/214711", "correlationVector":"3azUxMEqaAzf7hZ5FGmmWa.30","action":"Commit.Passwords", "result":"Conflict", "context":{"id":"a9da0fd2-da08-432e-9f6d-26ad66ba954d", "isDeleted":"false", "size":"829", "version":"1774308301723"}}
{"logTime": "0831/214711", "correlationVector":"3azUxMEqaAzf7hZ5FGmmWa.31","action":"Commit.Passwords", "result":"Conflict", "context":{"id":"733dd5ac-7f73-44db-9ad0-881168770b46", "isDeleted":"false", "size":"712", "version":"1774308309539"}}
{"logTime": "0831/214711", "correlationVector":"3azUxMEqaAzf7hZ5FGmmWa.32","action":"Commit.Passwords", "result":"Conflict", "context":{"id":"ad5fb141-5313-4699-92e7-fcf8fae3621a", "isDeleted":"false", "size":"686", "version":"1774308309558"}}
{"logTime": "0831/214711", "correlationVector":"3azUxMEqaAzf7hZ5FGmmWa.33","action":"Commit.Passwords", "result":"Conflict", "context":{"id":"742e8f26-fd4b-40e4-ae3f-f7482f529e01", "isDeleted":"false", "size":"844", "version":"1774308298622"}}
{"logTime": "0831/214711", "correlationVector":"3azUxMEqaAzf7hZ5FGmmWa.34","action":"Commit.Passwords", "result":"Conflict", "context":{"id":"106a6d84-30a5-43da-b58c-cacfa6f8f800", "isDeleted":"false", "size":"667", "version":"1774308301702"}}
{"logTime": "0831/214711", "correlationVector":"3azUxMEqaAzf7hZ5FGmmWa.35","action":"Commit.Passwords", "result":"Conflict", "context":{"id":"7c02b2aa-6865-4a29-8843-9353b4cbaa68", "isDeleted":"false", "size":"691", "version":"1774308309534"}}
{"logTime": "0831/214711", "correlationVector":"3azUxMEqaAzf7hZ5FGmmWa.36","action":"Commit.Passwords", "result":"Conflict", "context":{"id":"ef646d0a-90aa-4779-8c01-c142173fde17", "isDeleted":"false", "size":"670", "version":"1774308309546"}}
{"logTime": "0831/214711", "correlationVector":"3azUxMEqaAzf7hZ5FGmmWa.37","action":"Commit.Passwords", "result":"Conflict", "context":{"id":"01530606-df96-4795-a163-b6017d684f90", "isDeleted":"false", "size":"713", "version":"1774308309553"}}
{"logTime": "0831/214711", "correlationVector":"3azUxMEqaAzf7hZ5FGmmWa.38","action":"Commit.Passwords", "result":"Conflict", "context":{"id":"6731985a-1310-4b20-b0e8-3a958c4099b8", "isDeleted":"false", "size":"665", "version":"1774308301697"}}
{"logTime": "0831/214711", "correlationVector":"3azUxMEqaAzf7hZ5FGmmWa.39","action":"Commit.Passwords", "result":"Conflict", "context":{"id":"76d9d45a-c5e1-4258-893e-4b0d67b96e6b", "isDeleted":"false", "size":"745", "version":"1774308306999"}}
{"logTime": "0831/214711", "correlationVector":"3azUxMEqaAzf7hZ5FGmmWa.40","action":"Commit.Passwords", "result":"Conflict", "context":{"id":"e9cc8dea-f919-41dc-8178-d29ea05a8a01", "isDeleted":"false", "size":"672", "version":"1774308309533"}}
{"logTime": "0831/214711", "correlationVector":"3azUxMEqaAzf7hZ5FGmmWa.41","action":"Commit.Passwords", "result":"Conflict", "context":{"id":"f8f78def-5eb0-4c7a-91b6-7e8cd7bd2b56", "isDeleted":"false", "size":"693", "version":"1774308307001"}}
{"logTime": "0831/214711", "correlationVector":"3azUxMEqaAzf7hZ5FGmmWa.42","action":"Commit.Passwords", "result":"Conflict", "context":{"id":"faf6491f-bf8c-457a-9afd-f2369bb98ff8", "isDeleted":"false", "size":"688", "version":"1774308309552"}}
{"logTime": "0831/214712", "correlationVector":"GeklrG3/tOd1SnOmRX5IQM","action":"Normal GetUpdate request", "result":"", "context":cV=GeklrG3/tOd1SnOmRX5IQM
Nudged types: Passwords, Sessions, History}
{"logTime": "0831/214713", "correlationVector":"GeklrG3/tOd1SnOmRX5IQM.1","action":"SyncServerConnectionManagerRequest", "result":"SYNC_SERVER_OK", "context":{"environment":"Prod_eastus2_prod-s01-050-nam-eastus2", "migrationStage":"NotStarted", "server":"akswtt1160000a0"}}
{"logTime": "0831/214713", "correlationVector":"GeklrG3/tOd1SnOmRX5IQM.2","action":"ProcessGetUpdates", "result":"Done", "context":{"dataType":"Passwords", "deleted":"0", "process_failed_to_decrypt":"0", "process_pending_decryption":"0", "process_success":"28", "total":"28"}}
{"logTime": "0831/214713", "correlationVector":"GeklrG3/tOd1SnOmRX5IQM.3","action":"GetUpdates Response", "result":"Success", "context":Received 28 update(s). cV=GeklrG3/tOd1SnOmRX5IQM.0;server=akswtt1160000a0;cloudType=Consumer;environment=Prod_eastus2_prod-s01-050-nam-eastus2;migrationStage=NotStarted}
{"logTime": "0831/214713", "correlationVector":"4Y5xebbQcgnXI24Pk6vRVo","action":"Commit Request", "result":"", "context":Item count: 40
Contributing types: Passwords}
{"logTime": "0831/214715", "correlationVector":"4Y5xebbQcgnXI24Pk6vRVo.1","action":"SyncServerConnectionManagerRequest", "result":"SYNC_SERVER_OK", "context":{"environment":"Prod_eastus2_prod-s01-050-nam-eastus2", "migrationStage":"NotStarted", "server":"akswtt11600000i"}}
{"logTime": "0831/214715", "correlationVector":"4Y5xebbQcgnXI24Pk6vRVo.3","action":"Commit.Passwords", "result":"Conflict", "context":{"id":"1c11b266-1d01-49ce-a255-8bb87a36dc9a", "isDeleted":"false", "size":"669", "version":"1774308301720"}}
{"logTime": "0831/214715", "correlationVector":"4Y5xebbQcgnXI24Pk6vRVo.4","action":"Commit.Passwords", "result":"Conflict", "context":{"id":"68b206cb-1725-40e7-a04b-4cb6b09e4180", "isDeleted":"false", "size":"713", "version":"1774308301726"}}
{"logTime": "0831/214715", "correlationVector":"4Y5xebbQcgnXI24Pk6vRVo.5","action":"Commit.Passwords", "result":"Conflict", "context":{"id":"d18823fb-c55e-4cac-b28e-f46b05465b0d", "isDeleted":"false", "size":"643", "version":"1774308298596"}}
{"logTime": "0831/214715", "correlationVector":"4Y5xebbQcgnXI24Pk6vRVo.6","action":"Commit.Passwords", "result":"Conflict", "context":{"id":"e0faf69d-bcbf-4cee-a23f-45eaaf92d09f", "isDeleted":"false", "size":"712", "version":"1774308304434"}}
{"logTime": "0831/214715", "correlationVector":"4Y5xebbQcgnXI24Pk6vRVo.7","action":"Commit.Passwords", "result":"Conflict", "context":{"id":"5ab2f725-e773-4c1f-aa6f-9075378c4778", "isDeleted":"false", "size":"695", "version":"1774308309536"}}
{"logTime": "0831/214715", "correlationVector":"4Y5xebbQcgnXI24Pk6vRVo.8","action":"Commit.Passwords", "result":"Conflict", "context":{"id":"ac412f13-51e7-4d5d-a936-708ac7e2ea70", "isDeleted":"false", "size":"691", "version":"1774308309543"}}
{"logTime": "0831/214715", "correlationVector":"4Y5xebbQcgnXI24Pk6vRVo.9","action":"Commit.Passwords", "result":"Conflict", "context":{"id":"a4fdd9cd-622d-4423-89ea-c0c700235cad", "isDeleted":"false", "size":"653", "version":"1774308301698"}}
{"logTime": "0831/214715", "correlationVector":"4Y5xebbQcgnXI24Pk6vRVo.10","action":"Commit.Passwords", "result":"Conflict", "context":{"id":"cda00d0c-fa01-4869-ba9e-4fab4033d016", "isDeleted":"false", "size":"802", "version":"1774308304420"}}
{"logTime": "0831/214715", "correlationVector":"4Y5xebbQcgnXI24Pk6vRVo.11","action":"Commit.Passwords", "result":"Conflict", "context":{"id":"00c97c38-cbb3-45bc-a90d-1b46cba56cbb", "isDeleted":"false", "size":"664", "version":"1774308304445"}}
{"logTime": "0831/214715", "correlationVector":"4Y5xebbQcgnXI24Pk6vRVo.12","action":"Commit.Passwords", "result":"Conflict", "context":{"id":"359a1689-6456-4cdf-a692-472b6054a2c1", "isDeleted":"false", "size":"757", "version":"1774308307017"}}
{"logTime": "0831/214715", "correlationVector":"4Y5xebbQcgnXI24Pk6vRVo.13","action":"Commit.Passwords", "result":"Conflict", "context":{"id":"3496b5e5-f478-4069-b090-03cf64e290a7", "isDeleted":"false", "size":"636", "version":"1774308307010"}}
{"logTime": "0831/214715", "correlationVector":"4Y5xebbQcgnXI24Pk6vRVo.14","action":"Commit.Passwords", "result":"Conflict", "context":{"id":"ae7a4449-0b3a-40a4-9015-396d58c15876", "isDeleted":"false", "size":"758", "version":"1774308298620"}}
{"logTime": "0831/214715", "correlationVector":"4Y5xebbQcgnXI24Pk6vRVo.15","action":"Commit.Passwords", "result":"Conflict", "context":{"id":"6c5aec57-8e88-44ea-b5d5-70abbd4fbf3f", "isDeleted":"false", "size":"713", "version":"1774308301693"}}
{"logTime": "0831/214715", "correlationVector":"4Y5xebbQcgnXI24Pk6vRVo.16","action":"Commit.Passwords", "result":"Conflict", "context":{"id":"baf113a7-df9e-4219-a49b-e0f5ef09bf2f", "isDeleted":"false", "size":"813", "version":"1774308309530"}}
{"logTime": "0831/214715", "correlationVector":"4Y5xebbQcgnXI24Pk6vRVo.17","action":"Commit.Passwords", "result":"Conflict", "context":{"id":"f884ab7d-fad5-4741-91f2-d8602063bfd1", "isDeleted":"false", "size":"847", "version":"1774308298586"}}
{"logTime": "0831/214715", "correlationVector":"4Y5xebbQcgnXI24Pk6vRVo.18","action":"Commit.Passwords", "result":"Conflict", "context":{"id":"a9da0fd2-da08-432e-9f6d-26ad66ba954d", "isDeleted":"false", "size":"829", "version":"1774308301723"}}
{"logTime": "0831/214715", "correlationVector":"4Y5xebbQcgnXI24Pk6vRVo.19","action":"Commit.Passwords", "result":"Conflict", "context":{"id":"733dd5ac-7f73-44db-9ad0-881168770b46", "isDeleted":"false", "size":"712", "version":"1774308309539"}}
{"logTime": "0831/214715", "correlationVector":"4Y5xebbQcgnXI24Pk6vRVo.20","action":"Commit.Passwords", "result":"Conflict", "context":{"id":"ad5fb141-5313-4699-92e7-fcf8fae3621a", "isDeleted":"false", "size":"686", "version":"1774308309558"}}
{"logTime": "0831/214715", "correlationVector":"4Y5xebbQcgnXI24Pk6vRVo.21","action":"Commit.Passwords", "result":"Conflict", "context":{"id":"742e8f26-fd4b-40e4-ae3f-f7482f529e01", "isDeleted":"false", "size":"844", "version":"1774308298622"}}
{"logTime": "0831/214715", "correlationVector":"4Y5xebbQcgnXI24Pk6vRVo.22","action":"Commit.Passwords", "result":"Conflict", "context":{"id":"106a6d84-30a5-43da-b58c-cacfa6f8f800", "isDeleted":"false", "size":"667", "version":"1774308301702"}}
{"logTime": "0831/214715", "correlationVector":"4Y5xebbQcgnXI24Pk6vRVo.23","action":"Commit.Passwords", "result":"Conflict", "context":{"id":"7c02b2aa-6865-4a29-8843-9353b4cbaa68", "isDeleted":"false", "size":"691", "version":"1774308309534"}}
{"logTime": "0831/214715", "correlationVector":"4Y5xebbQcgnXI24Pk6vRVo.24","action":"Commit.Passwords", "result":"Conflict", "context":{"id":"ef646d0a-90aa-4779-8c01-c142173fde17", "isDeleted":"false", "size":"670", "version":"1774308309546"}}
{"logTime": "0831/214715", "correlationVector":"4Y5xebbQcgnXI24Pk6vRVo.25","action":"Commit.Passwords", "result":"Conflict", "context":{"id":"01530606-df96-4795-a163-b6017d684f90", "isDeleted":"false", "size":"713", "version":"1774308309553"}}
{"logTime": "0831/214715", "correlationVector":"4Y5xebbQcgnXI24Pk6vRVo.26","action":"Commit.Passwords", "result":"Conflict", "context":{"id":"6731985a-1310-4b20-b0e8-3a958c4099b8", "isDeleted":"false", "size":"665", "version":"1774308301697"}}
{"logTime": "0831/214715", "correlationVector":"4Y5xebbQcgnXI24Pk6vRVo.27","action":"Commit.Passwords", "result":"Conflict", "context":{"id":"76d9d45a-c5e1-4258-893e-4b0d67b96e6b", "isDeleted":"false", "size":"745", "version":"1774308306999"}}
{"logTime": "0831/214715", "correlationVector":"4Y5xebbQcgnXI24Pk6vRVo.28","action":"Commit.Passwords", "result":"Conflict", "context":{"id":"e9cc8dea-f919-41dc-8178-d29ea05a8a01", "isDeleted":"false", "size":"672", "version":"1774308309533"}}
{"logTime": "0831/214715", "correlationVector":"4Y5xebbQcgnXI24Pk6vRVo.29","action":"Commit.Passwords", "result":"Conflict", "context":{"id":"faf6491f-bf8c-457a-9afd-f2369bb98ff8", "isDeleted":"false", "size":"688", "version":"1774308309552"}}
{"logTime": "0831/214715", "correlationVector":"4Y5xebbQcgnXI24Pk6vRVo.30","action":"Commit.Passwords", "result":"Conflict", "context":{"id":"818c1cff-5169-40c9-a3b8-37a34e0ecf60", "isDeleted":"false", "size":"638", "version":"1774308309561"}}
{"logTime": "0831/214715", "correlationVector":"4Y5xebbQcgnXI24Pk6vRVo.31","action":"Commit.Passwords", "result":"Conflict", "context":{"id":"ed97c6fc-fe3d-46c9-a2b4-f66f36548686", "isDeleted":"false", "size":"669", "version":"1774308301704"}}
{"logTime": "0831/214715", "correlationVector":"4Y5xebbQcgnXI24Pk6vRVo.32","action":"Commit.Passwords", "result":"Conflict", "context":{"id":"55e2171f-7da1-4c67-91e9-195a5e185b3e", "isDeleted":"false", "size":"693", "version":"1774308298621"}}
{"logTime": "0831/214715", "correlationVector":"4Y5xebbQcgnXI24Pk6vRVo.33","action":"Commit.Passwords", "result":"Conflict", "context":{"id":"3b6a0411-9b8a-4992-89c4-310b70d47a49", "isDeleted":"false", "size":"708", "version":"1774308304408"}}
{"logTime": "0831/214715", "correlationVector":"4Y5xebbQcgnXI24Pk6vRVo.34","action":"Commit.Passwords", "result":"Conflict", "context":{"id":"5f4a8732-1cf9-4873-9671-7c73dd80c818", "isDeleted":"false", "size":"666", "version":"1774308304416"}}
{"logTime": "0831/214715", "correlationVector":"4Y5xebbQcgnXI24Pk6vRVo.35","action":"Commit.Passwords", "result":"Conflict", "context":{"id":"877a39f8-b7d9-4231-8698-2c2610bfd9fe", "isDeleted":"false", "size":"739", "version":"1774308307020"}}
{"logTime": "0831/214715", "correlationVector":"4Y5xebbQcgnXI24Pk6vRVo.36","action":"Commit.Passwords", "result":"Conflict", "context":{"id":"2aaea4ac-ebf0-448a-a6bb-c3f5b107bd1b", "isDeleted":"false", "size":"689", "version":"1774308307032"}}
{"logTime": "0831/214715", "correlationVector":"4Y5xebbQcgnXI24Pk6vRVo.37","action":"Commit.Passwords", "result":"Conflict", "context":{"id":"e883df07-07ff-4cb6-b9f4-444ddbfa7e18", "isDeleted":"false", "size":"643", "version":"1774308309540"}}
{"logTime": "0831/214715", "correlationVector":"4Y5xebbQcgnXI24Pk6vRVo.38","action":"Commit.Passwords", "result":"Conflict", "context":{"id":"4e2f734b-dd57-449d-8207-af45a5a29320", "isDeleted":"false", "size":"674", "version":"1774308307002"}}
{"logTime": "0831/214715", "correlationVector":"4Y5xebbQcgnXI24Pk6vRVo.39","action":"Commit.Passwords", "result":"Conflict", "context":{"id":"ecab77a8-7b5a-44a9-aea1-789a57c8a778", "isDeleted":"false", "size":"638", "version":"1774308301725"}}
{"logTime": "0831/214715", "correlationVector":"4Y5xebbQcgnXI24Pk6vRVo.40","action":"Commit.Passwords", "result":"Conflict", "context":{"id":"e46f29a3-9211-424e-9947-571664d5bca1", "isDeleted":"false", "size":"829", "version":"1774308301721"}}
{"logTime": "0831/214715", "correlationVector":"4Y5xebbQcgnXI24Pk6vRVo.41","action":"Commit.Passwords", "result":"Conflict", "context":{"id":"5c705f52-74d9-422e-b8ca-8b3cbba87128", "isDeleted":"false", "size":"672", "version":"1774308309551"}}
{"logTime": "0831/214715", "correlationVector":"4Y5xebbQcgnXI24Pk6vRVo.42","action":"Commit.Passwords", "result":"Conflict", "context":{"id":"0e5e2823-d88e-4d14-9b3c-797a99fc7192", "isDeleted":"false", "size":"689", "version":"1774308298616"}}
{"logTime": "0831/214715", "correlationVector":"4Y5xebbQcgnXI24Pk6vRVo.2","action":"Commit Response", "result":"Success", "context":Result: Success. cV=4Y5xebbQcgnXI24Pk6vRVo.0;server=akswtt11600000i;cloudType=Consumer;environment=Prod_eastus2_prod-s01-050-nam-eastus2;migrationStage=NotStarted}
{"logTime": "0831/214716", "correlationVector":"dxKF6pU7/KIPhGrR+cZxhp","action":"Commit Request", "result":"", "context":Item count: 13
Contributing types: Sessions, History}
{"logTime": "0831/214718", "correlationVector":"dxKF6pU7/KIPhGrR+cZxhp.1","action":"SyncServerConnectionManagerRequest", "result":"SYNC_SERVER_OK", "context":{"environment":"Prod_eastus2_prod-s01-050-nam-eastus2", "migrationStage":"NotStarted", "server":"akswtt116000015"}}
{"logTime": "0831/214718", "correlationVector":"dxKF6pU7/KIPhGrR+cZxhp.2","action":"Commit Response", "result":"Success", "context":Result: Success. cV=dxKF6pU7/KIPhGrR+cZxhp.0;server=akswtt116000015;cloudType=Consumer;environment=Prod_eastus2_prod-s01-050-nam-eastus2;migrationStage=NotStarted}
{"logTime": "0831/214722", "correlationVector":"X0R9+3L3y+No3dgEiDkgED","action":"Commit Request", "result":"", "context":Item count: 1
Contributing types: Edge Hub App Usage}
{"logTime": "0831/214723", "correlationVector":"X0R9+3L3y+No3dgEiDkgED.1","action":"SyncServerConnectionManagerRequest", "result":"SYNC_SERVER_OK", "context":{"environment":"Prod_eastus2_prod-s01-050-nam-eastus2", "migrationStage":"NotStarted", "server":"akswtt11600000z"}}
{"logTime": "0831/214723", "correlationVector":"X0R9+3L3y+No3dgEiDkgED.2","action":"Commit Response", "result":"Success", "context":Result: Success. cV=X0R9+3L3y+No3dgEiDkgED.0;server=akswtt11600000z;cloudType=Consumer;environment=Prod_eastus2_prod-s01-050-nam-eastus2;migrationStage=NotStarted}
